05-25 12:36:52.308  2124  2124 I sensors-hal: inject_sensor_data:315, write vib_onoff: 1
05-25 12:36:52.309  2222  2222 I SSC_DAEMON: handleSensorTestReqMsg:88, Sensor type :0, Msg type:3
05-25 12:36:52.309  2727  2727 D AudioPlayerStateMonitor: Found a new active media playback. AudioPlaybackConfiguration piid:122191 deviceIds:[] type:android.media.MediaPlayer u/pid:10048/4602 state:started attr:AudioAttributes: usage=USAGE_NOTIFICATION content=CONTENT_TYPE_SONIFICATION flags=0x800 tags= bundle=null sessionId:186625 mutedState:none  FormatInfo{isSpatialized=false, channelMask=0x0, sampleRate=0}
05-25 12:36:52.309  2727  2727 D MediaSessionService: Audio playback is changed, config=AudioPlaybackConfiguration piid:122191 deviceIds:[] type:android.media.MediaPlayer u/pid:10048/4602 state:started attr:AudioAttributes: usage=USAGE_NOTIFICATION content=CONTENT_TYPE_SONIFICATION flags=0x800 tags= bundle=null sessionId:186625 mutedState:none  FormatInfo{isSpatialized=false, channelMask=0x0, sampleRate=0}, removed=false
05-25 12:36:52.309  2727  2727 D MediaSessionStack: updateMediaButtonSessionIfNeeded, callers=com.android.server.media.AudioPlayerStateMonitor$MessageHandler.handleMessage:19 android.os.Handler.dispatchMessage:110 
05-25 12:36:52.309  2727  2727 D MediaSessionStack: updateMediaButtonSessionIfNeeded, skipping uid=10048
05-25 12:36:52.309  2727  2727 D MediaSessionStack: updateMediaButtonSessionIfNeeded, skipping uid=10716
05-25 12:36:52.309  2727  2727 D MediaSessionStack: updateMediaButtonSessionIfNeeded, skipping uid=1000
05-25 12:36:52.309  2727  2727 D MediaSessionStack: updateMediaButtonSessionIfNeeded, skipping uid=10714
05-25 12:36:52.309  2727  2727 D MediaSessionStack: updateMediaButtonSessionIfNeeded, skipping uid=10713
05-25 12:36:52.309  2727  2727 D MediaSessionStack: updateMediaButtonSessionIfNeeded, skipping uid=10478
05-25 12:36:52.309  2727  4362 D MediaRouterService: onAudioPlayerActiveStateChanged: uid=10048, active=true, restoreUid=10048
05-25 12:36:52.309  2841  3062 V MediaPlayerService: [12526] enableAudioDeviceCallback, 1
05-25 12:36:52.309  2841  3062 V AudioSink: enableAudioDeviceCallback, 1
05-25 12:36:52.309  4602  4602 D MediaRouter: onRestoreRoute() : route=RouteInfo{ name=Carnival, description=블루투스 오디오, status=null, category=RouteCategory{ name=시스템 types=ROUTE_TYPE_LIVE_AUDIO ROUTE_TYPE_LIVE_VIDEO  groupable=false }, supportedTypes=ROUTE_TYPE_LIVE_AUDIO , presentationDisplay=null }
05-25 12:36:52.309  4602 29755 V MediaPlayer-JNI: start
05-25 12:36:52.310  4602 29755 V MediaPlayerNative: start
05-25 12:36:52.310  4602  4602 V MediaRouter: Selecting route: RouteInfo{ name=Carnival, description=블루투스 오디오, status=null, category=RouteCategory{ name=시스템 types=ROUTE_TYPE_LIVE_AUDIO ROUTE_TYPE_LIVE_VIDEO  groupable=false }, supportedTypes=ROUTE_TYPE_LIVE_AUDIO , presentationDisplay=null }
05-25 12:36:52.310  2841  3062 V MediaPlayerService: [12526] setLooping(0)
05-25 12:36:52.310  2841  3062 V MediaPlayerService: [12526] setVolume(1.000000, 1.000000)
05-25 12:36:52.310  2841  3062 V AudioSink: setVolume(1.000000, 1.000000)
05-25 12:36:52.310  2727  2727 D MediaSessionStack: updateMediaButtonSessionIfNeeded, checking uid=10296, mediaButtonSession=com.google.android.youtube/YouTube playerlib/338 (userId=0), ignoreButtonSession=false
05-25 12:36:52.310  2841  3062 V MediaPlayerService: [12526] setAuxEffectSendLevel(0.000000)
05-25 12:36:52.310  2841  3062 V AudioSink: setAuxEffectSendLevel(0.000000)
05-25 12:36:52.310  2841  2841 V MediaPlayerService: [12526] start
05-25 12:36:52.310  2841  2841 V MediaPlayerService: getClientDuration
05-25 12:36:52.310  2841  2841 V MediaPlayerService: getDuration
05-25 12:36:52.310  2841  2841 V MediaPlayerService: [12526] getDuration = 695
05-25 12:36:52.310  2841  2841 V NuPlayerDriver: start(0xb4000072784f08c0), state is 4, eos is 0
05-25 12:36:52.310  4602 29755 D RingtonePlayer: player.start piid:122191
05-25 12:36:52.310  4602 29755 V MediaPlayerNative: invoke 76
05-25 12:36:52.310  2841 29757 V NuPlayer: kWhatStart
05-25 12:36:52.310  4602  5424 D SoundCraft.PlayingAudioConditionHandler: onPlaybackConfigChanged : lastStartedPackageName=null, lastStartedUid=-1, newStartedUid=-1, newStartPackageName=null, thread=Thread[RoutineHandlerThread,5,main]
05-25 12:36:52.310  2841 29757 V NuPlayer: onStart: mCrypto: 0x0 (0)
05-25 12:36:52.310  2841 29757 I GenericSource: start
05-25 12:36:52.310  2841  3062 V NuPlayer: getTrackInfo
05-25 12:36:52.310  2841 29757 V NuPlayer: checkOffloadExceptions is true, call canOffloadStream
05-25 12:36:52.310  2222  4237 I SSC_DAEMON: accelMotorStateEvent:102, main: 1, 1
05-25 12:36:52.310  2231  5348 V APM_AudioPolicyManager: getOffloadSupport: SR=22050, CM=0x3, Format=0x1000000, StreamType=5, BitRate=64000, duration=695125 us, has_video=0
05-25 12:36:52.310  2231  5348 V APM_AudioPolicyManager: isOffloadPossible: stream_type != MUSIC, returning false
05-25 12:36:52.310  2841 29757 I MediaClock: setPlaybackRate rate : 1.000000
05-25 12:36:52.310  2836 27234 E MP3Extractor: Unable to resync. Signalling end of stream.
05-25 12:36:52.310  2841 29758 I GenericSource: readBuffer(Audio) mode = 0, EOS
05-25 12:36:52.310  2841 29772 I NuPlayerRenderer: onConfigPlayback
05-25 12:36:52.310  2841 29772 I MediaClock: setPlaybackRate rate : 1.000000
05-25 12:36:52.310  2841 29772 I MediaClock: setSpeedAjust mSASpeed (0), mMinClockModificationTimeUs (80000)
05-25 12:36:52.311  2841 29757 I NuPlayerRenderer: setDuration (695125)
05-25 12:36:52.311  2841 29772 I NuPlayerRenderer: kWhatSetRefRate - refRate(1.000000)
05-25 12:36:52.311  2841 29757 V NuPlayer: startPlaybackTimer() time      925136249750053 (onstart)
05-25 12:36:52.311  2841 29757 V NuPlayer: scanning sources haveAudio=0, haveVideo=0
05-25 12:36:52.311  2841 29757 V NuPlayer: checkOffloadExceptions is true, call canOffloadStream
05-25 12:36:52.311  2222  4237 I SSC_DAEMON: ledCoverEventMotorEvent:24, motor: 1
05-25 12:36:52.311  2231  5348 V APM_AudioPolicyManager: getOffloadSupport: SR=22050, CM=0x3, Format=0x1000000, StreamType=5, BitRate=64000, duration=695125 us, has_video=0
05-25 12:36:52.311  2231  5348 V APM_AudioPolicyManager: isOffloadPossible: stream_type != MUSIC, returning false
05-25 12:36:52.311  2841 29757 V NuPlayer: make Decoder (audio)
05-25 12:36:52.311  2841 29757 V NuPlayer: instantiateDecoder audio Decoder
05-25 12:36:52.311  2841 29774 I CCodec  : state->set(ALLOCATING)
05-25 12:36:52.311  2841 29774 I CCodec  : allocate(c2.sec.mp3.decoder.mpeg)
05-25 12:36:52.311  2841 29774 D CCodec  : allocate(c2.sec.mp3.decoder.mpeg)
05-25 12:36:52.312  2841 29774 I CCodec  : setting up 'default' as default (vendor) store
05-25 12:36:52.313  2139 17964 I C2SecMp3Dec: in CreateCodec2Factory
05-25 12:36:52.313  2139 17964 I SEC_componentStore: GetCodec2SecComponentStore+++++++++++++
05-25 12:36:52.313  2139 17964 I SEC_componentStore: GetCodec2SecComponentStore--------------default
05-25 12:36:52.314  2727  8169 D SurfaceComposerClient: setCornerRadius ## 9ac0ee8 com.forgeapps.tickday/com.forgeapps.tickday.MainActivity#232721 cornerRadius=0.000000
05-25 12:36:52.314  2727  8169 D SurfaceComposerClient: setCornerRadius ## 9ac0ee8 com.forgeapps.tickday/com.forgeapps.tickday.MainActivity#232721 cornerRadius=0.000000
05-25 12:36:52.314  2841 29550 D AidlBufferPool: bufferpool2 0xb4000072784f7388 : 0(0 size) total buffers - 0(0 size) used buffers - 23/31 (recycle/alloc) - 8/52 (fetch/transfer)
05-25 12:36:52.315  2841 29550 D AidlBufferPool: Destruction - bufferpool2 0xb4000072784f7388 cached: 0/0M, 0/0% in use; allocs: 31, 74% recycled; transfers: 52, 85% unfetched
05-25 12:36:52.316  2841 29774 W mediaserver: AIBinder_linkToDeath is being called with a non-null cookie and no onUnlink callback set. This might not be intended. AIBinder_DeathRecipient_setOnUnlinked should be called first.
05-25 12:36:52.316  2841 29774 I CCodec  : Created component [c2.sec.mp3.decoder] for [c2.sec.mp3.decoder.mpeg]
05-25 12:36:52.316  2841 29774 I CCodec  : [c2.sec.mp3.decoder] state->set(ALLOCATED)
05-25 12:36:52.316  2841 29774 D CCodecConfig: read media type: audio/mpeg
05-25 12:36:52.318  2841 29774 D ReflectedParamUpdater: extent() != 1 for single value type: algo.buffers.max-count.values
05-25 12:36:52.318  2841 29774 D ReflectedParamUpdater: extent() != 1 for single value type: output.subscribed-indices.values
05-25 12:36:52.318  2841 29774 D ReflectedParamUpdater: extent() != 1 for single value type: input.buffers.allocator-ids.values
05-25 12:36:52.318  2841 29774 D ReflectedParamUpdater: extent() != 1 for single value type: output.buffers.allocator-ids.values
05-25 12:36:52.318  2841 29774 D ReflectedParamUpdater: extent() != 1 for single value type: algo.buffers.allocator-ids.values
05-25 12:36:52.318  2841 29774 D ReflectedParamUpdater: extent() != 1 for single value type: output.buffers.pool-ids.values
05-25 12:36:52.318  2841 29774 D ReflectedParamUpdater: extent() != 1 for single value type: algo.buffers.pool-ids.values
05-25 12:36:52.319  2841 29774 I CCodec  : [c2.sec.mp3.decoder] config->initialize() : 0
05-25 12:36:52.319  2841 29774 I CCodecConfig: query failed after returning 8 values (BAD_INDEX)
05-25 12:36:52.319  2841 29774 D CCodecConfig: c2 config diff is Dict {
05-25 12:36:52.319  2841 29774 D CCodecConfig:   c2::u32 coded.bitrate.value = 64000
05-25 12:36:52.319  2841 29774 D CCodecConfig:   c2::u32 input.buffers.max-size.value = 8192
05-25 12:36:52.319  2841 29774 D CCodecConfig:   c2::u32 input.delay.value = 0
05-25 12:36:52.319  2841 29774 D CCodecConfig:   string input.media-type.value = "audio/mpeg"
05-25 12:36:52.319  2841 29774 D CCodecConfig:   c2::u32 output.large-frame.max-size = 0
05-25 12:36:52.319  2841 29774 D CCodecConfig:   c2::u32 output.large-frame.threshold-size = 0
05-25 12:36:52.319  2841 29774 D CCodecConfig:   string output.media-type.value = "audio/raw"
05-25 12:36:52.319  2841 29774 D CCodecConfig:   c2::u32 raw.channel-count.value = 2
05-25 12:36:52.319  2841 29774 D CCodecConfig:   c2::u32 raw.sample-rate.value = 44100
05-25 12:36:52.319  2841 29774 D CCodecConfig: }
05-25 12:36:52.319  2841 29774 I CCodec  : [c2.sec.mp3.decoder] config->queryConfiguration()
05-25 12:36:52.319  2841 29774 I CCodec  : [c2.sec.mp3.decoder] mCallback->onComponentAllocated() IN
05-25 12:36:52.319  2841 29774 I CCodec  : [c2.sec.mp3.decoder] mCallback->onComponentAllocated() OUT
05-25 12:36:52.320  2841 29773 W ServiceManagerCppClient: Failed to get isDeclared for media_quality: Status(-1, EX_SECURITY): 'SELinux denied for service.'
05-25 12:36:52.320  2841 29773 E MediaCodec: Media Quality Service not found.
05-25 12:36:52.320  2841 29774 D CCodec  : [c2.sec.mp3.decoder] buffers are bound to CCodec for this session
05-25 12:36:52.320  2841 29774 I CCodec  : appPid(4602) width(0) height(0)
05-25 12:36:52.320  2841 29774 D CCodecConfig: no c2 equivalents for durationUs
05-25 12:36:52.320  2841 29774 D CCodecConfig: no c2 equivalents for bits-per-sample
05-25 12:36:52.320  2841 29774 D CCodecConfig: no c2 equivalents for app-pid
05-25 12:36:52.320  2841 29774 D CCodecConfig: no c2 equivalents for flags
05-25 12:36:52.320  2841 29774 D CCodecConfig: c2 config diff is   c2::u32 raw.sample-rate.value = 22050
05-25 12:36:52.320  2154 11894 I DMABUFHEAPS: Using DMA-BUF heap named: qcom,system
05-25 12:36:52.320  2154 11894 I DMABUFHEAPS: Using DMA-BUF heap named: qcom,system
05-25 12:36:52.320  2154 11894 I DMABUFHEAPS: Using DMA-BUF heap named: qcom,system
05-25 12:36:52.320  2154 11894 I DMABUFHEAPS: Using DMA-BUF heap named: qcom,system
05-25 12:36:52.321  2841 29774 D CCodec  : encoding statistics level = 0
05-25 12:36:52.321  2841 29774 D CCodec  : setup formats input: AMessage(what = 0x00000000) = {
05-25 12:36:52.321  2841 29774 D CCodec  :   int32_t bitrate = 64000
05-25 12:36:52.321  2841 29774 D CCodec  :   int32_t channel-count = 2
05-25 12:36:52.321  2841 29774 D CCodec  :   int32_t max-input-size = 8192
05-25 12:36:52.321  2841 29774 D CCodec  :   string mime = "audio/mpeg"
05-25 12:36:52.321  2841 29774 D CCodec  :   int32_t sample-rate = 22050
05-25 12:36:52.321  2841 29774 D CCodec  : }
05-25 12:36:52.321  2841 29774 D CCodec  : setup formats output: AMessage(what = 0x00000000) = {
05-25 12:36:52.321  2841 29774 D CCodec  :   int32_t buffer-batch-max-output-size = 0
05-25 12:36:52.321  2841 29774 D CCodec  :   int32_t buffer-batch-threshold-output-size = 0
05-25 12:36:52.321  2841 29774 D CCodec  :   int32_t channel-count = 2
05-25 12:36:52.321  2841 29774 D CCodec  :   string mime = "audio/raw"
05-25 12:36:52.321  2841 29774 D CCodec  :   int32_t sample-rate = 22050
05-25 12:36:52.321  2841 29774 D CCodec  :   int32_t android._config-pcm-encoding = 2
05-25 12:36:52.321  2841 29774 D CCodec  : }
05-25 12:36:52.321  2841 29774 I CCodecConfig: query failed after returning 8 values (BAD_INDEX)
05-25 12:36:52.321  2841 29774 E mediaserver: Failed to query component interface for required system resources: 6
05-25 12:36:52.321  2727  6409 D SehCodecSolutionService: updateMediaStatisticsData: (action=1@1986621044;category=4@1986621044;label=1936945203@1986621044)
05-25 12:36:52.321  2727  6409 D CodecSolution_MediaStatisticsData: MediaStatisticsData: action=1@1986621044;category=4@1986621044;label=1936945203@1986621044
05-25 12:36:52.321  2727  6409 D CodecSolution_MediaStatisticsData: Category.valueOf: 4
05-25 12:36:52.321  2727  6409 D CodecSolution_MediaStatisticsData: Action.valueOf: 1
05-25 12:36:52.321  2727  6409 D CodecSolution_MediaStatisticsData: Label.valueOf: 0x73737033
05-25 12:36:52.321  2727  6409 D CodecSolution_MediaStatisticsData: category: ADEC
05-25 12:36:52.321  2727  6409 D CodecSolution_MediaStatisticsData: action: INSTANTIATE
05-25 12:36:52.321  2727  6409 D CodecSolution_MediaStatisticsData: label: SEC_SW_MP3
05-25 12:36:52.322  2727  2727 D SehCodecSolutionService: handleMessage : 900
05-25 12:36:52.322  2727  6409 D SurfaceComposerClient: setCornerRadius ## 9ac0ee8 com.forgeapps.tickday/com.forgeapps.tickday.MainActivity#232721 cornerRadius=0.000000
05-25 12:36:52.322  2727  2727 D SehCodecSolutionService: event : ADEC
05-25 12:36:52.322  2727  2727 D CodecSolution_Logging: dma : true, feature: ADEC, extra: SEC_SW_MP3, value: -1
05-25 12:36:52.322  2727  2727 D CodecSolution_Logging: insert diagmon log
05-25 12:36:52.322  2727  2727 D CodecSolution_Logging: permission granted
05-25 12:36:52.322  2841 29774 I MediaCodec: MediaCodec will operate in async mode
05-25 12:36:52.322  2727  6409 D SurfaceComposerClient: setCornerRadius ## 9ac0ee8 com.forgeapps.tickday/com.forgeapps.tickday.MainActivity#232721 cornerRadius=0.000000
05-25 12:36:52.322  2841 29773 D MediaCodec: keep callback message for reclaim
05-25 12:36:52.322  2841 29774 I CCodec  : [c2.sec.mp3.decoder] state->set(STARTING)
05-25 12:36:52.322 11831 13169 D PipelineWatcher: onInputBufferReleased: frameIndex not found (64856); ignored
05-25 12:36:52.323  2727  2727 W ContextImpl: Calling a method in the system process without a qualified user: android.app.ContextImpl.sendBroadcast:1335 vendor.samsung.frameworks.codecsolution.Logging.insertDiagmonLog:14 vendor.samsung.frameworks.codecsolution.Logging.insertLog:6 vendor.samsung.frameworks.codecsolution.Logging.insertLog:1 vendor.samsung.frameworks.codecsolution.SehCodecSolutionService$1.handleMessage:24 
05-25 12:36:52.323  2841 29774 D AidlBufferPool: bufferpool2 0xb4000072784d3f48 : 0(0 size) total buffers - 0(0 size) used buffers - 0/874 (recycle/alloc) - 874/1311 (fetch/transfer)
05-25 12:36:52.323  2841 29774 D AidlBufferPool: bufferpool2 0xb40000727850a028 : 10(83886080 size) total buffers - 10(83886080 size) used buffers - 349/368 (recycle/alloc) - 21/369 (fetch/transfer)
05-25 12:36:52.323  2841 29774 D AidlBufferPool: bufferpool2 0xb4000072784ed1a8 : 4(131072 size) total buffers - 4(131072 size) used buffers - 13/21 (recycle/alloc) - 8/34 (fetch/transfer)
05-25 12:36:52.323  2841 29774 D CCodecBufferChannel: [c2.sec.mp3.decoder#115] Created input block pool with allocatorID 16 => poolID 9234 - OK (0)
05-25 12:36:52.323  2876  6837 D AidlBufferPool: bufferpool2 0xb4000077b739b008 : 0(0 size) total buffers - 0(0 size) used buffers - 119/123 (recycle/alloc) - 4/122 (fetch/transfer)
05-25 12:36:52.323  2876  6837 D AidlBufferPool: Destruction - bufferpool2 0xb4000077b739b008 cached: 0/0M, 0/0% in use; allocs: 123, 97% recycled; transfers: 122, 97% unfetched
05-25 12:36:52.323  2876  6837 D AidlBufferPool: bufferpool2 0xb4000077b73a84c8 : 0(0 size) total buffers - 0(0 size) used buffers - 128/132 (recycle/alloc) - 4/131 (fetch/transfer)
05-25 12:36:52.323  2876  6837 D AidlBufferPool: Destruction - bufferpool2 0xb4000077b73a84c8 cached: 0/0M, 0/0% in use; allocs: 132, 97% recycled; transfers: 131, 97% unfetched
05-25 12:36:52.324  2841 29774 I CCodecBufferChannel: [c2.sec.mp3.decoder#115] Created output block pool with allocatorID 16 => poolID 10930 - OK
05-25 12:36:52.324  2841 29774 D CCodecBufferChannel: [c2.sec.mp3.decoder#115] Configured output block pool ids 10930 => OK
05-25 12:36:52.324  2139  3067 E Codec2-ComponentInterface: We have a failed config
05-25 12:36:52.324  2841 29774 I CCodec  : [c2.sec.mp3.decoder] state->set(RUNNING)
05-25 12:36:52.324  2154  6817 I QC2CompStore: Setting heap usage to system
05-25 12:36:52.324  2841 29774 I CCodecBufferChannel: [c2.sec.mp3.decoder#115] 4 initial input buffers available
05-25 12:36:52.324  2139 29775 D SimpleC2Component: Using output block pool with poolID 10930 => got 10930 - 0
05-25 12:36:52.325  2841 29774 W mediaserver: AIBinder_linkToDeath is being called with a non-null cookie and no onUnlink callback set. This might not be intended. AIBinder_DeathRecipient_setOnUnlinked should be called first.
05-25 12:36:52.325  7444  7444 W ContextImpl: Calling a method in the system process without a qualified user: android.app.ContextImpl.startService:2068 android.content.ContextWrapper.startService:872 android.content.ContextWrapper.startService:872 com.sec.android.diagmonagent.sa.receiver.CFLogReceiver.onReceive:56 android.app.ActivityThread.handleReceiver:5663 
05-25 12:36:52.325  2139 29775 I C2SecMp3Dec: Reconfiguring decoder: 0->22050 Hz, 0->2 channels
05-25 12:36:52.326  2139 29775 W samsung.software.media.c2@1.0-service: AIBinder_linkToDeath is being called with a non-null cookie and no onUnlink callback set. This might not be intended. AIBinder_DeathRecipient_setOnUnlinked should be called first.
05-25 12:36:52.326 11831 13169 D PipelineWatcher: onInputBufferReleased: frameIndex not found (64857); ignored
05-25 12:36:52.326  2841 29772 V AudioSink: +++ close
05-25 12:36:52.326  2841 29772 V AudioSink: --- close
05-25 12:36:52.327  2231  5348 V APM_AudioPolicyManager: selectOutput new bestOutput 4989 criteria 0 100 0 0 0 0 0 0 
05-25 12:36:52.327  2231  5348 V APM_AudioPolicyManager: getOutput() stream 3 selected devices {AUDIO_DEVICE_OUT_REMOTE_SUBMIX, @:0}, output 4989
05-25 12:36:52.327  2231 26307 V APM_AudioPolicyManager: selectOutput new bestOutput 4989 criteria 0 100 0 0 0 0 0 0 
05-25 12:36:52.327  2231 26307 V APM_AudioPolicyManager: getOutput() stream 3 selected devices {AUDIO_DEVICE_OUT_REMOTE_SUBMIX, @:0}, output 4989
05-25 12:36:52.327  2231 26307 V APM_AudioPolicyManager: selectOutput new bestOutput 4989 criteria 0 100 0 0 0 0 0 0 
05-25 12:36:52.327  2231 26307 V APM_AudioPolicyManager: getOutput() stream 3 selected devices {AUDIO_DEVICE_OUT_REMOTE_SUBMIX, @:0}, output 4989
05-25 12:36:52.327  2841 29772 I NuPlayerRenderer: checkAudioSinkPcmMsSetting 500
05-25 12:36:52.327  2841 29772 V AudioSink: open(22050, 2, 0x0, 0x1, 0, 186625 0x0)
05-25 12:36:52.327  2231 26307 V APM_AudioPolicyManager: selectOutput new bestOutput 13 criteria 0 100 0 0 0 0 0 2 
05-25 12:36:52.327  2231 26307 V APM_AudioPolicyManager: getOutput() stream 5 selected devices {AUDIO_DEVICE_OUT_SPEAKER, @:}, output 13
05-25 12:36:52.327  2231 26307 V APM_AudioPolicyManager: selectOutput new bestOutput 13 criteria 0 100 0 0 0 0 0 2 
05-25 12:36:52.327  2231 26307 V APM_AudioPolicyManager: getOutput() stream 5 selected devices {AUDIO_DEVICE_OUT_SPEAKER, @:}, output 13
05-25 12:36:52.327  2841 29772 V AudioSink: no track available to recycle
05-25 12:36:52.327  2841 29772 V AudioSink: creating new AudioTrack
05-25 12:36:52.328  2231  5348 V APM_AudioPolicyManager: getOutputForAttrInt() attributes={ Content type: AUDIO_CONTENT_TYPE_SONIFICATION Usage: AUDIO_USAGE_NOTIFICATION Source: AUDIO_SOURCE_INVALID Flags: 0x800 Tags:  } stream=AUDIO_STREAM_NOTIFICATION session 186625 selectedDeviceId 0
05-25 12:36:52.328  2231  5348 V APM_AudioPolicyManager: getOutputForAttrInt() device {AUDIO_DEVICE_OUT_SPEAKER, @:}, sampling rate 22050, format 0x1, channel mask 0x3, flags 0x600002 stream AUDIO_STREAM_NOTIFICATION
05-25 12:36:52.329  2231  5348 V APM_AudioPolicyManager: selectOutput new bestOutput 13 criteria 0 100 0 0 0 1 4 2 
05-25 12:36:52.329  2231  5348 V APM_AudioPolicyManager: getOutputForAttrInt returns output 13 selectedDeviceIds 3
05-25 12:36:52.329  2231  5348 V APM_AudioPolicyManager: getOutputForAttr() returns output 13 requestedPortIds AUDIO_PORT_HANDLE_NONE selectedDeviceIds 3 for port ID 28373
05-25 12:36:52.329  2231  5348 I AudioFlinger: nonSecFlag 0, secFlag 600000, outputFlags 2
05-25 12:36:52.329  2231  5348 D AudioFlinger: Client defaulted notificationFrames to 3675 for frameCount 11025
05-25 12:36:52.329  2231  5348 I AF::PthrPatchRecord: creating track with enforcement level 0
05-25 12:36:52.330  2231  5348 I AF::Track: setMixerOutConfig expectKey 202
05-25 12:36:52.330  2231  5348 I AF::Track: setMixerOutConfig select, mixer out f 5, s 48000, thread out f 1, s 48000
05-25 12:36:52.330  2841 29772 V AudioSink: deleteRecycledTrack_l
05-25 12:36:52.330  2841 29772 V AudioSink: setVolume
05-25 12:36:52.330  2841 29772 D AudioTrack: setVolume(1.000000, 1.000000) pid : 4602
05-25 12:36:52.330  2727  6409 D SurfaceComposerClient: setCornerRadius ## 9ac0ee8 com.forgeapps.tickday/com.forgeapps.tickday.MainActivity#232721 cornerRadius=0.000000
05-25 12:36:52.330  2727  6409 D SurfaceComposerClient: setCornerRadius ## 9ac0ee8 com.forgeapps.tickday/com.forgeapps.tickday.MainActivity#232721 cornerRadius=0.000000
05-25 12:36:52.330  2841 29772 V AudioSink: updateTrack() DONE status 0
05-25 12:36:52.330  2841 29772 V AudioSink: setPlaybackRate(1.000000 1.000000 2 0)
05-25 12:36:52.330  2841 29772 V AudioSink: start
05-25 12:36:52.330  2841 29772 D AudioTrack: setVolume(1.000000, 1.000000) pid : 4602
05-25 12:36:52.331  2841 29772 I SAG_VOR_a64: VoiceActivityDetectionInit() Version Samsung VAD v3.0 a64 2020.06.22)
05-25 12:36:52.331  2231  5348 I AF::Track: setMixerOutConfig expectKey 202
05-25 12:36:52.331  2231  5348 I AF::Track: setMixerOutConfig select, mixer out f 5, s 48000, thread out f 1, s 48000
05-25 12:36:52.332  2231  5348 V APM_AudioPolicyManager: startOutput portId 28373
05-25 12:36:52.332  2231  5348 V APM_AudioPolicyManager: startOutput() output 13, stream 5, session 186625
05-25 12:36:52.332  2231  5348 V APM_AudioPolicyManager: setBeaconMute(1) mBeaconMuteRefCount=5 mBeaconPlayingRefCount=0
05-25 12:36:52.333  2231  5348 V APM_AudioPolicyManager: getNewOutputDevices selected devices {AUDIO_DEVICE_OUT_SPEAKER, @:}
05-25 12:36:52.333  2231  5348 V APM_AudioPolicyManager: setOutputDevices caller startSource[[portId:1][io:13, primary_out]] device {AUDIO_DEVICE_OUT_SPEAKER, @:} delayMs 0
05-25 12:36:52.333  2231  5348 V APM_AudioPolicyManager: setOutputDevices: caller startSource[[portId:1][io:13, primary_out]] suppressing checkDeviceMuteStrategies
05-25 12:36:52.333  2231  5348 V APM_AudioPolicyManager: setOutputDevices caller startSource[[portId:1][io:13, primary_out]] changing device to {AUDIO_DEVICE_OUT_SPEAKER, @:} (prevDevice {AUDIO_DEVICE_OUT_SPEAKER, @:})
05-25 12:36:52.334  2154 11894 I DMABUFHEAPS: Using DMA-BUF heap named: qcom,system
05-25 12:36:52.334  2154 11894 I DMABUFHEAPS: Using DMA-BUF heap named: qcom,system
05-25 12:36:52.334  2154 11894 I DMABUFHEAPS: Using DMA-BUF heap named: qcom,system
05-25 12:36:52.335  2154 11894 I DMABUFHEAPS: Using DMA-BUF heap named: qcom,system
05-25 12:36:52.335  2154 11894 I CV      : File: vendor/qcom/proprietary/cv-noship/eva/4.0/src/cpu/evaDme.cpp Line: 946 Function: evaDmeSetFrameConfig() Msg: Frame Operational FPS changed : nFOperationalFps 60 eColorFormat 3 
05-25 12:36:52.335  2154 11894 E CV      : File: vendor/qcom/proprietary/cv-noship/eva/4.0/src/cpu/evaPower.cpp Line: 2321 Function: Voteclocks() Msg: Error: evaDeaggreatePower executed
05-25 12:36:52.335 11831 13169 D PipelineWatcher: onInputBufferReleased: frameIndex not found (64858); ignored
05-25 12:36:52.337 11831 13169 D PipelineWatcher: onInputBufferReleased: frameIndex not found (64859); ignored
05-25 12:36:52.338  2727  6409 D SurfaceComposerClient: setCornerRadius ## 9ac0ee8 com.forgeapps.tickday/com.forgeapps.tickday.MainActivity#232721 cornerRadius=0.000000
05-25 12:36:52.339  2727  6409 D SurfaceComposerClient: setCornerRadius ## 9ac0ee8 com.forgeapps.tickday/com.forgeapps.tickday.MainActivity#232721 cornerRadius=0.000000
05-25 12:36:52.347  2727  6409 D SurfaceComposerClient: setCornerRadius ## 9ac0ee8 com.forgeapps.tickday/com.forgeapps.tickday.MainActivity#232721 cornerRadius=0.000000
05-25 12:36:52.347  2727  6409 D SurfaceComposerClient: setCornerRadius ## 9ac0ee8 com.forgeapps.tickday/com.forgeapps.tickday.MainActivity#232721 cornerRadius=0.000000
05-25 12:36:52.352  2154 11894 I DMABUFHEAPS: Using DMA-BUF heap named: qcom,system
05-25 12:36:52.352  2154 11894 I DMABUFHEAPS: Using DMA-BUF heap named: qcom,system
05-25 12:36:52.352  2154 11894 I DMABUFHEAPS: Using DMA-BUF heap named: qcom,system
05-25 12:36:52.352  2154 11894 I DMABUFHEAPS: Using DMA-BUF heap named: qcom,system
05-25 12:36:52.353 11831 11862 D PipelineWatcher: onInputBufferReleased: frameIndex not found (64860); ignored
05-25 12:36:52.355  2727  6409 D SurfaceComposerClient: setCornerRadius ## 9ac0ee8 com.forgeapps.tickday/com.forgeapps.tickday.MainActivity#232721 cornerRadius=0.000000
05-25 12:36:52.356  2727  6409 D SurfaceComposerClient: setCornerRadius ## 9ac0ee8 com.forgeapps.tickday/com.forgeapps.tickday.MainActivity#232721 cornerRadius=0.000000
05-25 12:36:52.357 11831 11862 D PipelineWatcher: onInputBufferReleased: frameIndex not found (64861); ignored
05-25 12:36:52.364  2727  6409 D SurfaceComposerClient: setCornerRadius ## 9ac0ee8 com.forgeapps.tickday/com.forgeapps.tickday.MainActivity#232721 cornerRadius=0.000000
05-25 12:36:52.364  2727  6409 D SurfaceComposerClient: setCornerRadius ## 9ac0ee8 com.forgeapps.tickday/com.forgeapps.tickday.MainActivity#232721 cornerRadius=0.000000
05-25 12:36:52.369  2154 11894 I DMABUFHEAPS: Using DMA-BUF heap named: qcom,system
05-25 12:36:52.369  2154 11894 I DMABUFHEAPS: Using DMA-BUF heap named: qcom,system
05-25 12:36:52.369  2154 11894 I DMABUFHEAPS: Using DMA-BUF heap named: qcom,system
05-25 12:36:52.370  2154 11894 I DMABUFHEAPS: Using DMA-BUF heap named: qcom,system
05-25 12:36:52.371 11831 11862 D PipelineWatcher: onInputBufferReleased: frameIndex not found (64862); ignored
05-25 12:36:52.372  2727  6409 D SurfaceComposerClient: setCornerRadius ## 9ac0ee8 com.forgeapps.tickday/com.forgeapps.tickday.MainActivity#232721 cornerRadius=0.000000
05-25 12:36:52.372  2727  6409 D SurfaceComposerClient: setCornerRadius ## 9ac0ee8 com.forgeapps.tickday/com.forgeapps.tickday.MainActivity#232721 cornerRadius=0.000000
05-25 12:36:52.374 11831 11862 D PipelineWatcher: onInputBufferReleased: frameIndex not found (64863); ignored
05-25 12:36:52.380  2727  6409 D SurfaceComposerClient: setCornerRadius ## 9ac0ee8 com.forgeapps.tickday/com.forgeapps.tickday.MainActivity#232721 cornerRadius=0.000000
05-25 12:36:52.380  2727  6409 D SurfaceComposerClient: setCornerRadius ## 9ac0ee8 com.forgeapps.tickday/com.forgeapps.tickday.MainActivity#232721 cornerRadius=0.000000
05-25 12:36:52.386  2154 11894 I DMABUFHEAPS: Using DMA-BUF heap named: qcom,system
05-25 12:36:52.386  2154 11894 I DMABUFHEAPS: Using DMA-BUF heap named: qcom,system
05-25 12:36:52.386  2154 11894 I DMABUFHEAPS: Using DMA-BUF heap named: qcom,system
05-25 12:36:52.386  2154 11894 I DMABUFHEAPS: Using DMA-BUF heap named: qcom,system
05-25 12:36:52.387 11831 13169 D PipelineWatcher: onInputBufferReleased: frameIndex not found (64864); ignored
05-25 12:36:52.389  2727  6409 D SurfaceComposerClient: setCornerRadius ## 9ac0ee8 com.forgeapps.tickday/com.forgeapps.tickday.MainActivity#232721 cornerRadius=0.000000
05-25 12:36:52.389  2727  6409 D SurfaceComposerClient: setCornerRadius ## 9ac0ee8 com.forgeapps.tickday/com.forgeapps.tickday.MainActivity#232721 cornerRadius=0.000000
05-25 12:36:52.390 11831 13169 D PipelineWatcher: onInputBufferReleased: frameIndex not found (64865); ignored
05-25 12:36:52.391  2231  3299 I AudioEffectExtendAction: setDevice_l empty address, empty name
05-25 12:36:52.392  2231  3299 I AudioEffectExtendAction: setDevice_l empty address, empty name
05-25 12:36:52.392  2231  3299 D DeviceHalAidl: [default] createAudioPatch: sources: 1 sinks 1
05-25 12:36:52.392  2231  3299 D Hal2AidlMapper: [default] createOrUpdatePatch: patch ID: 3644, [disregard IDs] sources: [AudioPortConfig{id: 1, portId: 0, sampleRate: Int{value: 48000}, channelMask: AudioChannelLayout{layoutMask: 3}, format: AudioFormatDescription{type: PCM, pcm: INT_16_BIT, encoding: }, gain: (null), flags: AudioIoFlags{output: 2}, ext: AudioPortExt{mix: AudioPortMixExt{handle: 13, usecase: AudioPortMixExtUseCase{stream: SYS_RESERVED_DEFAULT}, maxOpenStreamCount: 0, maxActiveStreamCount: 0, recommendedMuteDurationMs: 0}}}], sinks: [AudioPortConfig{id: 3, portId: 0, sampleRate: (null), channelMask: (null), format: (null), gain: (null), flags: (null), ext: AudioPortExt{device: AudioPortDeviceExt{device: AudioDevice{type: AudioDeviceDescription{type: OUT_SPEAKER, connection: }, address: AudioDeviceAddress{id: }}, flags: 0, encodedFormats: [], encapsulationModes: 0, encapsulationMetadataTypes: 0, speakerLayout: (null)}}}]
05-25 12:36:52.392  2231  3299 I Hal2AidlMapper: findOrCreatePortConfig
05-25 12:36:52.392  2231  3299 D Hal2AidlMapper: [default] findOrCreatePortConfig: device port config does not have audio or gain config specified
05-25 12:36:52.392  2231  3299 I Hal2AidlMapper: findOrCreatePortConfig
05-25 12:36:52.392  2231  3299 I Hal2AidlMapper: findOrCreateMixPortConfig, ioHandle:13
05-25 12:36:52.392  2127  4962 I AHAL_Module_QTI: setAudioPatch: requested patch AudioPatch{id: 3644, sourcePortConfigIds: [44], sinkPortConfigIds: [5330], minimumStreamBufferSizeFrames: 960, latenciesMs: [10]}
05-25 12:36:52.392  2127  4962 I AHAL_Module_QTI: setAudioPatch: updated to [primary_out  -> Speaker  ]
05-25 12:36:52.392  2127  4962 I AHAL_Module_QTI: setAudioPatch: updated from [primary_out  -> Speaker  ] AudioPatch{id: 3644, sourcePortConfigIds: [44], sinkPortConfigIds: [5330], minimumStreamBufferSizeFrames: 960, latenciesMs: [10]} to [primary_out  -> Speaker  ] AudioPatch{id: 3644, sourcePortConfigIds: [44], sinkPortConfigIds: [5330], minimumStreamBufferSizeFrames: 960, latenciesMs: [10]}
05-25 12:36:52.393  2231  3299 D AudioFlinger: setCurDevice() 0x2
05-25 12:36:52.393  2231  3299 I AudioFlinger: updateVoiceBoosterState curDevice 2, index 0
05-25 12:36:52.393  2231  3299 E StreamHalAidl: Function: getRecommendedLatencyModes Line: 1155 Failed 
05-25 12:36:52.393  2231  5348 V APM_AudioPolicyManager: setOutputDevices() AF::createAudioPatch returned 0 patchHandle 237172 num_sources 1 num_sinks 1
05-25 12:36:52.393  2231  3258 W IPCThreadState: Sending oneway calls to frozen process.
05-25 12:36:52.393  2231  5348 V APM_AudioPolicyManager: checkAndSetVolume: output 13, stream 10, index 9, devices 0x2, volume 0.063096, delayMs 0, muted false
05-25 12:36:52.393  2231  5348 V APM_AudioPolicyManager: checkAndSetVolume: output 13, stream 9, index 9, devices 0x2, volume 0.298538, delayMs 0, muted false
05-25 12:36:52.394  2231  5348 V APM_AudioPolicyManager: checkAndSetVolume: output 13, stream 8, index 11, devices 0x2, volume 0.251189, delayMs 0, muted false
05-25 12:36:52.394  2231  5348 V APM_AudioPolicyManager: checkAndSetVolume: output 13, stream 5, index 9, devices 0x2, volume 0.105925, delayMs 0, muted false
05-25 12:36:52.394  2231  5348 V APM_AudioPolicyManager: checkAndSetVolume: output 13, stream 4, index 11, devices 0x2, volume 0.158489, delayMs 0, muted false
05-25 12:36:52.394  2231  5348 V APM_AudioPolicyManager: checkAndSetVolume: output 13, stream 3, index 9, devices 0x2, volume 0.197242, delayMs 0, muted false
05-25 12:36:52.395  2231  5348 V APM_AudioPolicyManager: checkAndSetVolume: output 13, stream 2, index 11, devices 0x2, volume 0.158489, delayMs 0, muted false
05-25 12:36:52.395  2231  5348 V APM_AudioPolicyManager: checkAndSetVolume: output 13, stream 1, index 7, devices 0x2, volume 0.079433, delayMs 0, muted false
05-25 12:36:52.395  2231  5348 V APM_AudioPolicyManager: checkAndSetVolume: output 13, stream 0, index 8, devices 0x2, volume 1.000000, delayMs 0, muted false
05-25 12:36:52.395  2231  5348 V APM_AudioPolicyManager: checkAndSetVolume: output 13, stream 11, index 10, devices 0x2, volume 0.242661, delayMs 0, muted false
05-25 12:36:52.395  2231  5348 V APM_AudioPolicyManager: checkAndSetVolume: output 13, stream 5, index 9, devices 0x2, volume 0.105925, delayMs 0, muted false
05-25 12:36:52.395  2231  5348 I AudioFlinger: updateStageIndex new -1301
05-25 12:36:52.396  2231  3299 I SoundBoosterEffectPlus: SB_setVolume(0xb400007da74f8ed0)
05-25 12:36:52.396  2231  3299 I SoundBoosterEffectPlus: command EFFECT_CMD_SET_VOLUME left = 1.000000, right =1.000000
05-25 12:36:52.396  2231  3299 I SAG_EQ a64: SetVolumeFloat() inst_num [1804289383] VolumeFloat [0.000087] mModeFW [2] mMode [2]
05-25 12:36:52.396  2231  7176 D NativePermissionController: checkPermission: missing 13 for 10281
05-25 12:36:52.396  2231  3299 I SAG_EQ a64: mIsVolumeTableValid yes 
05-25 12:36:52.396  2231  3299 I SAG_EQ a64: SetVolume() VolumeIndexInt [15] 
05-25 12:36:52.396  2231  7448 D NativePermissionController: checkPermission: missing 13 for 10296
05-25 12:36:52.396  2231  2302 D NativePermissionController: checkPermission: missing 13 for 10623
05-25 12:36:52.396  2127  4962 I PAL: API: pal_set_param: 1377: Enter: param id 60
05-25 12:36:52.396  2231  2303 D NativePermissionController: checkPermission: missing 13 for 15010149
05-25 12:36:52.396  2841 29772 I MediaClock: setThreshold mThresholdTimeUsForAnchor(500000), mMinClockModificationTimeUs(80000), mMaxCorrectionTimeUs(30000)
05-25 12:36:52.396  2841 29772 I NuPlayerRenderer: onAudioSinkChanged() getPosition : 0
05-25 12:36:52.396  2841 29772 I MediaClock: setPlaybackRate rate : 0.000000
05-25 12:36:52.396  2841 29772 I NuPlayerRenderer: onDrainAudioQueue() send kWhatPollingAudioStarted audio_out : 0
05-25 12:36:52.396  2841 29772 I NuPlayerRenderer: setAudioFirstAnchorTime mAudioFirstAnchorTimeMediaUs : -1, new mediaTimeUs : 0
05-25 12:36:52.396  2841 29772 I MediaClock: getMediaTime_l - mAnchorTimeRealUs is '-1'
05-25 12:36:52.396  2841 29772 I MediaClock: getMediaTime_l - mAnchorTimeRealUs is '-1'
05-25 12:36:52.396  2841 29772 I MediaClock: getMediaTime_l - mAnchorTimeRealUs is '-1'
05-25 12:36:52.396  2231  5439 D NativePermissionController: checkPermission: missing 13 for 10716
05-25 12:36:52.396  2841  3062 D MediaPlayerService: onAudioDeviceUpdate deviceIds: 3
05-25 12:36:52.397  2841 29757 V NuPlayer: media rendering started
05-25 12:36:52.397  2841  3062 V MediaPlayerService: [12526] notify (10000, 13, 0)
05-25 12:36:52.397  2841 29757 V MediaPlayerService: [12526] notify (6, 0, 0)
05-25 12:36:52.397  4602 12630 V MediaPlayerNative: message received msg=6, ext1=0, ext2=0
05-25 12:36:52.397  4602 12630 V MediaPlayerNative: Received media started message
05-25 12:36:52.397  2727  6409 D SurfaceComposerClient: setCornerRadius ## 9ac0ee8 com.forgeapps.tickday/com.forgeapps.tickday.MainActivity#232721 cornerRadius=0.000000
05-25 12:36:52.397  4602 12630 V MediaPlayerNative: message received msg=10000, ext1=13, ext2=0
05-25 12:36:52.397  2841 29772 I MediaClock: getMediaTime_l - mAnchorTimeRealUs is '-1'
05-25 12:36:52.397  2841 29772 I MediaClock: getMediaTime_l - mAnchorTimeRealUs is '-1'
05-25 12:36:52.397  2727  6409 D SurfaceComposerClient: setCornerRadius ## 9ac0ee8 com.forgeapps.tickday/com.forgeapps.tickday.MainActivity#232721 cornerRadius=0.000000
05-25 12:36:52.397  2841 29772 I MediaClock: getMediaTime_l - mAnchorTimeRealUs is '-1'
05-25 12:36:52.398  2841 29772 I MediaClock: getMediaTime_l - mAnchorTimeRealUs is '-1'
05-25 12:36:52.398  2231  3299 I SoundBooster_Interface2000_a64: Exe_2() mInstanceID: 0, mMode: 2,  samples: 960, VolumeIndexInt: 15, mSamplingRate: 48000, SED class: SED_CLASS_MUSIC, PP class: SED_CLASS_PIANO
05-25 12:36:52.398  2231  5438 D NativePermissionController: checkPermission: missing 13 for 10281
05-25 12:36:52.399  2127  3282 D AHAL_StreamOut_QTI: start : usecase: PRIMARY_PLAYBACK IoHandle: 13 
05-25 12:36:52.399  2231  2231 D NativePermissionController: checkPermission: missing 13 for 10623
05-25 12:36:52.399  2841  3062 V MediaPlayerService: [12526] getRoutedDeviceIds
05-25 12:36:52.399  2841  3062 V AudioSink: getRoutedDeviceIds
05-25 12:36:52.399  4602  5424 D SoundCraft.PlayingAudioConditionHandler: onPlaybackConfigChanged : lastStartedPackageName=null, lastStartedUid=-1, newStartedUid=-1, newStartPackageName=null, thread=Thread[RoutineHandlerThread,5,main]
05-25 12:36:52.400  2127  3282 I AHAL_Platform_QTI: configureSecPalDevicesForPlayback: set custom key for SPEAKER_LEFT_AMP_OFF
05-25 12:36:52.400  2127  3282 I AHAL_Platform_QTI: configureSecPalDevicesForPlayback: Setting custom key as speaker_left_amp_off
05-25 12:36:52.400  2127  3282 I PAL: API: pal_stream_open: 247: Enter, stream type:8
05-25 12:36:52.400  2127  3282 I PAL: Device: setDeviceAttributes: 449: DeviceAttributes for Device Id 3 updated
05-25 12:36:52.400  2127  3282 I PAL: Device: open: 529: Enter. deviceCount 0 for device id 3 (PAL_DEVICE_OUT_SPEAKER)
05-25 12:36:52.400  2127  3282 I PAL: SessionAlsaUtils: setDeviceMediaConfig: 1082: TDM-LPAIF-RX-PRIMARY rate ch fmt data_fmt 48000 2 6 1
05-25 12:36:52.400  2127  3282 D audio_route: Apply path: speaker-mono-right
05-25 12:36:52.400  2127  3282 I PAL: Device: open: 578: Exit. deviceCount 1 for device id 3 (PAL_DEVICE_OUT_SPEAKER), exit status: 0
05-25 12:36:52.400  2127  3282 I PAL: ResourceManager: allocateFrontEndIds: 7514: allocateFrontEndIds: front end 126
05-25 12:36:52.400  2127  3282 I PAL: PayloadBuilder: populateStreamKV: 3201: stream type 8
05-25 12:36:52.400  2127  3282 I PAL: PayloadBuilder: getSelectorValues: 3017: Direction: 1
05-25 12:36:52.400  2127  3282 I PAL: PayloadBuilder: getSelectorValues: 3033: Instance: 1
05-25 12:36:52.400  2231  2302 D NativePermissionController: checkPermission: missing 13 for 15010149
05-25 12:36:52.400  2127  3282 I PAL: PayloadBuilder: findKVs: 2907: key: 0xa1000000 value: 0xa1000014
05-25 12:36:52.400  2127  3282 I PAL: PayloadBuilder: findKVs: 2907: key: 0xab000000 value: 0x1
05-25 12:36:52.400  2127  3282 I PAL: PayloadBuilder: populateDeviceKV: 3325: Enter device id:3
05-25 12:36:52.400  2127  3282 I PAL: PayloadBuilder: findKVs: 2920: key: 0xa2000000 value: 0xa2000001
05-25 12:36:52.400  2127  3282 I PAL: PayloadBuilder: populateDeviceKV: 3353: Exit device id:3, status 0
05-25 12:36:52.400  2127  3282 I PAL: PayloadBuilder: populateDevicePPKV: 3466: Rx device id:3
05-25 12:36:52.400  2127  3282 I PAL: PayloadBuilder: getSelectorValues: 3099: stream type: 8
05-25 12:36:52.400  2127  3282 I PAL: PayloadBuilder: getSelectorValues: 3118: custom config key:speaker_left_amp_off
05-25 12:36:52.400  2127  3282 I PAL: PayloadBuilder: retrieveKVs: 2950: Fallback to find KVs without custom config speaker_left_amp_off
05-25 12:36:52.400  2127  3282 I PAL: PayloadBuilder: findKVs: 2907: key: 0xa2000000 value: 0xa2000001
05-25 12:36:52.400  2127  3282 I PAL: PayloadBuilder: findKVs: 2907: key: 0xac000000 value: 0xac000002
05-25 12:36:52.400  2127  3282 I PAL: PayloadBuilder: populateDevicePPCkv: 3639: SpeakerProt Status[0], RAS Status[0]
05-25 12:36:52.400  2127  3282 I AGM: session: session_obj_set_sess_aif_metadata: 1882 Exit
05-25 12:36:52.400  2127  3282 I AgmIpc::Server: SessionInfo created for session 126
05-25 12:36:52.400  2127  3282 I AGM: API: agm_session_aif_connect: 656 connecting aifid:28 with session id=126
05-25 12:36:52.400  2127  3282 I PAL: ResourceManager: voteSleepMonitor: 2344: Voting done for nlpi use case, lpi votes 1, nlpi votes : 1
05-25 12:36:52.400  2127  3282 I PAL: ResourceManager: GetConcurrencyInfo: 5778: stream type 8 Tx conc 0, Rx conc 1, concurrency allowed
05-25 12:36:52.400  2127  3282 I PAL: ResourceManager: GetConcurrencyInfo: 5778: stream type 8 Tx conc 0, Rx conc 1, concurrency allowed
05-25 12:36:52.400  2127  3282 I PAL: ResourceManager: GetConcurrencyInfo: 5778: stream type 8 Tx conc 0, Rx conc 1, concurrency allowed
05-25 12:36:52.400  2127  3282 I PAL: ResourceManager: GetConcurrencyInfo: 5778: stream type 8 Tx conc 0, Rx conc 1, concurrency allowed
05-25 12:36:52.400  2127  3282 I PAL: StreamSoundTrigger: HandleConcurrentStream: 622: Enter
05-25 12:36:52.400  2127  3282 I PAL: StreamSoundTrigger: GetCurrentCaptureProfile: 1986: cap_prof SINGLE_MIC_48KHZ_16BIT_RAW_NLPI: dev_id=0x29, chs=1, sr=48000, snd_name=va-mic-mono, ec_ref=0
05-25 12:36:52.400  2127  3282 I PAL: StreamSoundTrigger: ProcessEvent: 2256: StLoaded: handle event 15 for stream instance 1
05-25 12:36:52.400  2127  3282 I PAL: StreamSoundTrigger: GetCurrentCaptureProfile: 1986: cap_prof SINGLE_MIC_48KHZ_16BIT_RAW_NLPI: dev_id=0x29, chs=1, sr=48000, snd_name=va-mic-mono, ec_ref=0
05-25 12:36:52.400  2127  3282 I PAL: StreamSoundTrigger: ProcessEvent: 2598: current capture profile SINGLE_MIC_16KHZ_16BIT_RAW_LPI: dev_id=0x29, chs=1, sr=16000, ec_ref=0
05-25 12:36:52.400  2127  3282 I PAL: StreamSoundTrigger: ProcessEvent: 2605: new capture profile SINGLE_MIC_48KHZ_16BIT_RAW_NLPI: dev_id=0x29, chs=1, sr=48000, ec_ref=0
05-25 12:36:52.400  2127  3282 I PAL: SoundTriggerEngineGsl: ReconfigureDetectionGraph: 1123: Enter
05-25 12:36:52.400  2127  3282 I AGM: API: agm_session_aif_connect: 656 disconnecting aifid:47 with session id=115
05-25 12:36:52.400  2127  3282 I AGM: session: session_obj_set_sess_aif_metadata: 1882 Exit
05-25 12:36:52.400  2127  3282 I PAL: ResourceManager: freeFrontEndIds: 7716: stream type 17, freeing 115
05-25 12:36:52.401  2231 10633 D NativePermissionController: checkPermission: missing 13 for 10716
05-25 12:36:52.401  2231  4214 D NativePermissionController: checkPermission: missing 13 for 10296
05-25 12:36:52.401  2231  7448 D NativePermissionController: checkPermission: missing 13 for 10281
05-25 12:36:52.402  2127  3282 I PAL: ResourceManager: getKernelConfigInfo: 15664: micbias=0, dmic clk=0(0,0,0), dmic status=0(0,0,0)
05-25 12:36:52.402  2127  3282 I PAL: SoundTriggerEngineGsl: UpdateState: 578: Engine state transitioned from 1 to 0
05-25 12:36:52.402  2127  3282 D PAL: HotwordInterface: SetParameter: 167: Unsupported param id 4
05-25 12:36:52.402  2127  3282 I PAL: SoundTriggerEngineGsl: ReconfigureDetectionGraph: 1159: Exit, status = 0
05-25 12:36:52.402  2127  3282 I PAL: StreamSoundTrigger: TransitTo: 2021: Stream instance 1: state transitioned from ST_STATE_LOADED to ST_STATE_IDLE
05-25 12:36:52.402  2127  3282 I PAL: StreamSoundTrigger: HandleConcurrentStream: 648: Exit, status 0
05-25 12:36:52.402  2127  3282 I PAL: StreamSoundTrigger: HandleConcurrentStream: 622: Enter
05-25 12:36:52.402  2127  3282 I PAL: StreamSoundTrigger: GetCurrentCaptureProfile: 1986: cap_prof SINGLE_MIC_48KHZ_16BIT_RAW_NLPI: dev_id=0x29, chs=1, sr=48000, snd_name=va-mic-mono, ec_ref=0
05-25 12:36:52.402  2127  3282 I PAL: StreamSoundTrigger: ProcessEvent: 2035: StIdle: handle event 15 for stream instance 1
05-25 12:36:52.402  2127  3282 I PAL: StreamSoundTrigger: GetCurrentCaptureProfile: 1986: cap_prof SINGLE_MIC_48KHZ_16BIT_RAW_NLPI: dev_id=0x29, chs=1, sr=48000, snd_name=va-mic-mono, ec_ref=0
05-25 12:36:52.402  2127  3282 I PAL: StreamSoundTrigger: ProcessEvent: 2188: current capture profile SINGLE_MIC_16KHZ_16BIT_RAW_LPI: dev_id=0x29, chs=1, sr=16000, ec_ref=0
05-25 12:36:52.402  2127  3282 I PAL: StreamSoundTrigger: ProcessEvent: 2195: new capture profile SINGLE_MIC_48KHZ_16BIT_RAW_NLPI: dev_id=0x29, chs=1, sr=48000, ec_ref=0
05-25 12:36:52.402  2127  3282 I PAL: StreamSoundTrigger: GetCurrentCaptureProfile: 1986: cap_prof SINGLE_MIC_48KHZ_16BIT_RAW_NLPI: dev_id=0x29, chs=1, sr=48000, snd_name=va-mic-mono, ec_ref=0
05-25 12:36:52.402  2127  3282 I PAL: StreamSoundTrigger: UpdateDeviceConfig: 1194: devicepp selector: SINGLE_MIC_48KHZ_16BIT_RAW_NLPI
05-25 12:36:52.402  2127  3282 I PAL: Device: setDeviceAttributes: 449: DeviceAttributes for Device Id 41 updated
05-25 12:36:52.402  2127  3282 I PAL: SoundTriggerEngineGsl: LoadSoundModel: 738: Enter
05-25 12:36:52.402  2127  3282 I PAL: ResourceManager: allocateFrontEndIds: 7472: allocateFrontEndIds: front end 115
05-25 12:36:52.402  2127  3282 I PAL: PayloadBuilder: populateStreamKV: 3201: stream type 17
05-25 12:36:52.402  2127  3282 I PAL: PayloadBuilder: getSelectorValues: 3070: VUI module type:HOTWORD
05-25 12:36:52.402  2127  3282 I PAL: PayloadBuilder: getSelectorValues: 3033: Instance: 1
05-25 12:36:52.402  2127  3282 I PAL: PayloadBuilder: findKVs: 2907: key: 0xbc000000 value: 0xbc000002
05-25 12:36:52.402  2127  3282 I PAL: PayloadBuilder: findKVs: 2907: key: 0xb1000000 value: 0xb1000003
05-25 12:36:52.402  2127  3282 I PAL: PayloadBuilder: findKVs: 2907: key: 0xab000000 value: 0x1
05-25 12:36:52.402  2127  3282 I PAL: PayloadBuilder: populateStreamCkv: 3524: stream channels 1
05-25 12:36:52.402  2127  3282 I PAL: PayloadBuilder: populateDeviceKV: 3325: Enter device id:41
05-25 12:36:52.402  2127  3282 I PAL: PayloadBuilder: findKVs: 2920: key: 0xa3000000 value: 0xa3000006
05-25 12:36:52.402  2127  3282 I PAL: PayloadBuilder: populateDeviceKV: 3353: Exit device id:41, status 0
05-25 12:36:52.402  2127  3282 I PAL: PayloadBuilder: populateDevicePPKV: 3485: Tx device id:41
05-25 12:36:52.402  2127  3282 I PAL: PayloadBuilder: getSelectorValues: 3099: stream type: 17
05-25 12:36:52.402  2127  3282 I PAL: PayloadBuilder: getSelectorValues: 3094: devicePP_type:SINGLE_MIC_48KHZ_16BIT_RAW_NLPI
05-25 12:36:52.402  2127  3282 I PAL: PayloadBuilder: findKVs: 2907: key: 0xa3000000 value: 0xa3000006
05-25 12:36:52.402  2127  3282 I PAL: PayloadBuilder: findKVs: 2907: key: 0xad000000 value: 0xad00000e
05-25 12:36:52.402  2127  3282 I PAL: PayloadBuilder: populateDevicePPCkv: 3594: channels 1, id 41
05-25 12:36:52.402  2127  3282 I AGM: session: session_obj_set_sess_aif_metadata: 1882 Exit
05-25 12:36:52.402  2127  3282 I AGM: API: agm_session_aif_connect: 656 connecting aifid:47 with session id=115
05-25 12:36:52.402  2127  3282 D PAL: HotwordInterface: SetParameter: 167: Unsupported param id 3
05-25 12:36:52.402  2127  3282 I PAL: SoundTriggerEngineGsl: UpdateSessionPayload: 1803: Enter, param : 0
05-25 12:36:52.402  2127  3282 I PAL: PayloadBuilder: payloadConfig: 1835: PID 0x800104c, payload 0xb40000723d4cbfc0K size 110648
05-25 12:36:52.402  2127  3282 I PAL: SessionAlsaPcm: setParameters: 3173: customPayloadSize = 110648
05-25 12:36:52.402  2127  3282 I PAL: SoundTriggerEngineGsl: UpdateState: 578: Engine state transitioned from 0 to 1
05-25 12:36:52.402  2127  3282 I PAL: SoundTriggerEngineGsl: LoadSoundModel: 786: Exit, status = 0
05-25 12:36:52.402  2127  3282 I PAL: StreamSoundTrigger: TransitTo: 2021: Stream instance 1: state transitioned from ST_STATE_IDLE to ST_STATE_LOADED
05-25 12:36:52.402  2127  3282 I PAL: StreamSoundTrigger: HandleConcurrentStream: 643: LPI->NLPI switch takes 1ms
05-25 12:36:52.402  2127  3282 I PAL: StreamSoundTrigger: HandleConcurrentStream: 648: Exit, status 0
05-25 12:36:52.402  2127  3282 I PAL: API: pal_stream_open: 308: Exit. Value of stream_handle 0xb40000742fce6ad0K, status 0 : PAL_STREAM_GENERIC(8)
05-25 12:36:52.402  2127  3282 D AHAL: Effect: send_soundbooster_on mode:4 on:0
05-25 12:36:52.402  2127  3282 D AHAL: Effect: send_custom_payload_effect Enter with tag(0xc00000a) size(8) paramId SB_PARAMS_ONOFF(0x10001f04)
05-25 12:36:52.402  2127  3282 I PAL: ResourceManager: setParameter: 12852: PAL_PARAM_ID_UIEFFECT SB_PARAMS_ONOFF(0x10001f04)
05-25 12:36:52.402  2127  3282 I PAL: Session: setEffectParametersNonTKV: 529: mixer set param status = 0
05-25 12:36:52.402  2127  3282 D AHAL: Effect: send_custom_payload_effect Exit with tag(0xc00000a) size(8)
05-25 12:36:52.402  2231   401 D NativePermissionController: checkPermission: missing 13 for 10623
05-25 12:36:52.402  2127  3282 D AHAL: Effect: send_soundbooster_on Exit
05-25 12:36:52.402  2231  2303 D NativePermissionController: checkPermission: missing 13 for 15010149
05-25 12:36:52.402  2127  3282 D AHAL_StreamOut_QTI: configure : usecase: PRIMARY_PLAYBACK IoHandle: 13 set pal_stream_set_buffer_size to 3840 with count 4
05-25 12:36:52.402  2127  3282 D AHAL: Effect: send_soundbooster_on mode:4 on:0
05-25 12:36:52.402  2127  3282 D AHAL: Effect: send_custom_payload_effect Enter with tag(0xc00000a) size(8) paramId SB_PARAMS_ONOFF(0x10001f04)
05-25 12:36:52.402  2127  3282 I PAL: ResourceManager: setParameter: 12852: PAL_PARAM_ID_UIEFFECT SB_PARAMS_ONOFF(0x10001f04)
05-25 12:36:52.402  2127  3282 I PAL: Session: setEffectParametersNonTKV: 529: mixer set param status = 0
05-25 12:36:52.402  2231  4214 D NativePermissionController: checkPermission: missing 13 for 10281
05-25 12:36:52.402  2127  3282 D AHAL: Effect: send_custom_payload_effect Exit with tag(0xc00000a) size(8)
05-25 12:36:52.402  2127  3282 D AHAL: Effect: send_soundbooster_on Exit
