05-25 12:31:14.163  2727  3742 D MotionEngine: [@@@ Motion Engine @@@] GetMotionScenarioId -0.399601 -0.131605 9.796216 -0.042875 0.038150 -0.000350 8 51 20
05-25 12:31:14.163  2727  3742 D MotionEngine: [@@@ Motion Engine @@@] GnStuckMode 0 
05-25 12:31:14.178  2841 21954 D AidlBufferPool: bufferpool2 0xb4000072784ee428 : 9(294912 size) total buffers - 5(163840 size) used buffers - 13644/13653 (recycle/alloc) - 19/27208 (fetch/transfer)
05-25 12:31:14.179  2876 21968 D AidlBufferPool: bufferpool2 0xb4000077b7396aa8 : 4(196608 size) total buffers - 1(49152 size) used buffers - 13599/13603 (recycle/alloc) - 27/13568 (fetch/transfer)
05-25 12:31:14.196  2124  4564 I sensors-hal: handle_sns_client_event:202, auto_rotation_debug_2 mode,255, type,1,0 acc,-0.412,-0.105,9.863, ar,0, ver,14, pedo,1,e,1,i,3
05-25 12:31:14.327  4602  4602 W SecNotificationShadeWindowStateInteractor: SHADE : shadeOrQsExpanded: false => VISIBLE
05-25 12:31:14.327  4602  4602 W SecNotificationShadeWindowStateInteractor: 	bouncerShowing: false, headsUpNotificationShowing: true, keyguardFadingAway: false, keyguardGoingAway: false, lightRevealScrimOpaque: false, qsExpanded: false
05-25 12:31:14.388  4578  4921 D SatelliteController: isInCarrierRoamingNbIotNtn: satellite is disabled
05-25 12:31:14.401  2124 21942 I sensors-hal: handle_sns_client_event:435, [0][7873] gyro_sample_cal(cal_available:1)(3) [ 0.000, 0.000,-0.000] bias[-0.002,-0.004,-0.003] 1774178003610111
05-25 12:31:14.511  2727  4424 D WifiConnectivityMonitor.NetworkStatsAnalyzer: Backhaul result - RSSI:-34, CE:22, PE:22, TI:31, PTI:31, TW:3, PTW:3, Tx:28, Rx:32, TxS:20, RxS:20, RESULT:true, IC:0, ICT:5, WC:0, WCT:5, R:0, RC:0, IE:0, EC:0
05-25 12:31:14.551  2250  2326 E HeatmapThread: ECT Thread time in milliseconds: 1779679874
05-25 12:31:14.554  2250  2326 D HeatmapThread: !@ batteryplugType : 2
05-25 12:31:14.554  2250  2326 D HeatmapThread: !@ batteryLevel : 76  batteryTemperature : 344 
05-25 12:31:14.554  2250  2326 D HeatmapThread: !@ Heatmap currtime: 29661331
05-25 12:31:14.554  2250  2326 D HeatmapThread: !@ Heatmap prevtime: 29661309
05-25 12:31:14.554  2250  2326 D HeatmapThread: !@ Heatmap plugstarttime: 29661249
05-25 12:31:14.554  2250  2326 D HeatmapThread: !@ Heatmap prevv_dsoh_update_time: 29661309
05-25 12:31:14.554  2250  2326 E HeatmapThread: !@ CAM New BSOH: 100
05-25 12:31:14.554  2250  2326 E HeatmapThread: !@ CAM is Working
05-25 12:31:14.592  2108  6508 I vendor.qti.bluetooth@1.0-ibs_handler: ProcessIbsCmd: Received IBS_WAKE_IND: 0xFD
05-25 12:31:14.592  2108  6508 D vendor.qti.bluetooth@1.0-ibs_handler: SerialClockVote: vote for UART CLK ON
05-25 12:31:14.592  2108  6508 D vendor.qti.bluetooth@1.0-wake_lock: Acquire wakelock is acquired 
05-25 12:31:14.592  2108  6508 I vendor.qti.bluetooth@1.0-ibs_handler: ProcessIbsCmd: Writing IBS_WAKE_ACK
05-25 12:31:14.601  4933  6574 I ScanController: onScanResult to scannerId: 12- eventType=0x10, addressType=1, address=XX:XX:XX:XX:3B:86, primaryPhy=1, secondaryPhy=0, advertisingSid=0xff, txPower=127, rssi=-87, periodicAdvInt=0x0
05-25 12:31:14.641  2108  6508 I vendor.qti.bluetooth@1.0-ibs_handler: ProcessIbsCmd: Received IBS_SLEEP_IND: 0xFE
05-25 12:31:14.641  2108  6508 D vendor.qti.bluetooth@1.0-ibs_handler: SerialClockVote: vote for UART CLK OFF
05-25 12:31:14.743  2124  4700 I sensors-hal: handle_sns_client_event:379, [0][13885274] accel_sample [-0.402, -0.141,  9.801] 1774178351774850
05-25 12:31:14.746  1097  1097 D io_stats: !@   8,0 r 249812186 5595064476 w 53808577 1221349676 d 6487616 1370084016 f 2041949 4900217 iot 23114280 0 th 0 0 0 pt 0 inp 0 0 924798.684
05-25 12:31:14.746  1097  1097 D io_stats: !@ Read_top(KB): com.tplink.iot:low(3549) 516
05-25 12:31:14.747  1097  1097 D io_stats: !@ Write_top(KB): kworker/u17:2:/(10091) 4
05-25 12:31:14.792  2108  5425 D vendor.qti.bluetooth@1.0-wake_lock: Release wakelock is released 
05-25 12:31:14.827  4602  4602 W SecNotificationShadeWindowStateInteractor: SHADE : shadeOrQsExpanded: false => VISIBLE
05-25 12:31:14.827  4602  4602 W SecNotificationShadeWindowStateInteractor: 	bouncerShowing: false, headsUpNotificationShowing: true, keyguardFadingAway: false, keyguardGoingAway: false, lightRevealScrimOpaque: false, qsExpanded: false
05-25 12:31:14.936  2727  4288 E WifiStaIfaceAidlImpl: getCachedScanData failed with service-specific exception: android.os.ServiceSpecificException:  (code 4)
05-25 12:31:14.939  2727  7108 D SemWifiUsabilityStatsMonitor: onWifiUsabilityStats - seqNum 159905, isSameBssidAndFreq true
05-25 12:31:14.940  4602  4731 D Tile.WifiTile: handleUpdateState isTransient=false transientEnabling =false cb.isTransient=false state.state = 2 mStateBeforeClick.value =true enabled =true
05-25 12:31:14.940  2727  4391 D InsDataManager: onOutageCountUpdate() - Outage Data: 0, LQ : N. Outage Triggered: false
05-25 12:31:14.941  2727  4391 D InsDataManager: Trying to save initial normal data.
05-25 12:31:14.941  2727  4391 D SensorCollector: syncMappedBuffers: 0, 120, 0
05-25 12:31:14.941  2727  4391 D InsDataManager: trimBuffers start.
05-25 12:31:14.941  2727  4391 D InsDataManager: trimBuffers - nsmBuffer size: 26
05-25 12:31:14.941  5170  5277 I HoneySpace.StatusIconTracker: invokeEvent() called with: event = Wifi(visible=true, resId=2131236018, activityId=2131236053)
05-25 12:31:14.941  2727  4391 D InsDataManager: Too short for collecting additional normal data
05-25 12:31:14.941  2727  4391 D SemInsManager: {"bssid": "94db60f05745","rssi": -34.0,"latency": 0.0,"outage_count": 0,"lq_callback_triggered": false,"outage_log": "Unreliable statistics: -34.0 / 0 / 0 / 0 / 0 || 94db60f05745: 0.000 / 0.000 / @ || N N / 0 0 / N 2.0 / N X 1 / 924798877 0 || 2026-05-25 12:31:14  / 2: 0 0 0 0 0 0 / 5: 0 0 0 0 0 0 / 2: 0 0 0 0 0 0""Magnetic Sensor Events size": "0""Pressure Sensor Events size": "0"}
05-25 12:31:14.952  2269  4000 I VSyncReactor: Current= 120, Period= 120, Distance= 0
05-25 12:31:14.954  2150 26561 I SDM     : AIScalerFeatureIntfImpl::LookupConfig: Scale ratio = 1.780000
05-25 12:31:14.955  2150 26561 I SDM     : AIScalerParserIntfImpl::LookupConfig: Scale Ratio Match Found Here
05-25 12:31:14.959  2269  4027 D NativeSemDvfsManager: acquire:: timeout = 2000 mIsAcquired = 1  mTagName : SurfaceFlinger 
05-25 12:31:14.960  2269  4027 E NativeCustomFrequencyManager: [NativeCFMS] BpCustomFrequencyManager::acquire()
05-25 12:31:14.960  2135  2263 I HYPER-HAL: [RequestManager.cpp]acquire(): Acquired ID : 5345815  [2269 / 1000]    HINT : SF_GPU_MINLOCK    list : [TIMEOUT / 2000] 
05-25 12:31:14.960  2269  4000 I VSyncReactor: Current= 120, Period= 120, Distance= 120
05-25 12:31:14.963  2154 11894 I DMABUFHEAPS: Using DMA-BUF heap named: qcom,system
05-25 12:31:14.963  2154 11894 I DMABUFHEAPS: Using DMA-BUF heap named: qcom,system
05-25 12:31:14.963  2154 11894 I DMABUFHEAPS: Using DMA-BUF heap named: qcom,system
05-25 12:31:14.963  2154 11894 I DMABUFHEAPS: Using DMA-BUF heap named: qcom,system
05-25 12:31:14.965 11831 13169 D PipelineWatcher: onInputBufferReleased: frameIndex not found (54580); ignored
05-25 12:31:14.966 11831 11852 I MediaCodec: setCodecState state(0), called in 6, domain 1, 0
05-25 12:31:14.967  7818  7818 I SemMediaResourceHelper: onState
05-25 12:31:14.974 11831 11852 I MediaCodec: setCodecState state(1), called in 6, domain 1, 0
05-25 12:31:14.974  7818  7818 I SemMediaResourceHelper: onState
05-25 12:31:14.977  2727  3742 D MotionEngine: [CALIBRATION] Calibration Secess(5)[0.0026 0.0038 0.0012]
05-25 12:31:14.977  2727  3742 D MotionEngine: [CALIBRATION] File Write[0.0026 0.0038 0.0012]
05-25 12:31:15.019 26022 21564 I ekqi    : (REDACTED) HDM. appOpsListener %s %s
05-25 12:31:15.019 26022 21564 I ekqi    : (REDACTED) HDM. Ignoring irrelevant audio permission changes for package %s
05-25 12:31:15.020  5739  5829 I RequestManager_FLP: onOpChanged, op=0 / packageName=com.tplink.iot
05-25 12:31:15.026  2150  2439 I SDM     : DisplayBase::CommitThread: Received idle timeout, panel: cmd, timeout: 70000 us
05-25 12:31:15.063  2727  3742 D MotionEngine: [@@@ Motion Engine @@@] GetMotionScenarioId -0.409173 -0.145962 9.824930 0.023625 -0.012600 0.016275 8 51 20
05-25 12:31:15.063  2727  3742 D MotionEngine: [@@@ Motion Engine @@@] GnStuckMode 0 
05-25 12:31:15.069 11831 13169 D PipelineWatcher: onInputBufferReleased: frameIndex not found (54581); ignored
05-25 12:31:15.167  2154 11894 I DMABUFHEAPS: Using DMA-BUF heap named: qcom,system
05-25 12:31:15.168  2154 11894 I DMABUFHEAPS: Using DMA-BUF heap named: qcom,system
05-25 12:31:15.168  2154 11894 I DMABUFHEAPS: Using DMA-BUF heap named: qcom,system
05-25 12:31:15.168  2154 11894 I DMABUFHEAPS: Using DMA-BUF heap named: qcom,system
05-25 12:31:15.169 11831 13169 D PipelineWatcher: onInputBufferReleased: frameIndex not found (54582); ignored
05-25 12:31:15.272 11831 13169 D PipelineWatcher: onInputBufferReleased: frameIndex not found (54583); ignored
05-25 12:31:15.329  4602  4602 W SecNotificationShadeWindowStateInteractor: SHADE : shadeOrQsExpanded: false => VISIBLE
05-25 12:31:15.329  4602  4602 W SecNotificationShadeWindowStateInteractor: 	bouncerShowing: false, headsUpNotificationShowing: true, keyguardFadingAway: false, keyguardGoingAway: false, lightRevealScrimOpaque: false, qsExpanded: false
05-25 12:31:15.370  2154 11894 I DMABUFHEAPS: Using DMA-BUF heap named: qcom,system
05-25 12:31:15.370  2154 11894 I DMABUFHEAPS: Using DMA-BUF heap named: qcom,system
05-25 12:31:15.371  2154 11894 I DMABUFHEAPS: Using DMA-BUF heap named: qcom,system
05-25 12:31:15.371  2154 11894 I DMABUFHEAPS: Using DMA-BUF heap named: qcom,system
05-25 12:31:15.372 11831 13169 D PipelineWatcher: onInputBufferReleased: frameIndex not found (54584); ignored
05-25 12:31:15.471 11831 13169 D PipelineWatcher: onInputBufferReleased: frameIndex not found (54585); ignored
05-25 12:31:15.490  7818  7818 I SDHMS:LOAD: type: LoadsFreqs, value: 1:0:0:1017600:1017600:1017600:1135103:3072000:556800:434:443:222
05-25 12:31:15.551  2250  2326 E HeatmapThread: ECT Thread time in milliseconds: 1779679875
05-25 12:31:15.553  2250  2326 D HeatmapThread: !@ batteryplugType : 2
05-25 12:31:15.553  2250  2326 D HeatmapThread: !@ batteryLevel : 76  batteryTemperature : 344 
05-25 12:31:15.553  2250  2326 D HeatmapThread: !@ Heatmap currtime: 29661331
05-25 12:31:15.553  2250  2326 D HeatmapThread: !@ Heatmap prevtime: 29661309
05-25 12:31:15.553  2250  2326 D HeatmapThread: !@ Heatmap plugstarttime: 29661249
05-25 12:31:15.553  2250  2326 D HeatmapThread: !@ Heatmap prevv_dsoh_update_time: 29661309
05-25 12:31:15.553  2250  2326 E HeatmapThread: !@ CAM New BSOH: 100
05-25 12:31:15.553  2250  2326 E HeatmapThread: !@ CAM is Working
05-25 12:31:15.568  2154 11894 I DMABUFHEAPS: Using DMA-BUF heap named: qcom,system
05-25 12:31:15.568  2154 11894 I DMABUFHEAPS: Using DMA-BUF heap named: qcom,system
05-25 12:31:15.569  2154 11894 I DMABUFHEAPS: Using DMA-BUF heap named: qcom,system
05-25 12:31:15.569  2154 11894 I DMABUFHEAPS: Using DMA-BUF heap named: qcom,system
05-25 12:31:15.570 11831 13169 D PipelineWatcher: onInputBufferReleased: frameIndex not found (54586); ignored
05-25 12:31:15.672 11831 13169 D PipelineWatcher: onInputBufferReleased: frameIndex not found (54587); ignored
05-25 12:31:15.718 22025 22490 I NearbyMediums: Found Fast Ble Advertisements :
05-25 12:31:15.718 22025 22490 I NearbyMediums: BleAdvertisement { version=2, socketVersion=2, isFast=true, serviceIdHash=null, data=[ 0x23 0x51 0x47 0x4a 0x41 0x11 0x34 0x96 0xc5 0x20 0xcc 0x49 0xfb 0x1d 0x95 0x75 0x87 0x4f 0xa8 0xad 0x13 0xa3 0x2c ], deviceToken=[ 0x02 0x0d ], rxAdvertisement=null } : 5 times.
05-25 12:31:15.718 22025 22490 I NearbyMediums: BleAdvertisement { version=2, socketVersion=2, isFast=true, serviceIdHash=null, data=[ 0x23 0x38 0x49 0x4a 0x34 0x11 0x32 0xe2 0xa4 0x5a 0x18 0x57 0x69 0x43 0x1b 0x0f 0x4c 0x6a 0x82 0xf1 0xd3 0x72 0x1a ], deviceToken=[ 0xcc 0x19 ], rxAdvertisement=null } : 2 times.
05-25 12:31:15.718 22025 22490 I NearbyMediums: Total 7 fast advertisements from 2 unique advertisers.
05-25 12:31:15.718 22025 22490 I NearbyMediums: Current Tracked Scanning Clients are : {NearbyConnections.EnvironmentMonitor, NearbySharing, NearbyConnections.TxAdvertisement}
05-25 12:31:15.771  2154 11894 I DMABUFHEAPS: Using DMA-BUF heap named: qcom,system
05-25 12:31:15.771  2154 11894 I DMABUFHEAPS: Using DMA-BUF heap named: qcom,system
05-25 12:31:15.771  2154 11894 I DMABUFHEAPS: Using DMA-BUF heap named: qcom,system
05-25 12:31:15.772  2154 11894 I DMABUFHEAPS: Using DMA-BUF heap named: qcom,system
05-25 12:31:15.773 11831 13169 D PipelineWatcher: onInputBufferReleased: frameIndex not found (54588); ignored
05-25 12:31:15.830  4602  4602 W SecNotificationShadeWindowStateInteractor: SHADE : shadeOrQsExpanded: false => VISIBLE
05-25 12:31:15.830  4602  4602 W SecNotificationShadeWindowStateInteractor: 	bouncerShowing: false, headsUpNotificationShowing: true, keyguardFadingAway: false, keyguardGoingAway: false, lightRevealScrimOpaque: false, qsExpanded: false
05-25 12:31:15.872 11831 13169 D PipelineWatcher: onInputBufferReleased: frameIndex not found (54589); ignored
05-25 12:31:15.943  2727  3742 D MotionEngine: [@@@ Motion Engine @@@] GetMotionScenarioId -0.399601 -0.112463 9.858429 0.058625 -0.012600 -0.009975 8 51 20
05-25 12:31:15.943  2727  3742 D MotionEngine: [@@@ Motion Engine @@@] GnStuckMode 0 
05-25 12:31:15.971  2154 11894 I DMABUFHEAPS: Using DMA-BUF heap named: qcom,system
05-25 12:31:15.971  2154 11894 I DMABUFHEAPS: Using DMA-BUF heap named: qcom,system
05-25 12:31:15.971  2154 11894 I DMABUFHEAPS: Using DMA-BUF heap named: qcom,system
05-25 12:31:15.971  2154 11894 I DMABUFHEAPS: Using DMA-BUF heap named: qcom,system
05-25 12:31:15.973 11831 13169 D PipelineWatcher: onInputBufferReleased: frameIndex not found (54590); ignored
05-25 12:31:16.064  2727  3742 D MotionEngine: [CALIBRATION] Calibration Secess(1)[0.0091 -0.0042 0.0028]
05-25 12:31:16.298  4757 27235 D IpClient/wlan0: interfaceLinkStateChanged: ifindex 45 up
05-25 12:31:16.312  2108  6508 I vendor.qti.bluetooth@1.0-ibs_handler: ProcessIbsCmd: Received IBS_WAKE_IND: 0xFD
05-25 12:31:16.312  2108  6508 D vendor.qti.bluetooth@1.0-ibs_handler: SerialClockVote: vote for UART CLK ON
05-25 12:31:16.312  2108  6508 D vendor.qti.bluetooth@1.0-wake_lock: Acquire wakelock is acquired 
05-25 12:31:16.312  2108  6508 I vendor.qti.bluetooth@1.0-ibs_handler: ProcessIbsCmd: Writing IBS_WAKE_ACK
05-25 12:31:16.320  4933  6574 I ScanController: onScanResult to scannerId: 12- eventType=0x10, addressType=1, address=XX:XX:XX:XX:3B:86, primaryPhy=1, secondaryPhy=0, advertisingSid=0xff, txPower=127, rssi=-87, periodicAdvInt=0x0
05-25 12:31:16.330  4602  4602 W SecNotificationShadeWindowStateInteractor: SHADE : shadeOrQsExpanded: false => VISIBLE
05-25 12:31:16.330  4602  4602 W SecNotificationShadeWindowStateInteractor: 	bouncerShowing: false, headsUpNotificationShowing: true, keyguardFadingAway: false, keyguardGoingAway: false, lightRevealScrimOpaque: false, qsExpanded: false
05-25 12:31:16.361  2108  6508 I vendor.qti.bluetooth@1.0-ibs_handler: ProcessIbsCmd: Received IBS_SLEEP_IND: 0xFE
05-25 12:31:16.361  2108  6508 D vendor.qti.bluetooth@1.0-ibs_handler: SerialClockVote: vote for UART CLK OFF
05-25 12:31:16.384  2108  6508 I vendor.qti.bluetooth@1.0-ibs_handler: ProcessIbsCmd: Received IBS_WAKE_IND: 0xFD
05-25 12:31:16.384  2108  6508 D vendor.qti.bluetooth@1.0-ibs_handler: SerialClockVote: vote for UART CLK ON
05-25 12:31:16.384  2108  6508 I vendor.qti.bluetooth@1.0-ibs_handler: ProcessIbsCmd: Writing IBS_WAKE_ACK
05-25 12:31:16.389  4933  6574 I ScanController: onScanResult to scannerId: 9- eventType=0x13, addressType=1, address=XX:XX:XX:XX:D4:87, primaryPhy=1, secondaryPhy=0, advertisingSid=0xff, txPower=127, rssi=-87, periodicAdvInt=0x0
05-25 12:31:16.389  4933  5415 I bluetooth: system/gd/hci/le_scanning_reassembler.cc:54 ProcessAdvertisingReport: Ignoring scan response received without advertising event
05-25 12:31:16.390  5938  5938 W IPCThreadState: Sending oneway calls to frozen process.
05-25 12:31:16.399  4933  5415 I bluetooth: system/gd/hci/le_scanning_reassembler.cc:54 ProcessAdvertisingReport: Ignoring scan response received without advertising event
05-25 12:31:16.399  4933  6574 I ScanController: onScanResult to scannerId: 9- eventType=0x13, addressType=1, address=XX:XX:XX:XX:89:16, primaryPhy=1, secondaryPhy=0, advertisingSid=0xff, txPower=127, rssi=-88, periodicAdvInt=0x0
05-25 12:31:16.400  5938  5938 W IPCThreadState: Sending oneway calls to frozen process.
05-25 12:31:16.405  2124 21942 I sensors-hal: handle_sns_client_event:435, [0][7967] gyro_sample_cal(cal_available:1)(3) [-0.003, 0.002, 0.000] bias[-0.002,-0.004,-0.003] 1774180007905892
05-25 12:31:16.439  2108  6508 I vendor.qti.bluetooth@1.0-ibs_handler: ProcessIbsCmd: Received IBS_SLEEP_IND: 0xFE
05-25 12:31:16.439  2108  6508 D vendor.qti.bluetooth@1.0-ibs_handler: SerialClockVote: vote for UART CLK OFF
05-25 12:31:16.552  2250  2326 E HeatmapThread: ECT Thread time in milliseconds: 1779679876
05-25 12:31:16.553  2250  2326 D HeatmapThread: !@ batteryplugType : 2
05-25 12:31:16.553  2250  2326 D HeatmapThread: !@ batteryLevel : 76  batteryTemperature : 344 
05-25 12:31:16.554  2250  2326 D HeatmapThread: !@ Heatmap currtime: 29661331
05-25 12:31:16.554  2250  2326 D HeatmapThread: !@ Heatmap prevtime: 29661309
05-25 12:31:16.554  2250  2326 D HeatmapThread: !@ Heatmap plugstarttime: 29661249
05-25 12:31:16.554  2250  2326 D HeatmapThread: !@ Heatmap prevv_dsoh_update_time: 29661309
05-25 12:31:16.554  2250  2326 E HeatmapThread: !@ CAM New BSOH: 100
05-25 12:31:16.554  2250  2326 E HeatmapThread: !@ CAM is Working
05-25 12:31:16.589  2108  5425 D vendor.qti.bluetooth@1.0-wake_lock: Release wakelock is released 
05-25 12:31:16.603  2124 16773 I sensors-hal: handle_sns_std_sensor_event:408, [SSC_LIGHT] P: 136(136),c:151,b:70,m:13,cl:26,l:135,s:116,l0:22240,l1:448,s0:15500,s1:0,acl:1,opr:0.87,f(r):108,u(bl):100,if:108,wi:0,si:0,0(N:0)
05-25 12:31:16.764  2124  4700 I sensors-hal: handle_sns_client_event:379, [0][13885509] accel_sample [-8.662, -0.074, 15.326] 1774180356070527
05-25 12:31:16.824  2727  3742 D MotionEngine: [@@@ Motion Engine @@@] GetMotionScenarioId -10.588241 -0.399601 8.626125 172.444552 156.025369 111.638386 8 51 20
05-25 12:31:16.824  2727  3742 D MotionEngine: [@@@ Motion Engine @@@] GnStuckMode 0 
05-25 12:31:16.831  4602  4602 W SecNotificationShadeWindowStateInteractor: SHADE : shadeOrQsExpanded: false => VISIBLE
05-25 12:31:16.831  4602  4602 W SecNotificationShadeWindowStateInteractor: 	bouncerShowing: false, headsUpNotificationShowing: true, keyguardFadingAway: false, keyguardGoingAway: false, lightRevealScrimOpaque: false, qsExpanded: false
05-25 12:31:16.844  2727  3742 D MotionEngine: [TURN OVER] #####  GYRO move satisfied, have to check acc [dx dy] -213 164 173.030801 141.719125
05-25 12:31:16.924  2124 16773 I sensors-hal: handle_sns_std_sensor_event:408, [SSC_LIGHT] P: 226(226),c:151,b:70,m:13,cl:26,l:259,s:195,l0:39648,l1:1120,s0:26000,s1:0,acl:1,opr:0.87,f(r):108,u(bl):100,if:108,wi:0,si:0,0(N:0)
05-25 12:31:16.961  2135 22592 I HYPER-HAL: [RequestManager.cpp]releaseLocked(): Released ID : 5345815
05-25 12:31:17.084  2124 16773 I sensors-hal: handle_sns_std_sensor_event:408, [SSC_LIGHT] P: 379(379),c:151,b:70,m:13,cl:26,l:386,s:384,l0:56576,l1:1184,s0:51000,s1:0,acl:1,opr:0.87,f(r):108,u(bl):100,if:108,wi:0,si:0,0(N:0)
05-25 12:31:17.257  2727  4420 D WifiConnectivityMonitor: Stop WCM Poll. cnt : 5
05-25 12:31:17.258  2727  4420 D WifiConnectivityMonitor: Unregister WifiLinkQualityMonitorCallback
05-25 12:31:17.258  2727  4390 I SemWifiLinkQualityMonitor: LQ callback unregistered
05-25 12:31:17.329  2727  3241 E Watchdog: !@Sync: 30809 heap(MB): 240 / 267 FD: 2077 [2026-05-25 12:31:17.329]
05-25 12:31:17.332  4602  4602 W SecNotificationShadeWindowStateInteractor: SHADE : shadeOrQsExpanded: false => VISIBLE
05-25 12:31:17.332  4602  4602 W SecNotificationShadeWindowStateInteractor: 	bouncerShowing: false, headsUpNotificationShowing: true, keyguardFadingAway: false, keyguardGoingAway: false, lightRevealScrimOpaque: false, qsExpanded: false
05-25 12:31:17.404  2124 16773 I sensors-hal: handle_sns_std_sensor_event:408, [SSC_LIGHT] P: 275(275),c:151,b:70,m:13,cl:26,l:242,s:251,l0:36864,l1:800,s0:33500,s1:0,acl:1,opr:0.87,f(r):108,u(bl):100,if:108,wi:0,si:0,0(N:0)
05-25 12:31:17.511  2160  2160 I seh_thermal_service: getTemperaturesWithType SehTemperatureType: 3
05-25 12:31:17.511  2158  2158 I sehhealth-service: updateLrpSysfs: write: 345
05-25 12:31:17.512  2158  2289 E BatteryDump: !@new_battery_dump : 4167,268,475,550,76,343,326,368,343,0,345,368,0,Charging,NO_CHARGING,Normal,Good,USB,1,Normal,0,0,9112,0x0,0x10000,0x0,0,0,301,v0002,0000,0000,00000000,0,0,0,0,200,4157,7629,990,0,
05-25 12:31:17.543  2727  5728 I NSLocationMonitor: getGPSUsingApps() called
05-25 12:31:17.543  5739  5773 I NSLocationManager_FLP: getGPSUsingApps, No change
05-25 12:31:17.549  2727  5728 D FreecessHandler: freeze com.coupang.mobile.eats(10392) result : 2
05-25 12:31:17.550  2727  5728 I NSLocationMonitor: getGPSUsingApps() called
05-25 12:31:17.550  5739  5773 I NSLocationManager_FLP: getGPSUsingApps, No change
05-25 12:31:17.551  2250  2326 E HeatmapThread: ECT Thread time in milliseconds: 1779679877
05-25 12:31:17.553  2250  2326 D HeatmapThread: !@ batteryplugType : 2
05-25 12:31:17.553  2250  2326 D HeatmapThread: !@ batteryLevel : 76  batteryTemperature : 343 
05-25 12:31:17.553  2250  2326 D HeatmapThread: !@ Heatmap currtime: 29661331
05-25 12:31:17.553  2250  2326 D HeatmapThread: !@ Heatmap prevtime: 29661309
05-25 12:31:17.553  2250  2326 D HeatmapThread: !@ Heatmap plugstarttime: 29661249
05-25 12:31:17.553  2250  2326 D HeatmapThread: !@ Heatmap prevv_dsoh_update_time: 29661309
05-25 12:31:17.553  2727  5728 D FreecessHandler: freeze com.forgeapps.tickday(10716) result : 12
05-25 12:31:17.553  2250  2326 E HeatmapThread: !@ CAM New BSOH: 100
05-25 12:31:17.553  2250  2326 E HeatmapThread: !@ CAM is Working
05-25 12:31:17.563  2124 16773 I sensors-hal: handle_sns_std_sensor_event:408, [SSC_LIGHT] P: 179(179),c:151,b:70,m:13,cl:26,l:160,s:154,l0:25600,l1:512,s0:20500,s1:0,acl:1,opr:0.87,f(r):108,u(bl):100,if:108,wi:0,si:0,0(N:0)
05-25 12:31:17.565  2124  4564 I sensors-hal: handle_sns_client_event:160, auto_rotation_event_2 event,0, duration,0, ts,1774181180575319, ts_diff,346141
05-25 12:31:17.565  2124  4564 I sensors-hal: handle_sns_client_event:165, auto_rotation_debug_2 acc,1.484,5.800,7.710, ar,0, ver,14, pedo,1,e,1,i,3
05-25 12:31:17.566  2727  3226 D WindowOrientationListener: onSensorChanged device orientation: 0
05-25 12:31:17.566  2727  3226 V WindowManager: Computed rotation=ROTATION_0 (0) for display id=1810 based on lastOrientation=SCREEN_ORIENTATION_UNSPECIFIED (-1) and oldRotation=ROTATION_0 (0), caller=com.android.server.wm.WindowManagerService.updateRotationUnchecked:72 com.android.server.wm.DisplayRotation$OrientationListener.onProposedRotationChanged:328 com.android.server.wm.WindowOrientationListener$OrientationSensorJudge.finalizeRotation:26 com.android.server.wm.WindowOrientationListener$OrientationSensorJudge.onSensorChanged:392 android.hardware.SystemSensorManager$SensorEventQueue.dispatchSensorEvent:1142 android.os.MessageQueue.nativePollOnce:-2 
05-25 12:31:17.567  2727  3226 V WindowManager: Computed rotation=ROTATION_0 (0) for display id=0 based on lastOrientation=SCREEN_ORIENTATION_UNSPECIFIED (-1) and oldRotation=ROTATION_0 (0), caller=com.android.server.wm.WindowManagerService.updateRotationUnchecked:72 com.android.server.wm.DisplayRotation$OrientationListener.onProposedRotationChanged:328 com.android.server.wm.WindowOrientationListener$OrientationSensorJudge.finalizeRotation:26 com.android.server.wm.WindowOrientationListener$OrientationSensorJudge.onSensorChanged:392 android.hardware.SystemSensorManager$SensorEventQueue.dispatchSensorEvent:1142 android.os.MessageQueue.nativePollOnce:-2 
05-25 12:31:17.567  4602  4602 D AppController: AppControlSensorListener.onSensorChanged, Rotation: 0
05-25 12:31:17.587  4578  4921 D SatelliteController: isInCarrierRoamingNbIotNtn: satellite is disabled
05-25 12:31:17.724  2727  3742 D MotionEngine: [@@@ Motion Engine @@@] GetMotionScenarioId 0.437887 7.022934 6.541977 39.794628 -13.147043 -35.825282 8 51 20
05-25 12:31:17.724  2727  3742 D MotionEngine: [@@@ Motion Engine @@@] GnStuckMode 0 
05-25 12:31:17.833  4602  4602 W SecNotificationShadeWindowStateInteractor: SHADE : shadeOrQsExpanded: false => VISIBLE
05-25 12:31:17.833  4602  4602 W SecNotificationShadeWindowStateInteractor: 	bouncerShowing: false, headsUpNotificationShowing: true, keyguardFadingAway: false, keyguardGoingAway: false, lightRevealScrimOpaque: false, qsExpanded: false
05-25 12:31:17.915  2108  6508 I vendor.qti.bluetooth@1.0-ibs_handler: ProcessIbsCmd: Received IBS_WAKE_IND: 0xFD
05-25 12:31:17.915  2108  6508 D vendor.qti.bluetooth@1.0-ibs_handler: SerialClockVote: vote for UART CLK ON
05-25 12:31:17.915  2108  6508 D vendor.qti.bluetooth@1.0-wake_lock: Acquire wakelock is acquired 
05-25 12:31:17.915  2108  6508 I vendor.qti.bluetooth@1.0-ibs_handler: ProcessIbsCmd: Writing IBS_WAKE_ACK
05-25 12:31:17.924  4933  6574 I ScanController: onScanResult to scannerId: 12- eventType=0x10, addressType=1, address=XX:XX:XX:XX:98:EA, primaryPhy=1, secondaryPhy=0, advertisingSid=0xff, txPower=127, rssi=-83, periodicAdvInt=0x0
05-25 12:31:17.948  2727  4288 E WifiStaIfaceAidlImpl: getCachedScanData failed with service-specific exception: android.os.ServiceSpecificException:  (code 4)
05-25 12:31:17.952  2727  7108 D SemWifiUsabilityStatsMonitor: onWifiUsabilityStats - seqNum 159906, isSameBssidAndFreq true
05-25 12:31:17.954  2727  4391 D InsDataManager: onOutageCountUpdate() - Outage Data: 0, LQ : N. Outage Triggered: false
05-25 12:31:17.954  2727  4391 D InsDataManager: Trying to save initial normal data.
05-25 12:31:17.954  2727  4391 D SensorCollector: syncMappedBuffers: 0, 120, 0
05-25 12:31:17.954  5170  5277 I HoneySpace.StatusIconTracker: invokeEvent() called with: event = Wifi(visible=true, resId=2131236018, activityId=2131236043)
05-25 12:31:17.954  2727  4391 D InsDataManager: trimBuffers start.
05-25 12:31:17.954  2727  4391 D InsDataManager: trimBuffers - nsmBuffer size: 26
05-25 12:31:17.954  2727  4391 D InsDataManager: Too short for collecting additional normal data
05-25 12:31:17.954  2727  4391 D SemInsManager: {"bssid": "94db60f05745","rssi": -26.0,"latency": 0.0,"outage_count": 0,"lq_callback_triggered": false,"outage_log": "Unreliable statistics: -26.0 / 1 / 58 / 0 / 0 || 94db60f05745: 0.000 / 0.000 / @ || N N / 0 0 / N 2.0 / N X 1 / 924801891 0 || 2026-05-25 12:31:17  / 2: 0 0 0 0 0 0 / 5: 0 0 0 0 0 0 / 2: 0 0 0 0 0 0""Magnetic Sensor Events size": "0""Pressure Sensor Events size": "0"}
05-25 12:31:17.956  4602  4731 D Tile.WifiTile: handleUpdateState isTransient=false transientEnabling =false cb.isTransient=false state.state = 2 mStateBeforeClick.value =true enabled =true
05-25 12:31:17.963  2108  6508 I vendor.qti.bluetooth@1.0-ibs_handler: ProcessIbsCmd: Received IBS_SLEEP_IND: 0xFE
05-25 12:31:17.963  2108  6508 D vendor.qti.bluetooth@1.0-ibs_handler: SerialClockVote: vote for UART CLK OFF
05-25 12:31:17.965  2269  3143 I VSyncReactor: Current= 120, Period= 120, Distance= 0
05-25 12:31:17.970  2150 26561 I SDM     : AIScalerFeatureIntfImpl::LookupConfig: Scale ratio = 1.780000
05-25 12:31:17.970  2150 26561 I SDM     : AIScalerParserIntfImpl::LookupConfig: Scale Ratio Match Found Here
05-25 12:31:17.973  2269  4000 I VSyncReactor: Current= 120, Period= 120, Distance= 120
05-25 12:31:17.974  2269  4027 D NativeSemDvfsManager: acquire:: timeout = 2000 mIsAcquired = 1  mTagName : SurfaceFlinger 
05-25 12:31:17.974  2269  4027 E NativeCustomFrequencyManager: [NativeCFMS] BpCustomFrequencyManager::acquire()
05-25 12:31:17.974  2135  2263 I HYPER-HAL: [RequestManager.cpp]acquire(): Acquired ID : 5345815  [2269 / 1000]    HINT : SF_GPU_MINLOCK    list : [TIMEOUT / 2000] 
05-25 12:31:17.975 11831 11852 I MediaCodec: setCodecState state(0), called in 6, domain 1, 0
05-25 12:31:17.976  7818  7818 I SemMediaResourceHelper: onState
05-25 12:31:17.978  2154 11889 D AidlBufferPool: bufferpool2 0xb400007d85a6e3e8 : 15(18781440 size) total buffers - 12(13595520 size) used buffers - 108371/109193 (recycle/alloc) - 0/0 (fetch/transfer)
05-25 12:31:17.978 11831 13169 D PipelineWatcher: onInputBufferReleased: frameIndex not found (54591); ignored
05-25 12:31:17.984  2154 11881 D AidlBufferPool: bufferpool2 0xb400007d85a8d9b8 : 5(9543680 size) total buffers - 5(9543680 size) used buffers - 54327/54596 (recycle/alloc) - 1351/54591 (fetch/transfer)
05-25 12:31:17.985 11831 11852 I MediaCodec: setCodecState state(1), called in 6, domain 1, 0
05-25 12:31:17.986  7818  7818 I SemMediaResourceHelper: onState
05-25 12:31:17.994  2231  3299 I SoundBooster_Interface2000_a64: class changed. current PP class= SED_CLASS_PIANO)
05-25 12:31:17.994  2231  3299 I SoundBooster_Interface2000_a64: Exe() mInstanceID [0] mMode [2]  samples [960] VolumeIndexInt [15] mSamplingRate [48000] SED class= [SED_CLASS_PIANO] PP class [SED_CLASS_PIANO]
05-25 12:31:18.041  2150  2439 I SDM     : DisplayBase::CommitThread: Received idle timeout, panel: cmd, timeout: 69999 us
05-25 12:31:18.055  2108  6508 I vendor.qti.bluetooth@1.0-ibs_handler: ProcessIbsCmd: Received IBS_WAKE_IND: 0xFD
05-25 12:31:18.055  2108  6508 D vendor.qti.bluetooth@1.0-ibs_handler: SerialClockVote: vote for UART CLK ON
05-25 12:31:18.055  2108  6508 I vendor.qti.bluetooth@1.0-ibs_handler: ProcessIbsCmd: Writing IBS_WAKE_ACK
05-25 12:31:18.058  4933  6574 I ScanController: onScanResult to scannerId: 9- eventType=0x13, addressType=1, address=XX:XX:XX:XX:D4:87, primaryPhy=1, secondaryPhy=0, advertisingSid=0xff, txPower=127, rssi=-84, periodicAdvInt=0x0
05-25 12:31:18.058  4933  5415 I bluetooth: system/gd/hci/le_scanning_reassembler.cc:54 ProcessAdvertisingReport: Ignoring scan response received without advertising event
05-25 12:31:18.058  5938  5938 W IPCThreadState: Sending oneway calls to frozen process.
05-25 12:31:18.082  2154 11894 I DMABUFHEAPS: Using DMA-BUF heap named: qcom,system
05-25 12:31:18.083  2154 11894 I DMABUFHEAPS: Using DMA-BUF heap named: qcom,system
05-25 12:31:18.083  2154 11894 I DMABUFHEAPS: Using DMA-BUF heap named: qcom,system
05-25 12:31:18.083  2154 11894 I DMABUFHEAPS: Using DMA-BUF heap named: qcom,system
05-25 12:31:18.084 11831 13169 D PipelineWatcher: onInputBufferReleased: frameIndex not found (54592); ignored
05-25 12:31:18.098  2108  6508 I vendor.qti.bluetooth@1.0-ibs_handler: ProcessIbsCmd: Received IBS_SLEEP_IND: 0xFE
05-25 12:31:18.098  2108  6508 D vendor.qti.bluetooth@1.0-ibs_handler: SerialClockVote: vote for UART CLK OFF
05-25 12:31:18.183 11831 13169 D PipelineWatcher: onInputBufferReleased: frameIndex not found (54593); ignored
05-25 12:31:18.203  2124 16773 I sensors-hal: handle_sns_std_sensor_event:408, [SSC_LIGHT] P: 112(112),c:151,b:70,m:13,cl:26,l:132,s:90,l0:21504,l1:320,s0:12000,s1:0,acl:1,opr:0.87,f(r):108,u(bl):100,if:108,wi:0,si:0,0(N:0)
05-25 12:31:18.248  2108  5425 D vendor.qti.bluetooth@1.0-wake_lock: Release wakelock is released 
05-25 12:31:18.283  2154 11894 I DMABUFHEAPS: Using DMA-BUF heap named: qcom,system
05-25 12:31:18.284  2154 11894 I DMABUFHEAPS: Using DMA-BUF heap named: qcom,system
05-25 12:31:18.284  2154 11894 I DMABUFHEAPS: Using DMA-BUF heap named: qcom,system
05-25 12:31:18.284  2154 11894 I DMABUFHEAPS: Using DMA-BUF heap named: qcom,system
05-25 12:31:18.284 11831 13169 D PipelineWatcher: onInputBufferReleased: frameIndex not found (54594); ignored
05-25 12:31:18.285  2727  3889 D InputReader: Btn_touch(5): value=1 when=924802.223752
05-25 12:31:18.285  2727  3889 I InputReader: Touch event's action is 0x0 (id=6, t=0) [pCnt=1, s=0.5466 ] when=924802.223752
05-25 12:31:18.289  2727  3888 I InputDispatcher: Delivering touch to (4602): action: 0x4, f=0x0, d=0, '8f03fa9', t=1 
05-25 12:31:18.289  2727  3888 I InputDispatcher: Delivering touch to (4602): action: 0x0, f=0x0, d=0, 'e0b05b ', t=1 
05-25 12:31:18.290  2727  3888 D PowerManagerService: [api] userActivityFromNative : touch displayId=0 eventTime=924802223
05-25 12:31:18.290  4602  4602 I VRI[NotificationShade]@cf74c67: ViewPostIme pointer 0
05-25 12:31:18.290  2727  3888 D PowerManagerService: UserActivityStateListenerState: 1
05-25 12:31:18.290  4602  4602 D NotifShadeWindowVC: [NSWVC] shouldInterceptTouchEventInternal: isFullyExpanded: false StatusBarState: 0
05-25 12:31:18.290  4602  4602 D QuickPanelLog: NPVC | onInterceptTouchEvent | ACTION_DOWN | x:423.45703, y:258.79395 |  | SHADE
05-25 12:31:18.290  2727  3226 I GestureDetector: obtain mCurrentDownEvent. id: 485120807 caller: com.android.server.wm.SystemGesturesPointerEventListener.onPointerEvent:17 com.android.server.wm.PointerEventDispatcher.onInputEvent:51 android.view.InputEventReceiver.dispatchInputEvent:392 
05-25 12:31:18.291  2727  3226 I GestureDetector: obtain mCurrentDownEvent. id: 485120807 caller: com.android.server.wm.SystemPerformancePointerEventListener.onPointerEvent:13 com.android.server.wm.PointerEventDispatcher.onInputEvent:51 android.view.InputEventReceiver.dispatchInputEvent:392 
05-25 12:31:18.292  4602  4602 D KeyguardTouchAnimator: intercepted: action=0 mQsExpanded=false, mQsFullyExpanded=false
05-25 12:31:18.293  2727  3226 I GestureDetector: obtain mCurrentMotionEventRaw. action: 2 id: 809480533
05-25 12:31:18.293  2727  3226 I GestureDetector: obtain mCurrentMotionEventRaw. action: 2 id: 809480533
05-25 12:31:18.293  4602  4602 D KeyguardViewUtil: isInContentsArea x = 423, y = 258, rect = Rect(222, 2096 - 857, 2259)
05-25 12:31:18.293  4602  4602 D NowBarController: isInContentsArea = false
05-25 12:31:18.293  4602  4602 I NotificationPanelView: onInterceptTouchEvent: mLockStarEnabled=false, isInLockStarContainer(event) = false, pand = true
05-25 12:31:18.294  4602  4602 D StackScroller: isBelowLastNotification false : mQsMinHeight > touchY
05-25 12:31:18.294  4602  4602 D QuickPanelLog: NPVC | onInterceptTouchEvent | ACTION_DOWN | x:423.45703, y:258.79395 | return: false | SHADE | FINAL
05-25 12:31:18.294  4602  4602 D NotifShadeWindowVC: [NSWVC] shouldInterceptTouchEventInternal: return false
05-25 12:31:18.294  4602  4602 D QuickPanelLog: NSSLC | onInterceptTouchEvent | ACTION_DOWN | x:423.45703, y:258.79395 |  | SHADE
05-25 12:31:18.294  4602  4602 D StackScroller: isBelowLastNotification false : mQsMinHeight > touchY
05-25 12:31:18.297  2269  4000 I VSyncReactor: Current= 120, Period= 120, Distance= 3
05-25 12:31:18.299  4602  4602 I GestureDetector: obtain mCurrentDownEvent. id: 485120807 caller: android.view.ScaleGestureDetector.onTouchEvent:297 com.android.systemui.ExpandHelper.onInterceptTouchEvent:16 com.android.systemui.statusbar.notification.stack.NotificationStackScrollLayoutController$TouchHandler.onInterceptTouchEvent:161 
05-25 12:31:18.301  2727  2727 I SemDvfsHyPerManager: acquire hyper - WM_SCROLL_DETECTED/2727@2, type = -999
05-25 12:31:18.301  2135  2263 I HYPER-HAL: [RequestManager.cpp]acquire(): Acquired ID : 3725087  [2727 / 2]    HINT :      list : [CoreNumBigMin / 6] 
05-25 12:31:18.306  2269  3143 I VSyncReactor: Current= 120, Period= 120, Distance= 120
05-25 12:31:18.306  4602  4602 D QuickPanelLog: NSSLC | onInterceptTouchEvent | ACTION_DOWN | x:423.45703, y:258.79395 | return: false | SHADE | swipeWantsIt: false, scrollWantsIt: false, expandWantsIt: false, longPressWantsIt: false, panelSlideWantsItfalse, hunWantsIt: false
05-25 12:31:18.306  4602  4602 I VRI[NotificationShade]@cf74c67: call setFrameRateCategory for touch hint category=high hint, reason=touch, vri=VRI[NotificationShade]@cf74c67
05-25 12:31:18.314  2269  2269 I SurfaceFlinger: [NotificationShade$_4602#232767] setFrameRateCategory: HighHint
05-25 12:31:18.314  4602  4602 D QuickPanelLog: NPVC | onInterceptTouchEvent | ACTION_MOVE | x:485.917, y:259.36523 |  | SHADE
05-25 12:31:18.314  4602  4602 I NotificationPanelView: onInterceptTouchEvent: mLockStarEnabled=false, isInLockStarContainer(event) = false, pand = true
05-25 12:31:18.314  4602  4602 D QuickPanelLog: NSSLC | onInterceptTouchEvent | ACTION_MOVE | x:485.917, y:259.36523 |  | SHADE
05-25 12:31:18.314  4602  4602 I GestureDetector: obtain mCurrentMotionEventRaw. action: 2 id: 634221549
05-25 12:31:18.316  4602  4602 W RefactorFlag: New code path expects SceneContainerFlag to be enabled.
05-25 12:31:18.323  4602  4602 D QuickPanelLog: NSSLC | onTouchEvent | ACTION_MOVE |  | SHADE
05-25 12:31:18.324  2150 26561 I SDM     : AIScalerFeatureIntfImpl::LookupConfig: Scale ratio = 1.780000
05-25 12:31:18.324  2150 26561 I SDM     : AIScalerParserIntfImpl::LookupConfig: Scale Ratio Match Found Here
05-25 12:31:18.324  2727  2789 D SurfaceComposerClient: setCornerRadius ## 9ac0ee8 com.forgeapps.tickday/com.forgeapps.tickday.MainActivity#232721 cornerRadius=0.000000
05-25 12:31:18.325  2727  2789 D SurfaceComposerClient: setCornerRadius ## 9ac0ee8 com.forgeapps.tickday/com.forgeapps.tickday.MainActivity#232721 cornerRadius=0.000000
05-25 12:31:18.331 11831 13169 D PipelineWatcher: onInputBufferReleased: frameIndex not found (54595); ignored
05-25 12:31:18.331  2727  2789 D SurfaceComposerClient: setCornerRadius ## 9ac0ee8 com.forgeapps.tickday/com.forgeapps.tickday.MainActivity#232721 cornerRadius=0.000000
05-25 12:31:18.332  2727  2789 D SurfaceComposerClient: setCornerRadius ## 9ac0ee8 com.forgeapps.tickday/com.forgeapps.tickday.MainActivity#232721 cornerRadius=0.000000
05-25 12:31:18.334  4602  4602 W SecNotificationShadeWindowStateInteractor: SHADE : shadeOrQsExpanded: false => VISIBLE
05-25 12:31:18.334  4602  4602 W SecNotificationShadeWindowStateInteractor: 	bouncerShowing: false, headsUpNotificationShowing: true, keyguardFadingAway: false, keyguardGoingAway: false, lightRevealScrimOpaque: false, qsExpanded: false
05-25 12:31:18.340  2727  2789 D SurfaceComposerClient: setCornerRadius ## 9ac0ee8 com.forgeapps.tickday/com.forgeapps.tickday.MainActivity#232721 cornerRadius=0.000000
05-25 12:31:18.340  2727  2789 D SurfaceComposerClient: setCornerRadius ## 9ac0ee8 com.forgeapps.tickday/com.forgeapps.tickday.MainActivity#232721 cornerRadius=0.000000
05-25 12:31:18.345  2154 11894 I DMABUFHEAPS: Using DMA-BUF heap named: qcom,system
05-25 12:31:18.345  2154 11894 I DMABUFHEAPS: Using DMA-BUF heap named: qcom,system
05-25 12:31:18.345  2154 11894 I DMABUFHEAPS: Using DMA-BUF heap named: qcom,system
05-25 12:31:18.346  2154 11894 I DMABUFHEAPS: Using DMA-BUF heap named: qcom,system
05-25 12:31:18.347 11831 13169 D PipelineWatcher: onInputBufferReleased: frameIndex not found (54596); ignored
05-25 12:31:18.348  2727  2789 D SurfaceComposerClient: setCornerRadius ## 9ac0ee8 com.forgeapps.tickday/com.forgeapps.tickday.MainActivity#232721 cornerRadius=0.000000
05-25 12:31:18.348  2727  2789 D SurfaceComposerClient: setCornerRadius ## 9ac0ee8 com.forgeapps.tickday/com.forgeapps.tickday.MainActivity#232721 cornerRadius=0.000000
05-25 12:31:18.350 11831 13169 D PipelineWatcher: onInputBufferReleased: frameIndex not found (54597); ignored
05-25 12:31:18.350  2149 30075 W qdgralloc: GetSnapFormat: Explicit UBWC formats such as 2141391878 are no longer supported, please switch to using base / linear formats + UBWC usage bits
05-25 12:31:18.350  2149 30075 W qdgralloc: GetSnapUsage: UBWC explicit formats have been deprecated, please use the base format + UBWC usage flag! 2141391878
05-25 12:31:18.350  2149 30075 I SnapAlloc: IsUBWCAlloc - Explicit ubwc format 265 passed by the clients
05-25 12:31:18.350  2149 30075 I SnapAlloc: IsUBWCAlloc - Explicit ubwc format 265 passed by the clients
05-25 12:31:18.356  2727  2789 D SurfaceComposerClient: setCornerRadius ## 9ac0ee8 com.forgeapps.tickday/com.forgeapps.tickday.MainActivity#232721 cornerRadius=0.000000
05-25 12:31:18.357  2727  2789 D SurfaceComposerClient: setCornerRadius ## 9ac0ee8 com.forgeapps.tickday/com.forgeapps.tickday.MainActivity#232721 cornerRadius=0.000000
05-25 12:31:18.362  2154 11894 I DMABUFHEAPS: Using DMA-BUF heap named: qcom,system
05-25 12:31:18.362  2154 11894 I DMABUFHEAPS: Using DMA-BUF heap named: qcom,system
05-25 12:31:18.362  2154 11894 I DMABUFHEAPS: Using DMA-BUF heap named: qcom,system
05-25 12:31:18.362  2154 11894 I DMABUFHEAPS: Using DMA-BUF heap named: qcom,system
05-25 12:31:18.363 11831 13169 D PipelineWatcher: onInputBufferReleased: frameIndex not found (54598); ignored
05-25 12:31:18.365  2727  2789 D SurfaceComposerClient: setCornerRadius ## 9ac0ee8 com.forgeapps.tickday/com.forgeapps.tickday.MainActivity#232721 cornerRadius=0.000000
05-25 12:31:18.365  2727  2789 D SurfaceComposerClient: setCornerRadius ## 9ac0ee8 com.forgeapps.tickday/com.forgeapps.tickday.MainActivity#232721 cornerRadius=0.000000
05-25 12:31:18.366 11831 11840 D PipelineWatcher: onInputBufferReleased: frameIndex not found (54599); ignored
05-25 12:31:18.373  2727  2789 D SurfaceComposerClient: setCornerRadius ## 9ac0ee8 com.forgeapps.tickday/com.forgeapps.tickday.MainActivity#232721 cornerRadius=0.000000
05-25 12:31:18.373  2727  2789 D SurfaceComposerClient: setCornerRadius ## 9ac0ee8 com.forgeapps.tickday/com.forgeapps.tickday.MainActivity#232721 cornerRadius=0.000000
05-25 12:31:18.379  2154 11894 I DMABUFHEAPS: Using DMA-BUF heap named: qcom,system
05-25 12:31:18.379  2154 11894 I DMABUFHEAPS: Using DMA-BUF heap named: qcom,system
05-25 12:31:18.379  2154 11894 I DMABUFHEAPS: Using DMA-BUF heap named: qcom,system
05-25 12:31:18.379  2154 11894 I DMABUFHEAPS: Using DMA-BUF heap named: qcom,system
05-25 12:31:18.380 11831 11840 D PipelineWatcher: onInputBufferReleased: frameIndex not found (54600); ignored
05-25 12:31:18.382  2727  2789 D SurfaceComposerClient: setCornerRadius ## 9ac0ee8 com.forgeapps.tickday/com.forgeapps.tickday.MainActivity#232721 cornerRadius=0.000000
05-25 12:31:18.382  2727  2789 D SurfaceComposerClient: setCornerRadius ## 9ac0ee8 com.forgeapps.tickday/com.forgeapps.tickday.MainActivity#232721 cornerRadius=0.000000
05-25 12:31:18.385 11831 13169 D PipelineWatcher: onInputBufferReleased: frameIndex not found (54601); ignored
05-25 12:31:18.390  2727  2789 D SurfaceComposerClient: setCornerRadius ## 9ac0ee8 com.forgeapps.tickday/com.forgeapps.tickday.MainActivity#232721 cornerRadius=0.000000
05-25 12:31:18.390  2727  2789 D SurfaceComposerClient: setCornerRadius ## 9ac0ee8 com.forgeapps.tickday/com.forgeapps.tickday.MainActivity#232721 cornerRadius=0.000000
05-25 12:31:18.392  2727  3889 D InputReader: Btn_touch(5): value=0 when=924802.331495
05-25 12:31:18.392  2727  3889 I InputReader: Touch event's action is 0x1 (id=6, t=0) [pCnt=1, s=] when=924802.331495
05-25 12:31:18.393  2727  3888 I InputDispatcher: Delivering touch to (4602): action: 0x1, f=0x0, d=0, 'e0b05b ', t=1 
05-25 12:31:18.393  4602  4602 I VRI[NotificationShade]@cf74c67: ViewPostIme pointer 1
05-25 12:31:18.393  4602  4602 D QuickPanelLog: NSSLC | onTouchEvent | ACTION_UP |  | SHADE
05-25 12:31:18.393  4602  4602 D NotificationSwipeHelper: handleSwipeFromClosedState start
05-25 12:31:18.393  2727  3717 D VibratorManagerService: converted usage = TOUCH(18)
05-25 12:31:18.393  2727  3717 D VibratorManagerService: vibrate - uid: 10048, opPkg: com.android.systemui, effect: Mono{mEffect=Composed{segments=[SemHaptic{mType=50065, mMagnitude=-1}], repeat=-1, mMagnitudeType=TYPE_EXTRA}}, attrs: VibrationAttributes{mUsage=TOUCH, mAudioUsage= USAGE_UNKNOWN, mFlags=0, tags=}, reason: performHapticFeedback(constant=50065): ViewRootImpl#performHapticFeedback, token: com.android.server.vibrator.VibratorManagerService@a4b483
05-25 12:31:18.394  2727  3717 D SingleVibrationSession: semIndexVibrate : EFFECT_TICK(41), repeat: -1, usage: TOUCH(18), magnitude: 4000
05-25 12:31:18.394  2727  3717 D VibratorManagerService: Starting vibrate for vibration 156063
05-25 12:31:18.394  2727  3717 D VibratorManagerService: Check AppOp mode VIBRATE for uid 10048 and package com.android.systemui returned audio=allow, op=allow
05-25 12:31:18.394  2727  3717 D VibratorManagerService: Starting vibration 156063 on thread
05-25 12:31:18.394  2727  3717 D VibratorManagerService: Start AppOp mode VIBRATE for uid 10048 and package com.android.systemui returned allow
05-25 12:31:18.394  2727  3877 D VibrationThread: Playing vibration id 156063 StartSequentialEffectStep
05-25 12:31:18.394  2727  3877 D VibrationThread: StartSequentialEffectStep for effect #0
05-25 12:31:18.394  2727  3877 D SemHapticStep: sepIndex=41, intensity=4000, repeat=false, duration=110
05-25 12:31:18.394  2727  3877 D SemHapticStep: Turning on vibrator 0 for 110ms
05-25 12:31:18.395  2166  2166 E SecVibrator-HAL-AIDL-EXT: V_5_0: performPrebakedHapticPattern 41 : 4000 : 0
05-25 12:31:18.395  2154 11894 I DMABUFHEAPS: Using DMA-BUF heap named: qcom,system
05-25 12:31:18.395  2166  2166 E SecVibrator-HAL-AIDL-CORE: HW_API: [setForceFeedbackAmplitude]amplitude: 4000
05-25 12:31:18.395  2154 11894 I DMABUFHEAPS: Using DMA-BUF heap named: qcom,system
05-25 12:31:18.395  2154 11894 I DMABUFHEAPS: Using DMA-BUF heap named: qcom,system
05-25 12:31:18.396  2154 11894 I DMABUFHEAPS: Using DMA-BUF heap named: qcom,system
05-25 12:31:18.396  2135  2263 I HYPER-HAL: [RequestManager.cpp]releaseLocked(): Released ID : 3725087
05-25 12:31:18.397 11831 11840 D PipelineWatcher: onInputBufferReleased: frameIndex not found (54602); ignored
05-25 12:31:18.397  4602  4602 D NotificationSwipeHelper: dismissChild, but not shouldDismissQuickly
05-25 12:31:18.398  4602  4602 D SystemUIAnalytics: sendEventCDLog QPNE0006, SID_QUICKPANEL_OPENED, EID_QPNE_CANCEL_NOTIFICATION_DISMISS, type, normal, priority, alert, information, com.forgeapps.tickday ; 1563245727 ; tickday_native_alarm_v2 ; alarm ; 5
05-25 12:31:18.398  4602  4602 D SamsungAnalytics605073: sendLog
05-25 12:31:18.398  4602  4602 D QuickPanelLog: NSSLC | onTouchEvent | ACTION_UP | return: true | SHADE | horizontalSwipeWantsIt: true, scrollerWantsIt: false, expandWantsIt: false, longPressWantsIt: false, panelSlideWantsIt: false, hunWantsIt: false
05-25 12:31:18.398  4602  4602 W RefactorFlag: New code path expects SceneContainerFlag to be enabled.
05-25 12:31:18.399  2727  2789 D SurfaceComposerClient: setCornerRadius ## 9ac0ee8 com.forgeapps.tickday/com.forgeapps.tickday.MainActivity#232721 cornerRadius=0.000000
05-25 12:31:18.399  2727  2789 D SurfaceComposerClient: setCornerRadius ## 9ac0ee8 com.forgeapps.tickday/com.forgeapps.tickday.MainActivity#232721 cornerRadius=0.000000
05-25 12:31:18.400 11831 11840 D PipelineWatcher: onInputBufferReleased: frameIndex not found (54603); ignored
05-25 12:31:18.402  2727  2727 I SemDvfsHyPerManager: acquire hyper - SMOOTH_SCROLL/2727@23, type = -999
05-25 12:31:18.402  2727  2727 I SemDvfsHyPerManager: acquire hyper - GESTURE_DETECTED_HRR/2727@25, type = -999
05-25 12:31:18.402  2727  2727 I SemDvfsHyPerManager: acquire hyper - GESTURE_DETECTED_HRR/2727@25, type = -999
05-25 12:31:18.402  2135  2263 I HYPER-HAL: [RequestManager.cpp]acquire(): Acquired ID : 3788153  [2727 / 25]    HINT : GESTURE_DETECTED_HRR    list : [TIMEOUT / 2018] 
05-25 12:31:18.403  2135  2263 I HYPER-HAL: [RequestManager.cpp]acquire(): Acquired ID : 3788153  [2727 / 25]    HINT : GESTURE_DETECTED_HRR    list : [TIMEOUT / 2143] 
05-25 12:31:18.403  4602  5897 D SamsungAnalytics605073: SendLog Result = 0
05-25 12:31:18.406  2727  2789 D SurfaceComposerClient: setCornerRadius ## 9ac0ee8 com.forgeapps.tickday/com.forgeapps.tickday.MainActivity#232721 cornerRadius=0.000000
05-25 12:31:18.406  2727  2789 D SurfaceComposerClient: setCornerRadius ## 9ac0ee8 com.forgeapps.tickday/com.forgeapps.tickday.MainActivity#232721 cornerRadius=0.000000
05-25 12:31:18.409  2124 21942 I sensors-hal: handle_sns_client_event:435, [0][8061] gyro_sample_cal(cal_available:1)(3) [ 0.065, 0.150,-0.233] bias[-0.002,-0.004,-0.003] 1774182012202507
05-25 12:31:18.410  2166  2166 E SecVibrator-HAL-AIDL-CORE: HW_API: [uploadForceFeedbackeffect]ioctl success ,uploaded effect with ID: 0
05-25 12:31:18.410  2166  2166 E SecVibrator-HAL-AIDL-CORE: HW_API: do_on for timeoutMs: 1000
05-25 12:31:18.410  2166  2166 E SecVibrator-HAL-AIDL-CORE: HW_API: [triggerForceFeedbackVibration]on: 1
05-25 12:31:18.410  2727  6323 D MotionRecognitionService: inject vibrator info = 1.0
05-25 12:31:18.411  2124  2124 I sensors-hal: inject_sensor_data:309, accel - vib_onoff: 1
05-25 12:31:18.411  2124  2124 I sensors-hal: inject_sensor_data:315, write vib_onoff: 1
05-25 12:31:18.411  2222  2222 I SSC_DAEMON: handleSensorTestReqMsg:88, Sensor type :0, Msg type:3
05-25 12:31:18.411  2154 11894 I DMABUFHEAPS: Using DMA-BUF heap named: qcom,system
05-25 12:31:18.411  2154 11894 I DMABUFHEAPS: Using DMA-BUF heap named: qcom,system
05-25 12:31:18.411  2154 11894 I DMABUFHEAPS: Using DMA-BUF heap named: qcom,system
05-25 12:31:18.411  2154 11894 I DMABUFHEAPS: Using DMA-BUF heap named: qcom,system
05-25 12:31:18.412 11831 11840 D PipelineWatcher: onInputBufferReleased: frameIndex not found (54604); ignored
05-25 12:31:18.412  2222  4237 I SSC_DAEMON: accelMotorStateEvent:102, main: 1, 1
05-25 12:31:18.412  2222  4237 I SSC_DAEMON: ledCoverEventMotorEvent:24, motor: 1
05-25 12:31:18.414  2727  2789 D SurfaceComposerClient: setCornerRadius ## 9ac0ee8 com.forgeapps.tickday/com.forgeapps.tickday.MainActivity#232721 cornerRadius=0.000000
05-25 12:31:18.415 11831 11840 D PipelineWatcher: onInputBufferReleased: frameIndex not found (54605); ignored
05-25 12:31:18.415  2727  2789 D SurfaceComposerClient: setCornerRadius ## 9ac0ee8 com.forgeapps.tickday/com.forgeapps.tickday.MainActivity#232721 cornerRadius=0.000000
