05-25 12:36:52.105  2727  8169 I WindowManager:   forciblyShownTypes=statusBars
05-25 12:36:52.105  2727  8169 I WindowManager:   frameRateBoostOnTouch=true
05-25 12:36:52.105  2727  8169 I WindowManager:   dvrrWindowFrameRateHint=true
05-25 12:36:52.105  2727  8169 I WindowManager:   paramsForRotation:
05-25 12:36:52.105  2727  8169 I WindowManager:     ROTATION_0={(0,0)(fillx85) gr=TOP CENTER_VERTICAL layoutInDisplayCutoutMode=always ty=STATUS_BAR fmt=TRANSLUCENT
05-25 12:36:52.105  2727  8169 I WindowManager:       fl=80000008
05-25 12:36:52.105  2727  8169 I WindowManager:       pfl=11000000
05-25 12:36:52.105  2727  8169 I WindowManager:       bhv=1
05-25 12:36:52.105  2727  8169 I WindowManager:       providedInsets:
05-25 12:36:52.105  2727  8169 I WindowManager:         InsetsFrameProvider: {id=#c40a0000, index=0, type=statusBars, source=FRAME, flags=[], insetsSize=Insets{left=0, top=85, right=0, bottom=0}}
05-25 12:36:52.105  2727  8169 I WindowManager:         InsetsFrameProvider: {id=#c40a0006, index=0, type=tappableElement, source=FRAME, flags=[], insetsSize=Insets{left=0, top=85, right=0, bottom=0}}
05-25 12:36:52.105  2727  8169 I WindowManager:         InsetsFrameProvider: {id=#c40a0005, index=0, type=mandatorySystemGestures, source=FRAME, flags=[], insetsSize=Insets{left=0, top=85, right=0, bottom=0}, mMinimalInsetsSizeInDisplayCutoutSafe=Insets{left=0, top=36, right=0, bottom=0}}
05-25 12:36:52.105  2727  8169 I WindowManager:       frameRateBoostOnTouch=true
05-25 12:36:52.105  2727  8169 I WindowManager:       dvrrWindowFrameRateHint=true naviIconColor=0}
05-25 12:36:52.105  2727  8169 I WindowManager:     ROTATION_90={(0,0)(fillx90) gr=TOP CENTER_VERTICAL layoutInDisplayCutoutMode=always ty=STATUS_BAR fmt=TRANSLUCENT
05-25 12:36:52.105  2727  8169 I WindowManager:       fl=80000008
05-25 12:36:52.105  2727  8169 I WindowManager:       pfl=11000000
05-25 12:36:52.105  2727  8169 I WindowManager:       bhv=1
05-25 12:36:52.105  2727  8169 I WindowManager:       providedInsets:
05-25 12:36:52.105  2727  8169 I WindowManager:         InsetsFrameProvider: {id=#c40a0000, index=0, type=statusBars, source=FRAME, flags=[], insetsSize=Insets{left=0, top=90, right=0, bottom=0}}
05-25 12:36:52.105  2727  8169 I WindowManager:         InsetsFrameProvider: {id=#c40a0006, index=0, type=tappableElement, source=FRAME, flags=[], insetsSize=Insets{left=0, top=90, right=0, bottom=0}}
05-25 12:36:52.105  2727  8169 I WindowManager:         InsetsFrameProvider: {id=#c40a0005, index=0, type=mandatorySystemGestures, source=FRAME, flags=[], insetsSize=Insets{left=0, top=90, right=0, bottom=0}, mMinimalInsetsSizeInDisplayCutoutSafe=Insets{left=0, top=36, right=0, bottom=0}}
05-25 12:36:52.105  2727  8169 I WindowManager:       frameRateBoostOnTouch=true
05-25 12:36:52.105  2727  8169 I WindowManager:       dvrrWindowFrameRateHint=true naviIconColor=0}
05-25 12:36:52.105  2727  8169 I WindowManager:     ROTATION_180={(0,0)(fillx85) gr=TOP CENTER_VERTICAL layoutInDisplayCutoutMode=always ty=STATUS_BAR fmt=TRANSLUCENT
05-25 12:36:52.105  2727  8169 I WindowManager:       fl=80000008
05-25 12:36:52.105  2727  8169 I WindowManager:       pfl=11000000
05-25 12:36:52.105  2727  8169 I WindowManager:       bhv=1
05-25 12:36:52.105  2727  8169 I WindowManager:       providedInsets:
05-25 12:36:52.105  2727  8169 I WindowManager:         InsetsFrameProvider: {id=#c40a0000, index=0, type=statusBars, source=FRAME, flags=[], insetsSize=Insets{left=0, top=85, right=0, bottom=0}}
05-25 12:36:52.105  2727  8169 I WindowManager:         InsetsFrameProvider: {id=#c40a0006, index=0, type=tappableElement, source=FRAME, flags=[], insetsSize=Insets{left=0, top=85, right=0, bottom=0}}
05-25 12:36:52.105  2727  8169 I WindowManager:         InsetsFrameProvider: {id=#c40a0005, index=0, type=mandatorySystemGestures, source=FRAME, flags=[], insetsSize=Insets{left=0, top=85, right=0, bottom=0}, mMinimalInsetsSizeInDisplayCutoutSafe=Insets{left=0, top=36, right=0, bottom=0}}
05-25 12:36:52.105  2727  8169 I WindowManager:       frameRateBoostOnTouch=true
05-25 12:36:52.105  2727  8169 I WindowManager:       dvrrWindowFrameRateHint=true naviIconColor=0}
05-25 12:36:52.105  2727  8169 I WindowManager:     ROTATION_270={(0,0)(fillx90) gr=TOP CENTER_VERTICAL layoutInDisplayCutoutMode=always ty=STATUS_BAR fmt=TRANSLUCENT
05-25 12:36:52.105  2727  8169 I WindowManager:       fl=80000008
05-25 12:36:52.105  2727  8169 I WindowManager:       pfl=11000000
05-25 12:36:52.105  2727  8169 I WindowManager:       bhv=1
05-25 12:36:52.105  2727  8169 I WindowManager:       providedInsets:
05-25 12:36:52.105  2727  8169 I WindowManager:         InsetsFrameProvider: {id=#c40a0000, index=0, type=statusBars, source=FRAME, flags=[], insetsSize=Insets{left=0, top=90, right=0, bottom=0}}
05-25 12:36:52.105  2727  8169 I WindowManager:         InsetsFrameProvider: {id=#c40a0006, index=0, type=tappableElement, source=FRAME, flags=[], insetsSize=Insets{left=0, top=90, right=0, bottom=0}}
05-25 12:36:52.105  2727  8169 I WindowManager:         InsetsFrameProvider: {id=#c40a0005, index=0, type=mandatorySystemGestures, source=FRAME, flags=[], insetsSize=Insets{left=0, top=90, right=0, bottom=0}, mMinimalInsetsSizeInDisplayCutoutSafe=Insets{left=0, top=36, right=0, bottom=0}}
05-25 12:36:52.106  2727  8169 I WindowManager:       frameRateBoostOnTouch=true
05-25 12:36:52.106  2727  8169 I WindowManager:       dvrrWindowFrameRateHint=true naviIconColor=0} naviIconColor=0}
05-25 12:36:52.106  4602  4783 D HWUI    : CacheManager::trimMemory(20)
05-25 12:36:52.107  4602  4602 I LockscreenNotificationIconsOnlyController: onNotificationInfoUpdated 0
05-25 12:36:52.107  4602  4602 I AODNotificationManager: updateNotification() 
05-25 12:36:52.107  4602  4602 D KeyguardVisible: visibilityChanged 4 -> 0
05-25 12:36:52.108  2231  5348 V APM_AudioPolicyManager: setAppState(portId:28236, state:2)
05-25 12:36:52.108  2772  2772 I CameraService: onUidStateChanged: uid=10048, procState is changed. (0 -> 1)
05-25 12:36:52.108  4602  4602 D MULTISIM-BIND: Bind [VOICE, SMS, DATA]
05-25 12:36:52.109  2772  2772 W IPCThreadState: Sending oneway calls to frozen process.
05-25 12:36:52.109  2772  2772 W IPCThreadState: Sending oneway calls to frozen process.
05-25 12:36:52.109  4602  4602 E MULTISIM-PROD-REPO: isDataBlocked : mSimCardManagerService is null.
05-25 12:36:52.109  2727  6409 I WindowManager: Relayout Window{e0b05b u0 NotificationShade}: viewVisibility=0 req=1080x2340 ty=2040 d0
05-25 12:36:52.109  2269  3144 I SurfaceFlinger: id=233327 createSurf, flag=44004, NotificationShade$_4602#233327
05-25 12:36:52.110  2766  2766 I CNSS    : /sys/wifi/max_chipset_log_size doesn't exist
05-25 12:36:52.110  2727  6409 D WindowManager: makeSurface duration=1 name=NotificationShade$_4602
05-25 12:36:52.110  2727  6409 D SurfaceComposerClient: setCornerRadius ## 9ac0ee8 com.forgeapps.tickday/com.forgeapps.tickday.MainActivity#232721 cornerRadius=0.000000
05-25 12:36:52.111  2727  6409 D SurfaceComposerClient: setCornerRadius ## 9ac0ee8 com.forgeapps.tickday/com.forgeapps.tickday.MainActivity#232721 cornerRadius=0.000000
05-25 12:36:52.111  2727  6409 I WindowManager: Relayout hash=e0b05b, pid=4602, syncId=-1: mAttrs={(0,0)(fillxfill) gr=TOP CENTER_VERTICAL sim={adjust=pan} layoutInDisplayCutoutMode=always ty=NOTIFICATION_SHADE fmt=TRANSLUCENT
05-25 12:36:52.111  2727  6409 I WindowManager:   fl=81040068
05-25 12:36:52.111  2727  6409 I WindowManager:   pfl=10000200
05-25 12:36:52.111  2727  6409 I WindowManager:   bhv=2
05-25 12:36:52.111  2727  6409 I WindowManager:   frameRateBoostOnTouch=true
05-25 12:36:52.111  2727  6409 I WindowManager:   dvrrWindowFrameRateHint=true naviIconColor=0
05-25 12:36:52.111  2727  6409 I WindowManager:   sfl=40000}
05-25 12:36:52.111  2154 11894 I DMABUFHEAPS: Using DMA-BUF heap named: qcom,system
05-25 12:36:52.111  4602  4602 I BufferQueueProducer: [](id:11fa00001aa5,api:0,p:1234985328,c:4602) setDequeueTimeout:2077252342
05-25 12:36:52.111  2154 11894 I DMABUFHEAPS: Using DMA-BUF heap named: qcom,system
05-25 12:36:52.111  2154 11894 I DMABUFHEAPS: Using DMA-BUF heap named: qcom,system
05-25 12:36:52.111  2154 11894 I DMABUFHEAPS: Using DMA-BUF heap named: qcom,system
05-25 12:36:52.111  4602  4602 I BLASTBufferQueue_Java: new BLASTBufferQueue, mName= VRI[NotificationShade]@cf74c67 mNativeObject= 0xb4000072aa5c54d0 caller= android.view.ViewRootImpl.updateBlastSurfaceIfNeeded:3585 android.view.ViewRootImpl.relayoutWindow:11685 android.view.ViewRootImpl.performTraversals:4804 android.view.ViewRootImpl.doTraversal:3924 android.view.ViewRootImpl$TraversalRunnable.run:12903 android.view.Choreographer$CallbackRecord.run:1901 android.view.Choreographer$CallbackRecord.run:1910 android.view.Choreographer.doCallbacks:1367 android.view.Choreographer.doFrame:1292 android.view.Choreographer$FrameDisplayEventReceiver.run:1870 
05-25 12:36:52.112  4602  4602 I BLASTBufferQueue_Java: update, w= 1080 h= 2340 mName = VRI[NotificationShade]@cf74c67 mNativeObject= 0xb4000072aa5c54d0 sc.mNativeObject= 0xb4000071e9a57710 format= -3 caller= android.view.ViewRootImpl.updateBlastSurfaceIfNeeded:3590 android.view.ViewRootImpl.relayoutWindow:11685 android.view.ViewRootImpl.performTraversals:4804 android.view.ViewRootImpl.doTraversal:3924 android.view.ViewRootImpl$TraversalRunnable.run:12903 android.view.Choreographer$CallbackRecord.run:1901 
05-25 12:36:52.112  4602  4602 I VRI[NotificationShade]@cf74c67: Relayout returned: old=(0,0,1080,2340) new=(0,0,1080,2340) relayoutAsync=false req=(1080,2340)0 dur=2 res=0x3 s={true 0xb400007209b425b0} ch=true seqId=486
05-25 12:36:52.112  4602  4602 D VRI[NotificationShade]@cf74c67: mThreadedRenderer.initialize() mSurface={isValid=true 0xb400007209b425b0} hwInitialized=true
05-25 12:36:52.112 11831 11862 D PipelineWatcher: onInputBufferReleased: frameIndex not found (64832); ignored
05-25 12:36:52.113  2269  2269 I SurfaceFlinger: [LayerHierarchy{RequestedLayerState{32f53c3 StatusBar#102 parentId=233326} 1 children}] reparent to LayerHierarchy{RequestedLayerState{Surface(name=32f53c3 StatusBar)/@0x2d15f67 - animation-leash of insets_animation#233326 parentId=101} 1 children}
05-25 12:36:52.113  2269  2269 I SurfaceFlinger: [LayerHierarchy{RequestedLayerState{Surface(name=32f53c3 StatusBar)/@0x2d15f67 - animation-leash of insets_animation#233317} no children}] reparent to OffscreenRoot
05-25 12:36:52.113  2269  2269 I SurfaceFlinger: [LayerHierarchy{RequestedLayerState{Surface(name=32f53c3 StatusBar)/@0x2d15f67 - animation-leash of insets_animation#233317} no children}] RelativeParent to null
05-25 12:36:52.113  2269  2269 I SurfaceFlinger: [NotificationShade$_4602#233327] attach to parent LayerHierarchy{RequestedLayerState{e0b05b NotificationShade#100 parentId=99} 1 children}
05-25 12:36:52.114  4602  4602 W View    : requestLayout() improperly called by com.android.systemui.qs.SecQSGradationDrawableView{a4d4a9a V.E...... ......ID 0,0-1080,354 #7f0a0a16 app:id/qs_gradation_view} during layout: running second layout pass
05-25 12:36:52.114  4602  4602 W View    : requestLayout() improperly called by android.widget.FrameLayout{cbfdfcb V.E...... ......I. 0,0-1080,2340 #2} during layout: running second layout pass
05-25 12:36:52.114  4602  4602 W View    : requestLayout() improperly called by android.widget.FrameLayout{5e453a8 V.E...... ......ID 0,157-1080,2196 #7f0a0a14 app:id/qs_frame} during layout: running second layout pass
05-25 12:36:52.114  4602  4602 D VRI[NotificationShade]@cf74c67: reportNextDraw android.view.ViewRootImpl.performTraversals:5443 android.view.ViewRootImpl.doTraversal:3924 android.view.ViewRootImpl$TraversalRunnable.run:12903 android.view.Choreographer$CallbackRecord.run:1901 android.view.Choreographer$CallbackRecord.run:1910 
05-25 12:36:52.114  2727  6409 D SurfaceComposerClient: setCornerRadius ## 9ac0ee8 com.forgeapps.tickday/com.forgeapps.tickday.MainActivity#232721 cornerRadius=0.000000
05-25 12:36:52.115  2727  6409 D SurfaceComposerClient: setCornerRadius ## 9ac0ee8 com.forgeapps.tickday/com.forgeapps.tickday.MainActivity#232721 cornerRadius=0.000000
05-25 12:36:52.115  4602  4602 W RefactorFlag: New code path expects SceneContainerFlag to be enabled.
05-25 12:36:52.115  4602  4602 D VRI[NotificationShade]@cf74c67: Setup new sync=wmsSync-VRI[NotificationShade]@cf74c67#58
05-25 12:36:52.115  4602  4602 I VRI[NotificationShade]@cf74c67: Creating new active sync group VRI[NotificationShade]@cf74c67#59
05-25 12:36:52.115  4602  4602 D VRI[NotificationShade]@cf74c67: Start draw after previous draw not visible
05-25 12:36:52.115  4602  4602 D VRI[NotificationShade]@cf74c67: registerCallbacksForSync syncBuffer=false
05-25 12:36:52.115  2727  3228 I InsetsController: onStateChanged: host=TransientControlTarget, from=com.android.server.wm.InsetsPolicy$ControlTarget.run:18, state=InsetsState: {mDisplayFrame=Rect(0, 0 - 1080, 2340), mDisplayCutout=DisplayCutout{insets=Rect(0, 85 - 0, 0) waterfall=Insets{left=0, top=0, right=0, bottom=0} boundingRect={Bounds=[Rect(0, 0 - 0, 0), Rect(514, 0 - 566, 85), Rect(0, 0 - 0, 0), Rect(0, 0 - 0, 0)]} cutoutPathParserInfo={CutoutPathParserInfo{displayWidth=1080 displayHeight=2340 physicalDisplayWidth=1080 physicalDisplayHeight=2340 density={2.8125} cutoutSpec={M 0,0 H -9.333333333333333 V 30.13333333333333 H 9.333333333333333 V 0 H 0 Z @dp} rotation={0} scale={1.0} physicalPixelDisplaySizeRatio={1.0}}} sideOverrides={}}, mRoundedCorners=RoundedCorners{[RoundedCorner{position=TopLeft, radius=45, center=Point(45, 45)}, RoundedCorner{position=TopRight, radius=45, center=Point(1035, 45)}, RoundedCorner{position=BottomRight, radius=45, center=Point(1035, 2295)}, RoundedCorner{position=BottomLeft, radius=45, center=Point(45, 2295)}]}  mRoundedCornerFrame=Rect(0, 0 - 0, 0), mPrivacyIndicatorBounds=PrivacyIndicatorBounds {static bounds=Rect(948, 0 - 1080, 85) rotation=0}, mDisplayShape=DisplayShape{ spec=-311912193 displayWidth=1080 displayHeight=2340 physicalPixelDisplaySizeRatio=0.75 rotation=0 offsetX=0 offsetY=0 scale=1.0}, mSources= { InsetsSource: {8aaf0001 mType=navigationBars mFrame=[0,2196][1080,2340] mVisible=true mFlags= mSideHint=BOTTOM mBoundingRects=null}, InsetsSource: {8aaf0004 mType=systemGestures mFrame=[0,0][0,0] mVisible=true mFlags= mSideHint=NONE mBoundingRects=null}, InsetsSource: {8aaf0005 mType=mandatorySystemGestures mFrame=[0,2196][1080,2340] mVisible=true mFlags= mSideHint=BOTTOM mBoundingRects=null}, InsetsSource: {8aaf0006 mType=tappableElement mFrame=[0,2196][1080,2340] mVisible=true mFlags= mSideHint=BOTTOM mBoundingRects=null}, InsetsSource: {8aaf0024 mType=systemGestures mFrame=[0,0][0,0] mVisible=true mFlags= mSideHint=NONE mBoundingRects=null}, InsetsSource: {c40a0000 mType=statusBars mFrame=[0,0][1080,85] mVisible=true mFlags= mSideHint=TOP mBoundingRects=null}, InsetsSource: {c40a0005 mType=mandatorySystemGestures mFrame=[0,0][1080,121] mVisible=true mFlags= mSideHint=TOP mBoundingRects=null}, InsetsSource: {c40a0006 mType=tappableElement mFrame=[0,0][1080,85] mVisible=true mFlags= mSideHint=TOP mBoundingRects=null}, InsetsSource: {3 mType=ime mFrame=[0,0][0,0] mVisible=false mFlags= mSideHint=NONE mBoundingRects=null}, InsetsSource: {27 mType=displayCutout mFrame=[0,0][1080,85] mVisible=true mFlags= mSideHint=TOP mBoundingRects=null} }
05-25 12:36:52.115  2727  3228 I InsetsSourceConsumer: applyRequestedVisibilityToControl: visible=true, type=statusBars, host=TransientControlTarget
05-25 12:36:52.116  2269  2377 I SurfaceFlinger: id=233317 Removed Surface(name=32f53c3 StatusBar)/@0x2d15f67 - animation-leash of insets_animation#233317 (312)
05-25 12:36:52.116  2727  3228 D SurfaceComposerClient: setCornerRadius ## 9ac0ee8 com.forgeapps.tickday/com.forgeapps.tickday.MainActivity#232721 cornerRadius=0.000000
05-25 12:36:52.116  5170  5170 I VRI[CocktailBarService]@e412753: handleResized, frames=ClientWindowFrames{frame=[0,432][67,782] display=[0,0][1080,2340] parentFrame=[0,0][0,0]} displayId=0 dragResizing=false compatScale=1.0 frameChanged=false attachedFrameChanged=false configChanged=false displayChanged=false compatScaleChanged=false dragResizingChanged=false
05-25 12:36:52.117 21054 21054 I VRI[MainActivity]@586c1fb: handleResized, frames=ClientWindowFrames{frame=[0,0][1080,2340] display=[0,0][1080,2340] parentFrame=[0,0][0,0]} displayId=0 dragResizing=false compatScale=1.0 frameChanged=false attachedFrameChanged=false configChanged=false displayChanged=false compatScaleChanged=false dragResizingChanged=false
05-25 12:36:52.118  4602  4779 D VRI[NotificationShade]@cf74c67: Received frameDrawingCallback syncResult=0 frameNum=1.
05-25 12:36:52.118  4602  4779 I VRI[NotificationShade]@cf74c67: mWNT: t=0xb400007259b95890 mBlastBufferQueue=0xb4000072aa5c54d0 fn= 1 HdrRenderState mRenderHdrSdrRatio=1.0 caller= android.view.ViewRootImpl$12.onFrameDraw:15441 android.view.ThreadedRenderer$1.onFrameDraw:718 <bottom of call stack> 
05-25 12:36:52.118  4602  4779 I VRI[NotificationShade]@cf74c67: Setting up sync and frameCommitCallback
05-25 12:36:52.122  2269  2269 I SurfaceFlinger: destroyed Surface(name=32f53c3 StatusBar)/@0x2d15f67 - animation-leash of insets_animation#233317 form LifecycleManager
05-25 12:36:52.122  2269  2269 I SurfaceFlinger: id=233317 onLayerDestroyed from LayerHierarchyBuilder(RequestedLayerState{Surface(name=32f53c3 StatusBar)/@0x2d15f67 - animation-leash of insets_animation#233317 !handle})
05-25 12:36:52.122  2269  2269 I Layer   : id=233317 Destroyed Surface(name=32f53c3 StatusBar)/@0x2d15f67 - animation-leash of insets_animation#233317
05-25 12:36:52.124  4602  4783 I BLASTBufferQueue: [VRI[NotificationShade]@cf74c67#6821](f:0,a:0,s:0) onFrameAvailable the first frame is available
05-25 12:36:52.124  4602  4783 I SurfaceComposerClient: apply transaction with the first frame. layerId: 233327, bufferData(ID: 19765439718610, frameNumber: 1)
05-25 12:36:52.124  4602  4783 I VRI[NotificationShade]@cf74c67: Received frameCommittedCallback lastAttemptedDrawFrameNum=1 didProduceBuffer=true
05-25 12:36:52.125  2269  2376 I SurfaceFlinger: [NotificationShade$_4602#233327] setTransactionState with the first frame. bufferData(ID: 19765439718610, frameNumber: 1)
05-25 12:36:52.125  4602  4602 D VRI[NotificationShade]@cf74c67: reportDrawFinished seqId=486
05-25 12:36:52.125  2727  6409 D WindowManager: finishDrawingWindow: Window{e0b05b u0 NotificationShade} mDrawState=DRAW_PENDING seqId=486
05-25 12:36:52.125  2727  3229 D SurfaceComposerClient: setCornerRadius ## 9ac0ee8 com.forgeapps.tickday/com.forgeapps.tickday.MainActivity#232721 cornerRadius=0.000000
05-25 12:36:52.125  4602  4602 D View    : semSetBlurInfo, blurInfo : android.view.SemBlurInfo@c2568c6 {BLUR_MODE_WINDOW, mBlurRadius = 300, mBackgroundBlurColor = 0, mCornerRadiusTL = 59.5, mCornerRadiusTR = 59.5, mCornerRadiusBL = 59.5, mCornerRadiusBR = 59.5, mClipRectLeft = 0, mClipRectTop = 0, mClipRectRight = 2147483647, mClipRectBottom = 2147483647, mColorCurve = android.view.SemBlurInfo$ColorCurve@fe2087 {minX = 0.0, minY = 13.3, maxX = 255.0, maxY = 235.1, curveBias = -15.0, saturation = 0.1}}, com.android.systemui.statusbar.KeyguardSecAffordanceView{18dbef1 V.ED..... ......ID 0,0-119,119 #7f0a0469 app:id/end_button}
05-25 12:36:52.125  4602  4602 D View    : semSetBlurInfo, blurInfo : null, com.android.systemui.statusbar.KeyguardSecAffordanceView{4222444 V.ED..... ......ID 0,0-119,119 #7f0a0cad app:id/start_button}
05-25 12:36:52.125  2727  3229 V WindowManager: performShowLocked: mDrawState=HAS_DRAWN in Window{e0b05b u0 NotificationShade}
05-25 12:36:52.126  2727  3229 D SurfaceComposerClient: setCornerRadius ## 9ac0ee8 com.forgeapps.tickday/com.forgeapps.tickday.MainActivity#232721 cornerRadius=0.000000
05-25 12:36:52.126  2727  8169 D SurfaceComposerClient: setCornerRadius ## 9ac0ee8 com.forgeapps.tickday/com.forgeapps.tickday.MainActivity#232721 cornerRadius=0.000000
05-25 12:36:52.126  2727  8169 D SurfaceComposerClient: setCornerRadius ## 9ac0ee8 com.forgeapps.tickday/com.forgeapps.tickday.MainActivity#232721 cornerRadius=0.000000
05-25 12:36:52.127  4602  4780 D SurfaceComposerClient: [SEC_SF_EFFECTS] setBlurRegions ## NotificationShade$_4602#233327 regionSize=0
05-25 12:36:52.128  4602  4602 I VRI[StatusBar]@3dab47b: handleResized, frames=ClientWindowFrames{frame=[0,0][1080,85] display=[0,0][1080,2340] parentFrame=[0,0][0,0]} displayId=0 dragResizing=false compatScale=1.0 frameChanged=false attachedFrameChanged=false configChanged=false displayChanged=false compatScaleChanged=false dragResizingChanged=false
05-25 12:36:52.128  4602  4602 I VRI[NotificationShade]@cf74c67: handleResized, frames=ClientWindowFrames{frame=[0,0][1080,2340] display=[0,0][1080,2340] parentFrame=[0,0][0,0]} displayId=0 dragResizing=false compatScale=1.0 frameChanged=false attachedFrameChanged=false configChanged=false displayChanged=false compatScaleChanged=false dragResizingChanged=false
05-25 12:36:52.128  4602  4602 I VRI[NotificationShade]@cf74c67: handleResized mSyncSeqId = 486
05-25 12:36:52.128  4602  4602 D VRI[NotificationShade]@cf74c67: reportNextDraw android.view.ViewRootImpl.handleResized:2983 android.view.ViewRootImpl.-$$Nest$mhandleResized:0 android.view.ViewRootImpl$W.resized:14082 android.app.servertransaction.WindowStateResizeItem.execute:93 android.app.servertransaction.WindowStateTransactionItem.execute:62 
05-25 12:36:52.128  4602  4602 I VRI[NavigationBar0]@bddd566: handleResized, frames=ClientWindowFrames{frame=[0,2196][1080,2340] display=[0,0][1080,2340] parentFrame=[0,0][0,0]} displayId=0 dragResizing=false compatScale=1.0 frameChanged=false attachedFrameChanged=false configChanged=false displayChanged=false compatScaleChanged=false dragResizingChanged=false
05-25 12:36:52.128  4602  4602 D KnoxStatusBarControlViewModel: updateHiddenState(hidden:false
05-25 12:36:52.128  4602  4602 D KnoxStatusBarControlViewModel: updateCustomText(text:null
05-25 12:36:52.129  4602  4602 D KnoxStatusBarControlViewModel: updateSystemIconEnabledState(enabled:true
05-25 12:36:52.129  4602  4602 D KeyguardUpdateMonitor: isUserUnlocked userId:0, unlocked:true
05-25 12:36:52.129  4602  4602 D KeyguardUpdateMonitor: isUserUnlocked userId:0, unlocked:true
05-25 12:36:52.129  4602  4602 D KeyguardUpdateMonitor: isUserUnlocked userId:0, unlocked:true
05-25 12:36:52.129 11831 11862 D PipelineWatcher: onInputBufferReleased: frameIndex not found (64833); ignored
05-25 12:36:52.130  4602  4602 D KeyguardSecBottomAreaViewController: updateCameraVisibility isCameraDisabled:false visible:true
05-25 12:36:52.130  4602  4602 D KeyguardSecBottomAreaView: mIndicationArea margin start : 73, end : 73, bottom : 289
05-25 12:36:52.130  2154 11894 I DMABUFHEAPS: Using DMA-BUF heap named: qcom,system
05-25 12:36:52.130  2154 11894 I DMABUFHEAPS: Using DMA-BUF heap named: qcom,system
05-25 12:36:52.130  2154 11894 I DMABUFHEAPS: Using DMA-BUF heap named: qcom,system
05-25 12:36:52.130  2154 11894 I DMABUFHEAPS: Using DMA-BUF heap named: qcom,system
05-25 12:36:52.131 11831 11862 D PipelineWatcher: onInputBufferReleased: frameIndex not found (64834); ignored
05-25 12:36:52.138  2269  2269 I SurfaceFlinger: RequestedLayer [NotificationShade$_4602#233327] hidden!! flag  from(1) --> to(0)
05-25 12:36:52.138  2727  8169 D SurfaceComposerClient: setCornerRadius ## 9ac0ee8 com.forgeapps.tickday/com.forgeapps.tickday.MainActivity#232721 cornerRadius=0.000000
05-25 12:36:52.138  4602  4602 W RefactorFlag: New code path expects SceneContainerFlag to be enabled.
05-25 12:36:52.139  2727  8169 D SurfaceComposerClient: setCornerRadius ## 9ac0ee8 com.forgeapps.tickday/com.forgeapps.tickday.MainActivity#232721 cornerRadius=0.000000
05-25 12:36:52.139  4602  4602 D VRI[NotificationShade]@cf74c67: Setup new sync=wmsSync-VRI[NotificationShade]@cf74c67#60
05-25 12:36:52.139  4602  4602 I VRI[NotificationShade]@cf74c67: Creating new active sync group VRI[NotificationShade]@cf74c67#61
05-25 12:36:52.139  4602  4602 D VRI[NotificationShade]@cf74c67: registerCallbacksForSync syncBuffer=false
05-25 12:36:52.140  4602  4779 D VRI[NotificationShade]@cf74c67: Received frameDrawingCallback syncResult=0 frameNum=3.
05-25 12:36:52.140  4602  4779 I VRI[NotificationShade]@cf74c67: Setting up sync and frameCommitCallback
05-25 12:36:52.141  4602  4783 I VRI[NotificationShade]@cf74c67: Received frameCommittedCallback lastAttemptedDrawFrameNum=3 didProduceBuffer=true
05-25 12:36:52.141  4602  4602 D VRI[NotificationShade]@cf74c67: reportDrawFinished seqId=486
05-25 12:36:52.141  2727  8169 D WindowManager: finishDrawingWindow: Window{e0b05b u0 NotificationShade} mDrawState=HAS_DRAWN seqId=486
05-25 12:36:52.142  2727  3229 D SurfaceComposerClient: setCornerRadius ## 9ac0ee8 com.forgeapps.tickday/com.forgeapps.tickday.MainActivity#232721 cornerRadius=0.000000
05-25 12:36:52.142  4602  4602 D View    : semSetBlurInfo, blurInfo : null, com.android.systemui.statusbar.KeyguardSecAffordanceView{4222444 V.ED..... ......ID 0,0-119,119 #7f0a0cad app:id/start_button}
05-25 12:36:52.142  4602  4602 D View    : semSetBlurInfo, blurInfo : android.view.SemBlurInfo@fecf2aa {BLUR_MODE_WINDOW, mBlurRadius = 300, mBackgroundBlurColor = 0, mCornerRadiusTL = 59.5, mCornerRadiusTR = 59.5, mCornerRadiusBL = 59.5, mCornerRadiusBR = 59.5, mClipRectLeft = 0, mClipRectTop = 0, mClipRectRight = 2147483647, mClipRectBottom = 2147483647, mColorCurve = android.view.SemBlurInfo$ColorCurve@34f4e9b {minX = 0.0, minY = 13.3, maxX = 255.0, maxY = 235.1, curveBias = -15.0, saturation = 0.1}}, com.android.systemui.statusbar.KeyguardSecAffordanceView{18dbef1 V.ED..... ......ID 0,0-119,119 #7f0a0469 app:id/end_button}
05-25 12:36:52.142  2727  3229 D SurfaceComposerClient: setCornerRadius ## 9ac0ee8 com.forgeapps.tickday/com.forgeapps.tickday.MainActivity#232721 cornerRadius=0.000000
05-25 12:36:52.142  2269  2269 D SurfaceFlinger: Display 4630947191136750483 HWC layers:
05-25 12:36:52.142  2269  2269 D SurfaceFlinger:        DEVICE |           90426241450091 | 00000102 | RGBA_8888    |    0.0    0.0 1080.0 2340.0 |    0    0 1080 2340 | 7a395d0 SurfaceView[com.forgeapps.ti[...]ickday.MainActivity]@0(BLAST)#233322 (5)
05-25 12:36:52.142  2269  2269 D SurfaceFlinger:        DEVICE |           90426241450098 | 00002100 | RGBA_8888    |    0.0    0.0 1080.0 2340.0 |    0    0 1080 2340 | com.forgeapps.tickday/com.forgeapps.tickday.MainActivity$_21054#233319 (2)
05-25 12:36:52.142  2269  2269 D SurfaceFlinger:        DEVICE |           19765439718130 | 00002100 | RGBA_8888    |    0.0    0.0 1080.0   85.0 |    0    0 1080   85 | StatusBar$_4602#109 (496471)
05-25 12:36:52.142  2269  2269 D SurfaceFlinger:        DEVICE |           19765439718609 | 00002100 | RGBA_8888    |    0.0    0.0 1080.0 2340.0 |    0    0 1080 2340 | NotificationShade$_4602#233327 (2)
05-25 12:36:52.142  2269  2269 D SurfaceFlinger:        DEVICE |           22204980972931 | 00002100 | RGBA_8888    |    0.0    0.0   67.0  350.0 |    0  432   67  782 | com.sec.android.app.launcher/com.sam[...].app.CocktailBarService$_5170#232518 (1)
05-25 12:36:52.142  2269  2269 D SurfaceFlinger:        DEVICE |           19765439718178 | 00002100 | RGBA_8888    |    0.0
05-25 12:36:52.142  2269  2269 D SurfaceFlinger:     0.0 1080.0  144.0 |    0 2196 1080 2340 | NavigationBar0$_4602#107 (403727)
05-25 12:36:52.142  2269  2269 D SurfaceFlinger: 
05-25 12:36:52.143  2727  6409 D SurfaceComposerClient: setCornerRadius ## 9ac0ee8 com.forgeapps.tickday/com.forgeapps.tickday.MainActivity#232721 cornerRadius=0.000000
05-25 12:36:52.143  2727  4714 D SystemServerTiming: getUserSwitchability-0
05-25 12:36:52.143  2727  4714 D SystemServerTiming: TM.isInCall
05-25 12:36:52.143  2727  4714 I Telecom : SamsungTelecomServiceImpl : isInCall - callingPackage : android / callingUser : UserHandle{0} / hasCrossUserAccess : true
05-25 12:36:52.143  2727  6409 D SurfaceComposerClient: setCornerRadius ## 9ac0ee8 com.forgeapps.tickday/com.forgeapps.tickday.MainActivity#232721 cornerRadius=0.000000
05-25 12:36:52.143  2727  4714 V SystemServerTiming: TM.isInCall took to complete: 0ms
05-25 12:36:52.143  2727  4714 D SystemServerTiming: hasUserRestriction-DISALLOW_USER_SWITCH
05-25 12:36:52.143  2727  4714 V SystemServerTiming: hasUserRestriction-DISALLOW_USER_SWITCH took to complete: 0ms
05-25 12:36:52.143  2727  4714 D SystemServerTiming: getInt-ALLOW_USER_SWITCHING_WHEN_SYSTEM_USER_LOCKED
05-25 12:36:52.143  2727  4714 V SystemServerTiming: getInt-ALLOW_USER_SWITCHING_WHEN_SYSTEM_USER_LOCKED took to complete: 0ms
05-25 12:36:52.143  2727  4714 D SystemServerTiming: isUserUnlocked-USER_SYSTEM
05-25 12:36:52.143  2727  4714 V SystemServerTiming: isUserUnlocked-USER_SYSTEM took to complete: 0ms
05-25 12:36:52.143  2727  4714 V SystemServerTiming: getUserSwitchability-0 took to complete: 0ms
05-25 12:36:52.143  2727  6409 D SystemServerTiming: getUserSwitchability-0
05-25 12:36:52.143  2727  6409 D SystemServerTiming: TM.isInCall
05-25 12:36:52.143  2727  6409 I Telecom : SamsungTelecomServiceImpl : isInCall - callingPackage : android / callingUser : UserHandle{0} / hasCrossUserAccess : true
05-25 12:36:52.144  2727  6409 V SystemServerTiming: TM.isInCall took to complete: 1ms
05-25 12:36:52.144  2727  6409 D SystemServerTiming: hasUserRestriction-DISALLOW_USER_SWITCH
05-25 12:36:52.144  2727  6409 V SystemServerTiming: hasUserRestriction-DISALLOW_USER_SWITCH took to complete: 0ms
05-25 12:36:52.144  2727  6409 D SystemServerTiming: getInt-ALLOW_USER_SWITCHING_WHEN_SYSTEM_USER_LOCKED
05-25 12:36:52.144  2727  6409 V SystemServerTiming: getInt-ALLOW_USER_SWITCHING_WHEN_SYSTEM_USER_LOCKED took to complete: 0ms
05-25 12:36:52.144  2727  6409 D SystemServerTiming: isUserUnlocked-USER_SYSTEM
05-25 12:36:52.144  2727  6409 V SystemServerTiming: isUserUnlocked-USER_SYSTEM took to complete: 0ms
05-25 12:36:52.144  2727  6409 V SystemServerTiming: getUserSwitchability-0 took to complete: 1ms
05-25 12:36:52.145 11831 11862 D PipelineWatcher: onInputBufferReleased: frameIndex not found (64835); ignored
05-25 12:36:52.146  4602  4602 D BiometricsRepositoryImpl: currentUser authFlags changed, new value: AuthenticationFlags(userId=0, flag=0)
05-25 12:36:52.146  4602  4602 D BiometricsRepositoryImpl: currentUser authFlags changed, new value: AuthenticationFlags(userId=0, flag=0)
05-25 12:36:52.146  4602  4602 D BiometricsRepositoryImpl: currentUser authFlags changed, new value: AuthenticationFlags(userId=0, flag=0)
05-25 12:36:52.146  4602  4602 D BiometricsRepositoryImpl: currentUser authFlags changed, new value: AuthenticationFlags(userId=0, flag=0)
05-25 12:36:52.146  2154 11894 I DMABUFHEAPS: Using DMA-BUF heap named: qcom,system
05-25 12:36:52.147  2154 11894 I DMABUFHEAPS: Using DMA-BUF heap named: qcom,system
05-25 12:36:52.147  2154 11894 I DMABUFHEAPS: Using DMA-BUF heap named: qcom,system
05-25 12:36:52.147  2154 11894 I DMABUFHEAPS: Using DMA-BUF heap named: qcom,system
05-25 12:36:52.147  2727  8169 D SurfaceComposerClient: setCornerRadius ## 9ac0ee8 com.forgeapps.tickday/com.forgeapps.tickday.MainActivity#232721 cornerRadius=0.000000
05-25 12:36:52.147  2727  8169 D SurfaceComposerClient: setCornerRadius ## 9ac0ee8 com.forgeapps.tickday/com.forgeapps.tickday.MainActivity#232721 cornerRadius=0.000000
05-25 12:36:52.148 11831 11862 D PipelineWatcher: onInputBufferReleased: frameIndex not found (64836); ignored
05-25 12:36:52.155  2727  8169 D SurfaceComposerClient: setCornerRadius ## 9ac0ee8 com.forgeapps.tickday/com.forgeapps.tickday.MainActivity#232721 cornerRadius=0.000000
05-25 12:36:52.156  2727  8169 D SurfaceComposerClient: setCornerRadius ## 9ac0ee8 com.forgeapps.tickday/com.forgeapps.tickday.MainActivity#232721 cornerRadius=0.000000
05-25 12:36:52.161 11831 13169 D PipelineWatcher: onInputBufferReleased: frameIndex not found (64837); ignored
05-25 12:36:52.162  2154 11894 I DMABUFHEAPS: Using DMA-BUF heap named: qcom,system
05-25 12:36:52.162  2154 11894 I DMABUFHEAPS: Using DMA-BUF heap named: qcom,system
05-25 12:36:52.162  2154 11894 I DMABUFHEAPS: Using DMA-BUF heap named: qcom,system
05-25 12:36:52.162  2154 11894 I DMABUFHEAPS: Using DMA-BUF heap named: qcom,system
05-25 12:36:52.163 11831 13169 D PipelineWatcher: onInputBufferReleased: frameIndex not found (64838); ignored
05-25 12:36:52.164  2727  8169 D SurfaceComposerClient: setCornerRadius ## 9ac0ee8 com.forgeapps.tickday/com.forgeapps.tickday.MainActivity#232721 cornerRadius=0.000000
05-25 12:36:52.164  2727  8169 D SurfaceComposerClient: setCornerRadius ## 9ac0ee8 com.forgeapps.tickday/com.forgeapps.tickday.MainActivity#232721 cornerRadius=0.000000
05-25 12:36:52.172  2727  8169 D SurfaceComposerClient: setCornerRadius ## 9ac0ee8 com.forgeapps.tickday/com.forgeapps.tickday.MainActivity#232721 cornerRadius=0.000000
05-25 12:36:52.172  2727  8169 D SurfaceComposerClient: setCornerRadius ## 9ac0ee8 com.forgeapps.tickday/com.forgeapps.tickday.MainActivity#232721 cornerRadius=0.000000
05-25 12:36:52.178 11831 13169 D PipelineWatcher: onInputBufferReleased: frameIndex not found (64839); ignored
05-25 12:36:52.179  2154 11894 I DMABUFHEAPS: Using DMA-BUF heap named: qcom,system
05-25 12:36:52.179  2154 11894 I DMABUFHEAPS: Using DMA-BUF heap named: qcom,system
05-25 12:36:52.179  2154 11894 I DMABUFHEAPS: Using DMA-BUF heap named: qcom,system
05-25 12:36:52.179  2154 11894 I DMABUFHEAPS: Using DMA-BUF heap named: qcom,system
05-25 12:36:52.180 11831 13169 D PipelineWatcher: onInputBufferReleased: frameIndex not found (64840); ignored
05-25 12:36:52.181  2727  8169 D SurfaceComposerClient: setCornerRadius ## 9ac0ee8 com.forgeapps.tickday/com.forgeapps.tickday.MainActivity#232721 cornerRadius=0.000000
05-25 12:36:52.182  2727  8169 D SurfaceComposerClient: setCornerRadius ## 9ac0ee8 com.forgeapps.tickday/com.forgeapps.tickday.MainActivity#232721 cornerRadius=0.000000
05-25 12:36:52.188 11831 13169 D PipelineWatcher: onInputBufferReleased: frameIndex not found (64841); ignored
05-25 12:36:52.189  2727  8169 D SurfaceComposerClient: setCornerRadius ## 9ac0ee8 com.forgeapps.tickday/com.forgeapps.tickday.MainActivity#232721 cornerRadius=0.000000
05-25 12:36:52.189  2727  8169 D SurfaceComposerClient: setCornerRadius ## 9ac0ee8 com.forgeapps.tickday/com.forgeapps.tickday.MainActivity#232721 cornerRadius=0.000000
05-25 12:36:52.197  2727  8169 D SurfaceComposerClient: setCornerRadius ## 9ac0ee8 com.forgeapps.tickday/com.forgeapps.tickday.MainActivity#232721 cornerRadius=0.000000
05-25 12:36:52.197  2727  8169 D SurfaceComposerClient: setCornerRadius ## 9ac0ee8 com.forgeapps.tickday/com.forgeapps.tickday.MainActivity#232721 cornerRadius=0.000000
05-25 12:36:52.202  2154 11894 I DMABUFHEAPS: Using DMA-BUF heap named: qcom,system
05-25 12:36:52.202  2154 11894 I DMABUFHEAPS: Using DMA-BUF heap named: qcom,system
05-25 12:36:52.202  2154 11894 I DMABUFHEAPS: Using DMA-BUF heap named: qcom,system
05-25 12:36:52.202  2154 11894 I DMABUFHEAPS: Using DMA-BUF heap named: qcom,system
05-25 12:36:52.204 11831 13169 D PipelineWatcher: onInputBufferReleased: frameIndex not found (64842); ignored
05-25 12:36:52.206  2727  8169 D SurfaceComposerClient: setCornerRadius ## 9ac0ee8 com.forgeapps.tickday/com.forgeapps.tickday.MainActivity#232721 cornerRadius=0.000000
05-25 12:36:52.206  2727  8169 D SurfaceComposerClient: setCornerRadius ## 9ac0ee8 com.forgeapps.tickday/com.forgeapps.tickday.MainActivity#232721 cornerRadius=0.000000
05-25 12:36:52.207 11831 13169 D PipelineWatcher: onInputBufferReleased: frameIndex not found (64843); ignored
05-25 12:36:52.211  2727  8169 D [SS]BattFunctions: [sendRemainingChargingTimeChangedIntent]remainingChargingTime:8822 ,mLastRemainingChargingTime:8786
05-25 12:36:52.211  2160  2160 I seh_thermal_service: getTemperaturesWithType SehTemperatureType: 3
05-25 12:36:52.212  2158  2158 I sehhealth-service: updateLrpSysfs: write: 394
05-25 12:36:52.212  2158  2289 E BatteryDump: !@new_battery_dump : 4147,82,475,550,76,375,339,438,375,0,393,438,0,Charging,NO_CHARGING,Normal,Good,USB,1,Normal,0,0,9300,0x0,0x10000,0x0,0,0,682,v0002,0000,0000,00000000,0,0,0,0,200,4151,7579,990,0,
05-25 12:36:52.212  4602  4602 I AODBatteryManager: updateBatteryData: ACTION_BATTERY_CHANGED: false, isSleepModeChanged:false ,isRemainingTimeChanged: true, isUSBRestriction: false
05-25 12:36:52.213  4602  4602 I ChargingInfoManager: updateChargingInfo: newState = AOD ChargingInfo [mState=BATTERY_AND_REMAIN_TIME, mIsCharging=true, mIsPlugged=true, mIsFullyCharged=false, mIsBatteryProtectMode=false, mBetteryLevel=76, mBetteryProtectModeType0, mIsSlowChargingfalse], oldState = AOD ChargingInfo [mState=BATTERY_AND_REMAIN_TIME, mIsCharging=true, mIsPlugged=true, mIsFullyCharged=false, mIsBatteryProtectMode=false, mBetteryLevel=76, mBetteryProtectModeType0, mIsSlowChargingfalse]
05-25 12:36:52.213  4602  4602 D PowerUI : Remaining charging time : 8822
05-25 12:36:52.213  4602  4602 D PowerUI : Charging time is changed, check charging notification
05-25 12:36:52.213  2727  3259 D ActivityManager: sync unfroze 7599 com.samsung.android.lool for 3
05-25 12:36:52.214  4602  4602 D PowerUI.Notification: showChargingNotice - Battery Level : 76 -> 76, Charging Type : 11 -> 11, Charging Time : 8786 -> 8822, Maximum protection : false -> false, Maximum threshold : 80 -> 80
05-25 12:36:52.214  4602  4602 I NotificationManager: com.android.systemui: notify(2131364006, charging_state, Notification(channel=CHR shortcut=null contentView=null vibrate=null sound=null defaults=0 flags=ONGOING_EVENT|ONLY_ALERT_ONCE color=0x00000000 category=sys groupKey=CHARGING vis=PUBLIC semFlags=0x0 semPriority=0 semMissedCount=0)) as user
05-25 12:36:52.215  2727  6409 W PermissionService: getPermissionFlags: Unknown user -1
05-25 12:36:52.215  2727  6409 W PermissionService: getPermissionFlags: Unknown user -1
05-25 12:36:52.216  2727  6409 D SurfaceComposerClient: setCornerRadius ## 9ac0ee8 com.forgeapps.tickday/com.forgeapps.tickday.MainActivity#232721 cornerRadius=0.000000
05-25 12:36:52.216  2727  6409 D SurfaceComposerClient: setCornerRadius ## 9ac0ee8 com.forgeapps.tickday/com.forgeapps.tickday.MainActivity#232721 cornerRadius=0.000000
05-25 12:36:52.219  2154 11894 I DMABUFHEAPS: Using DMA-BUF heap named: qcom,system
05-25 12:36:52.219  2154 11894 I DMABUFHEAPS: Using DMA-BUF heap named: qcom,system
05-25 12:36:52.219  2154 11894 I DMABUFHEAPS: Using DMA-BUF heap named: qcom,system
05-25 12:36:52.219  2154 11894 I DMABUFHEAPS: Using DMA-BUF heap named: qcom,system
05-25 12:36:52.220 11831 13169 D PipelineWatcher: onInputBufferReleased: frameIndex not found (64844); ignored
05-25 12:36:52.221  7599  7599 W SmApplication: onTrimMemory : 40
05-25 12:36:52.222  7599  7599 I DC.AppIconCache: clear icon cache
05-25 12:36:52.222  7599  7599 W SmApplication: onTrimMemory : 40
05-25 12:36:52.222  7599  7599 I DC.AppIconCache: clear icon cache
05-25 12:36:52.222  2727  6409 D SurfaceComposerClient: setCornerRadius ## 9ac0ee8 com.forgeapps.tickday/com.forgeapps.tickday.MainActivity#232721 cornerRadius=0.000000
05-25 12:36:52.222  2727  6409 D SurfaceComposerClient: setCornerRadius ## 9ac0ee8 com.forgeapps.tickday/com.forgeapps.tickday.MainActivity#232721 cornerRadius=0.000000
05-25 12:36:52.223 11831 13169 D PipelineWatcher: onInputBufferReleased: frameIndex not found (64845); ignored
05-25 12:36:52.230  2727  6409 D SurfaceComposerClient: setCornerRadius ## 9ac0ee8 com.forgeapps.tickday/com.forgeapps.tickday.MainActivity#232721 cornerRadius=0.000000
05-25 12:36:52.230  2727  6409 D SurfaceComposerClient: setCornerRadius ## 9ac0ee8 com.forgeapps.tickday/com.forgeapps.tickday.MainActivity#232721 cornerRadius=0.000000
05-25 12:36:52.235  2154 11894 I DMABUFHEAPS: Using DMA-BUF heap named: qcom,system
05-25 12:36:52.235  2154 11894 I DMABUFHEAPS: Using DMA-BUF heap named: qcom,system
05-25 12:36:52.235  2154 11894 I DMABUFHEAPS: Using DMA-BUF heap named: qcom,system
05-25 12:36:52.235  2154 11894 I DMABUFHEAPS: Using DMA-BUF heap named: qcom,system
05-25 12:36:52.236 11831 13169 D PipelineWatcher: onInputBufferReleased: frameIndex not found (64846); ignored
05-25 12:36:52.238 11831 13169 D PipelineWatcher: onInputBufferReleased: frameIndex not found (64847); ignored
05-25 12:36:52.239  2727  6409 D SurfaceComposerClient: setCornerRadius ## 9ac0ee8 com.forgeapps.tickday/com.forgeapps.tickday.MainActivity#232721 cornerRadius=0.000000
05-25 12:36:52.239  2727  6409 D SurfaceComposerClient: setCornerRadius ## 9ac0ee8 com.forgeapps.tickday/com.forgeapps.tickday.MainActivity#232721 cornerRadius=0.000000
05-25 12:36:52.247  2727  6409 D SurfaceComposerClient: setCornerRadius ## 9ac0ee8 com.forgeapps.tickday/com.forgeapps.tickday.MainActivity#232721 cornerRadius=0.000000
05-25 12:36:52.247  2727  6409 D SurfaceComposerClient: setCornerRadius ## 9ac0ee8 com.forgeapps.tickday/com.forgeapps.tickday.MainActivity#232721 cornerRadius=0.000000
05-25 12:36:52.253  2154 11894 I DMABUFHEAPS: Using DMA-BUF heap named: qcom,system
05-25 12:36:52.253  2154 11894 I DMABUFHEAPS: Using DMA-BUF heap named: qcom,system
05-25 12:36:52.253  2154 11894 I DMABUFHEAPS: Using DMA-BUF heap named: qcom,system
05-25 12:36:52.253  2154 11894 I DMABUFHEAPS: Using DMA-BUF heap named: qcom,system
05-25 12:36:52.254 11831 13169 D PipelineWatcher: onInputBufferReleased: frameIndex not found (64848); ignored
05-25 12:36:52.256  2727  6409 D SurfaceComposerClient: setCornerRadius ## 9ac0ee8 com.forgeapps.tickday/com.forgeapps.tickday.MainActivity#232721 cornerRadius=0.000000
05-25 12:36:52.256  2727  6409 D SurfaceComposerClient: setCornerRadius ## 9ac0ee8 com.forgeapps.tickday/com.forgeapps.tickday.MainActivity#232721 cornerRadius=0.000000
05-25 12:36:52.258 11831 13169 D PipelineWatcher: onInputBufferReleased: frameIndex not found (64849); ignored
05-25 12:36:52.264  2727  6409 D SurfaceComposerClient: setCornerRadius ## 9ac0ee8 com.forgeapps.tickday/com.forgeapps.tickday.MainActivity#232721 cornerRadius=0.000000
05-25 12:36:52.264  2727  6409 D SurfaceComposerClient: setCornerRadius ## 9ac0ee8 com.forgeapps.tickday/com.forgeapps.tickday.MainActivity#232721 cornerRadius=0.000000
05-25 12:36:52.269  2154 11894 I DMABUFHEAPS: Using DMA-BUF heap named: qcom,system
05-25 12:36:52.269  2154 11894 I DMABUFHEAPS: Using DMA-BUF heap named: qcom,system
05-25 12:36:52.269  2154 11894 I DMABUFHEAPS: Using DMA-BUF heap named: qcom,system
05-25 12:36:52.270  2154 11894 I DMABUFHEAPS: Using DMA-BUF heap named: qcom,system
05-25 12:36:52.271 11831 11862 D PipelineWatcher: onInputBufferReleased: frameIndex not found (64850); ignored
05-25 12:36:52.272  2727  6409 D SurfaceComposerClient: setCornerRadius ## 9ac0ee8 com.forgeapps.tickday/com.forgeapps.tickday.MainActivity#232721 cornerRadius=0.000000
05-25 12:36:52.272  2727  6409 D SurfaceComposerClient: setCornerRadius ## 9ac0ee8 com.forgeapps.tickday/com.forgeapps.tickday.MainActivity#232721 cornerRadius=0.000000
05-25 12:36:52.274 11831 11862 D PipelineWatcher: onInputBufferReleased: frameIndex not found (64851); ignored
05-25 12:36:52.280  2727  6409 D SurfaceComposerClient: setCornerRadius ## 9ac0ee8 com.forgeapps.tickday/com.forgeapps.tickday.MainActivity#232721 cornerRadius=0.000000
05-25 12:36:52.281  2727  6409 D SurfaceComposerClient: setCornerRadius ## 9ac0ee8 com.forgeapps.tickday/com.forgeapps.tickday.MainActivity#232721 cornerRadius=0.000000
05-25 12:36:52.286  2154 11894 I DMABUFHEAPS: Using DMA-BUF heap named: qcom,system
05-25 12:36:52.286  2154 11894 I DMABUFHEAPS: Using DMA-BUF heap named: qcom,system
05-25 12:36:52.286  2154 11894 I DMABUFHEAPS: Using DMA-BUF heap named: qcom,system
05-25 12:36:52.287  2154 11894 I DMABUFHEAPS: Using DMA-BUF heap named: qcom,system
05-25 12:36:52.287 11831 13169 D PipelineWatcher: onInputBufferReleased: frameIndex not found (64852); ignored
05-25 12:36:52.289  2727  6409 D SurfaceComposerClient: setCornerRadius ## 9ac0ee8 com.forgeapps.tickday/com.forgeapps.tickday.MainActivity#232721 cornerRadius=0.000000
05-25 12:36:52.289  2727  6409 D SurfaceComposerClient: setCornerRadius ## 9ac0ee8 com.forgeapps.tickday/com.forgeapps.tickday.MainActivity#232721 cornerRadius=0.000000
05-25 12:36:52.290  2727 29753 D VibratorManagerService: converted usage = NOTIFICATION(49)
05-25 12:36:52.290  2727 29753 D VibratorManagerService: vibrate - uid: 1000, opPkg: android, effect: Mono{mEffect=Composed{segments=[Step{amplitude=0.0, frequencyHz=0.0, duration=100}, Step{amplitude=-1.0, frequencyHz=0.0, duration=1000}, Step{amplitude=0.0, frequencyHz=0.0, duration=0}, Step{amplitude=-1.0, frequencyHz=0.0, duration=0}], repeat=-1, mMagnitudeType=TYPE_EXTRA}}, attrs: VibrationAttributes{mUsage=NOTIFICATION, mAudioUsage= USAGE_UNKNOWN, mFlags=0, tags=}, reason: Notification (com.kakao.talk 10382) (Delayed), token: android.os.Binder@3af8c47
05-25 12:36:52.290  2727 29753 D VibratorManagerService: Starting vibrate for vibration 156130
05-25 12:36:52.290  2727 29753 D VibratorManagerService: Check AppOp mode VIBRATE for uid 1000 and package android returned audio=allow, op=allow
05-25 12:36:52.290  2727 29753 D VibratorManagerService: Starting vibration 156130 on thread
05-25 12:36:52.291  2727 29753 D VibratorManagerService: Start AppOp mode VIBRATE for uid 1000 and package android returned allow
05-25 12:36:52.291 11831 13169 D PipelineWatcher: onInputBufferReleased: frameIndex not found (64853); ignored
05-25 12:36:52.291  2727  3877 D VibrationThread: Playing vibration id 156130 StartSequentialEffectStep
05-25 12:36:52.291  2727  3877 D VibrationThread: StartSequentialEffectStep for effect #0
05-25 12:36:52.292  2166  2166 E SecVibrator-HAL-AIDL-EXT: V_5_0: performPrebakedHapticPattern 0 : 10000 : 0
05-25 12:36:52.292  2166  2166 E SecVibrator-HAL-AIDL-CORE: HW_API: [setForceFeedbackAmplitude]amplitude: 10000
05-25 12:36:52.293  4602  4602 D CollapsedStatusBarFragmentExt: prv:StatusBarVisibilityModel(showClock=true, showNotificationIcons=true, showOngoingCallChip=false, showPrimaryOngoingActivityChip=false, showSecondaryOngoingActivityChip=false, showSystemInfo=true)
05-25 12:36:52.293  4602  4602 D CollapsedStatusBarFragmentExt: new:StatusBarVisibilityModel(showClock=false, showNotificationIcons=true, showOngoingCallChip=false, showPrimaryOngoingActivityChip=false, showSecondaryOngoingActivityChip=false, showSystemInfo=true)
05-25 12:36:52.293  4602  4602 D CollapsedStatusBarFragmentExt: com.android.systemui.statusbar.phone.ongoingactivity.OngoingActivityController.updateParentViewVisibility:99 com.android.systemui.statusbar.phone.ongoingactivity.OngoingActivityController$start$1.onHeadsUpPinnedModeChanged:31 com.android.systemui.statusbar.notification.headsup.HeadsUpManagerImpl.setEntryPinned:220 com.android.systemui.statusbar.notification.headsup.HeadsUpManagerImpl.onEntryAdded:16 com.android.systemui.statusbar.notification.headsup.HeadsUpManagerImpl$$ExternalSyntheticLambda1.run:171 com.android.systemui.statusbar.notification.headsup.AvalancheController.update:52 
05-25 12:36:52.298  2727  6409 D SurfaceComposerClient: setCornerRadius ## 9ac0ee8 com.forgeapps.tickday/com.forgeapps.tickday.MainActivity#232721 cornerRadius=0.000000
05-25 12:36:52.298  2727  6409 D SurfaceComposerClient: setCornerRadius ## 9ac0ee8 com.forgeapps.tickday/com.forgeapps.tickday.MainActivity#232721 cornerRadius=0.000000
05-25 12:36:52.303  2154 11894 I DMABUFHEAPS: Using DMA-BUF heap named: qcom,system
05-25 12:36:52.303  2154 11894 I DMABUFHEAPS: Using DMA-BUF heap named: qcom,system
05-25 12:36:52.303  2154 11894 I DMABUFHEAPS: Using DMA-BUF heap named: qcom,system
05-25 12:36:52.303  2154 11894 I DMABUFHEAPS: Using DMA-BUF heap named: qcom,system
05-25 12:36:52.303  2727  4288 E WifiStaIfaceAidlImpl: getCachedScanData failed with service-specific exception: android.os.ServiceSpecificException:  (code 4)
05-25 12:36:52.305 11831 13169 D PipelineWatcher: onInputBufferReleased: frameIndex not found (64854); ignored
05-25 12:36:52.305  2727  7108 D SemWifiUsabilityStatsMonitor: onWifiUsabilityStats - seqNum 160017, isSameBssidAndFreq true
05-25 12:36:52.306  2727  6409 D SurfaceComposerClient: setCornerRadius ## 9ac0ee8 com.forgeapps.tickday/com.forgeapps.tickday.MainActivity#232721 cornerRadius=0.000000
05-25 12:36:52.306  2727  6409 D SurfaceComposerClient: setCornerRadius ## 9ac0ee8 com.forgeapps.tickday/com.forgeapps.tickday.MainActivity#232721 cornerRadius=0.000000
05-25 12:36:52.307  2727  4391 D InsDataManager: onOutageCountUpdate() - Outage Data: 0, LQ : N. Outage Triggered: false
05-25 12:36:52.307  2727  4391 D InsDataManager: Trying to save initial normal data.
05-25 12:36:52.307  2727  4391 D SensorCollector: syncMappedBuffers: 0, 120, 0
05-25 12:36:52.307  2727  4391 D InsDataManager: trimBuffers start.
05-25 12:36:52.307  2727  4391 D InsDataManager: trimBuffers - nsmBuffer size: 26
05-25 12:36:52.307  2727  4391 D InsDataManager: Too short for collecting additional normal data
05-25 12:36:52.307  2727  4391 D SemInsManager: {"bssid": "94db60f05745","rssi": -34.0,"latency": 0.0,"outage_count": 0,"lq_callback_triggered": false,"outage_log": "Unreliable statistics: -34.0 / 2 / 120 / 0 / 0 || 94db60f05745: 0.000 / 0.000 / @ || N N / 0 0 / N 2.0 / N X 1 / 925136244 0 || 2026-05-25 12:36:52  / 2: 0 0 0 0 0 0 / 5: 0 0 0 0 0 0 / 2: 0 0 0 0 0 0""Magnetic Sensor Events size": "0""Pressure Sensor Events size": "0"}
05-25 12:36:52.307 11831 13169 D PipelineWatcher: onInputBufferReleased: frameIndex not found (64855); ignored
05-25 12:36:52.308  2166  2166 E SecVibrator-HAL-AIDL-CORE: HW_API: [uploadForceFeedbackeffect]ioctl success ,uploaded effect with ID: 0
05-25 12:36:52.308  2727  3877 D VibrationThread: Running amplitude step with 0ms latency.
05-25 12:36:52.308  2727  6323 D MotionRecognitionService: inject vibrator info = 1.0
05-25 12:36:52.308  2124  2124 I sensors-hal: inject_sensor_data:309, accel - vib_onoff: 1
