05-25 12:36:59.651 21054 21054 I flutter : [TickDayAlarm][2026-05-25T12:36:59.651679][NotificationService] schedule accepted id=999889
05-25 12:36:59.652 11831 13169 D PipelineWatcher: onInputBufferReleased: frameIndex not found (65039); ignored
05-25 12:36:59.654  2154 11894 I DMABUFHEAPS: Using DMA-BUF heap named: qcom,system
05-25 12:36:59.654  2154 11894 I DMABUFHEAPS: Using DMA-BUF heap named: qcom,system
05-25 12:36:59.654  2154 11894 I DMABUFHEAPS: Using DMA-BUF heap named: qcom,system
05-25 12:36:59.654  2154 11894 I DMABUFHEAPS: Using DMA-BUF heap named: qcom,system
05-25 12:36:59.654 21054 21054 I flutter : [TickDayAlarm][2026-05-25T12:36:59.654765][NotificationService] zonedSchedule start id=999889 scheduledAt=2026-05-25 12:37:09.651382+0900
05-25 12:36:59.654 21054 21054 I flutter : [TickDayAlarm][2026-05-25T12:36:59.654926][NotificationService] fullScreen=true skip flutter zonedSchedule id=999889
05-25 12:36:59.654 21054 21054 I flutter : [NotificationService] fullScreen=true skip flutter zonedSchedule
05-25 12:36:59.655 21054 21054 I flutter : [NativeAlarmService] ENTER scheduleAlarm alarmId=999889
05-25 12:36:59.655 21054 21054 I flutter : [TickDayAlarm][2026-05-25T12:36:59.655114][NativeAlarmService] scheduleAlarm alarmId=999889 itemId=__fullscreen_test__ memo=null scheduledAt=2026-05-25 12:37:09.651382
05-25 12:36:59.657 11831 13169 D PipelineWatcher: onInputBufferReleased: frameIndex not found (65040); ignored
05-25 12:36:59.673 21054 21054 I TickDayAlarm: [TickDayAlarm][12:36:59.672][MainActivity][enter] scheduleAlarm alarmId=999889 triggerAtMillis=1779680229651 itemId=__fullscreen_test__ memo=null
05-25 12:36:59.673 21054 21054 I TickDayAlarm: [TickDayAlarm][12:36:59.673][MainActivity][step] sharedPrefs saved item_id_999889=__fullscreen_test__
05-25 12:36:59.674 21054 21054 I TickDayAlarm: [TickDayAlarm][12:36:59.674][MainActivity][step] pendingIntent created alarmId=999889
05-25 12:36:59.675 21054 21054 I TickDayAlarm: [TickDayAlarm][12:36:59.675][MainActivity][success] setExactAndAllowWhileIdle alarmId=999889 triggerAtMillis=1779680229651
05-25 12:36:59.675 21054 21054 I flutter : [TickDayAlarm][2026-05-25T12:36:59.675918][NativeAlarmService] scheduleAlarm method channel invoked alarmId=999889
05-25 12:36:59.676 21054 21054 I flutter : [NativeAlarmService] scheduleAlarm called
05-25 12:36:59.676 21054 21054 I flutter : [NativeAlarmService] alarm scheduled requestCode=999889
05-25 12:36:59.676 21054 21054 W WindowOnBackDispatcher: sendCancelIfRunning: isInProgress=false callback=io.flutter.embedding.android.FlutterActivity$1@e8bdd60
05-25 12:36:59.676  2727  7709 D CoreBackPreview: Window{9ac0ee8 u0 com.forgeapps.tickday/com.forgeapps.tickday.MainActivity}: Setting back callback OnBackInvokedCallbackInfo{mCallback=android.window.IOnBackInvokedCallback$Stub$Proxy@c8e8b47, mPriority=-1, mIsAnimationCallback=false, mOverrideBehavior=0}
05-25 12:36:59.680 11831 13169 D PipelineWatcher: onInputBufferReleased: frameIndex not found (65041); ignored
05-25 12:36:59.704  2154 11894 I DMABUFHEAPS: Using DMA-BUF heap named: qcom,system
05-25 12:36:59.704  2154 11894 I DMABUFHEAPS: Using DMA-BUF heap named: qcom,system
05-25 12:36:59.704  2154 11894 I DMABUFHEAPS: Using DMA-BUF heap named: qcom,system
05-25 12:36:59.704  2154 11894 I DMABUFHEAPS: Using DMA-BUF heap named: qcom,system
05-25 12:36:59.705 11831 13169 D PipelineWatcher: onInputBufferReleased: frameIndex not found (65042); ignored
05-25 12:36:59.717 11831 11862 D PipelineWatcher: onInputBufferReleased: frameIndex not found (65043); ignored
05-25 12:36:59.718  2154 11894 I DMABUFHEAPS: Using DMA-BUF heap named: qcom,system
05-25 12:36:59.718  2154 11894 I DMABUFHEAPS: Using DMA-BUF heap named: qcom,system
05-25 12:36:59.718  2154 11894 I DMABUFHEAPS: Using DMA-BUF heap named: qcom,system
05-25 12:36:59.718  2154 11894 I DMABUFHEAPS: Using DMA-BUF heap named: qcom,system
05-25 12:36:59.719 11831 11862 D PipelineWatcher: onInputBufferReleased: frameIndex not found (65044); ignored
05-25 12:36:59.733 11831 11862 D PipelineWatcher: onInputBufferReleased: frameIndex not found (65045); ignored
05-25 12:36:59.734  2154 11894 I DMABUFHEAPS: Using DMA-BUF heap named: qcom,system
05-25 12:36:59.734  2154 11894 I DMABUFHEAPS: Using DMA-BUF heap named: qcom,system
05-25 12:36:59.735  2154 11894 I DMABUFHEAPS: Using DMA-BUF heap named: qcom,system
05-25 12:36:59.735  2154 11894 I DMABUFHEAPS: Using DMA-BUF heap named: qcom,system
05-25 12:36:59.735 11831 11862 D PipelineWatcher: onInputBufferReleased: frameIndex not found (65046); ignored
05-25 12:36:59.751 11831 11862 D PipelineWatcher: onInputBufferReleased: frameIndex not found (65047); ignored
05-25 12:36:59.752  2154 11894 I DMABUFHEAPS: Using DMA-BUF heap named: qcom,system
05-25 12:36:59.752  2154 11894 I DMABUFHEAPS: Using DMA-BUF heap named: qcom,system
05-25 12:36:59.752  2154 11894 I DMABUFHEAPS: Using DMA-BUF heap named: qcom,system
05-25 12:36:59.752  2154 11894 I DMABUFHEAPS: Using DMA-BUF heap named: qcom,system
05-25 12:36:59.753 11831 11862 D PipelineWatcher: onInputBufferReleased: frameIndex not found (65048); ignored
05-25 12:36:59.766 11831 11862 D PipelineWatcher: onInputBufferReleased: frameIndex not found (65049); ignored
05-25 12:36:59.767  2154 11894 I DMABUFHEAPS: Using DMA-BUF heap named: qcom,system
05-25 12:36:59.767  2154 11894 I DMABUFHEAPS: Using DMA-BUF heap named: qcom,system
05-25 12:36:59.767  2154 11894 I DMABUFHEAPS: Using DMA-BUF heap named: qcom,system
05-25 12:36:59.767  2154 11894 I DMABUFHEAPS: Using DMA-BUF heap named: qcom,system
05-25 12:36:59.768 11831 11862 D PipelineWatcher: onInputBufferReleased: frameIndex not found (65050); ignored
05-25 12:36:59.784 11831 11862 D PipelineWatcher: onInputBufferReleased: frameIndex not found (65051); ignored
05-25 12:36:59.785  2154 11894 I DMABUFHEAPS: Using DMA-BUF heap named: qcom,system
05-25 12:36:59.785  2154 11894 I DMABUFHEAPS: Using DMA-BUF heap named: qcom,system
05-25 12:36:59.785  2154 11894 I DMABUFHEAPS: Using DMA-BUF heap named: qcom,system
05-25 12:36:59.785  2154 11894 I DMABUFHEAPS: Using DMA-BUF heap named: qcom,system
05-25 12:36:59.786 11831 11862 D PipelineWatcher: onInputBufferReleased: frameIndex not found (65052); ignored
05-25 12:36:59.801 11831 11862 D PipelineWatcher: onInputBufferReleased: frameIndex not found (65053); ignored
05-25 12:36:59.801  2154 11894 I DMABUFHEAPS: Using DMA-BUF heap named: qcom,system
05-25 12:36:59.801  2154 11894 I DMABUFHEAPS: Using DMA-BUF heap named: qcom,system
05-25 12:36:59.801  2154 11894 I DMABUFHEAPS: Using DMA-BUF heap named: qcom,system
05-25 12:36:59.801  2154 11894 I DMABUFHEAPS: Using DMA-BUF heap named: qcom,system
05-25 12:36:59.802 11831 11862 D PipelineWatcher: onInputBufferReleased: frameIndex not found (65054); ignored
05-25 12:36:59.816 11831 11862 D PipelineWatcher: onInputBufferReleased: frameIndex not found (65055); ignored
05-25 12:36:59.819  2154 11894 I DMABUFHEAPS: Using DMA-BUF heap named: qcom,system
05-25 12:36:59.819  2154 11894 I DMABUFHEAPS: Using DMA-BUF heap named: qcom,system
05-25 12:36:59.819  2154 11894 I DMABUFHEAPS: Using DMA-BUF heap named: qcom,system
05-25 12:36:59.819  2154 11894 I DMABUFHEAPS: Using DMA-BUF heap named: qcom,system
05-25 12:36:59.820 11831 11862 D PipelineWatcher: onInputBufferReleased: frameIndex not found (65056); ignored
05-25 12:36:59.833 11831 11862 D PipelineWatcher: onInputBufferReleased: frameIndex not found (65057); ignored
05-25 12:36:59.834  2154 11894 I DMABUFHEAPS: Using DMA-BUF heap named: qcom,system
05-25 12:36:59.834  2154 11894 I DMABUFHEAPS: Using DMA-BUF heap named: qcom,system
05-25 12:36:59.834  2154 11894 I DMABUFHEAPS: Using DMA-BUF heap named: qcom,system
05-25 12:36:59.834  2154 11894 I DMABUFHEAPS: Using DMA-BUF heap named: qcom,system
05-25 12:36:59.835 11831 11862 D PipelineWatcher: onInputBufferReleased: frameIndex not found (65058); ignored
05-25 12:36:59.851  2727  3226 I GestureDetector: handleMessage TAP
05-25 12:36:59.851  2727  2727 I GestureDetector: handleMessage TAP
05-25 12:36:59.857 11831 11862 D PipelineWatcher: onInputBufferReleased: frameIndex not found (65059); ignored
05-25 12:36:59.858  2154 11894 I DMABUFHEAPS: Using DMA-BUF heap named: qcom,system
05-25 12:36:59.858  2154 11894 I DMABUFHEAPS: Using DMA-BUF heap named: qcom,system
05-25 12:36:59.858  2154 11894 I DMABUFHEAPS: Using DMA-BUF heap named: qcom,system
05-25 12:36:59.859  2154 11894 I DMABUFHEAPS: Using DMA-BUF heap named: qcom,system
05-25 12:36:59.859 11831 11862 D PipelineWatcher: onInputBufferReleased: frameIndex not found (65060); ignored
05-25 12:36:59.875 11831 11862 D PipelineWatcher: onInputBufferReleased: frameIndex not found (65061); ignored
05-25 12:36:59.877  2154 11894 I DMABUFHEAPS: Using DMA-BUF heap named: qcom,system
05-25 12:36:59.877  2154 11894 I DMABUFHEAPS: Using DMA-BUF heap named: qcom,system
05-25 12:36:59.877  2154 11894 I DMABUFHEAPS: Using DMA-BUF heap named: qcom,system
05-25 12:36:59.877  2154 11894 I DMABUFHEAPS: Using DMA-BUF heap named: qcom,system
05-25 12:36:59.878 11831 11862 D PipelineWatcher: onInputBufferReleased: frameIndex not found (65062); ignored
05-25 12:36:59.891 11831 11862 D PipelineWatcher: onInputBufferReleased: frameIndex not found (65063); ignored
05-25 12:36:59.892  2154 11894 I DMABUFHEAPS: Using DMA-BUF heap named: qcom,system
05-25 12:36:59.892  2154 11894 I DMABUFHEAPS: Using DMA-BUF heap named: qcom,system
05-25 12:36:59.892  2154 11894 I DMABUFHEAPS: Using DMA-BUF heap named: qcom,system
05-25 12:36:59.892  2154 11894 I DMABUFHEAPS: Using DMA-BUF heap named: qcom,system
05-25 12:36:59.893 11831 11862 D PipelineWatcher: onInputBufferReleased: frameIndex not found (65064); ignored
05-25 12:36:59.908 11831 11862 D PipelineWatcher: onInputBufferReleased: frameIndex not found (65065); ignored
05-25 12:36:59.910  2154 11894 I DMABUFHEAPS: Using DMA-BUF heap named: qcom,system
05-25 12:36:59.910  2154 11894 I DMABUFHEAPS: Using DMA-BUF heap named: qcom,system
05-25 12:36:59.910  2154 11894 I DMABUFHEAPS: Using DMA-BUF heap named: qcom,system
05-25 12:36:59.911  2154 11894 I DMABUFHEAPS: Using DMA-BUF heap named: qcom,system
05-25 12:36:59.911 11831 11862 D PipelineWatcher: onInputBufferReleased: frameIndex not found (65066); ignored
05-25 12:36:59.926 11831 11862 D PipelineWatcher: onInputBufferReleased: frameIndex not found (65067); ignored
05-25 12:36:59.928  2154 11894 I DMABUFHEAPS: Using DMA-BUF heap named: qcom,system
05-25 12:36:59.928  2154 11894 I DMABUFHEAPS: Using DMA-BUF heap named: qcom,system
05-25 12:36:59.928  2154 11894 I DMABUFHEAPS: Using DMA-BUF heap named: qcom,system
05-25 12:36:59.928  2154 11894 I DMABUFHEAPS: Using DMA-BUF heap named: qcom,system
05-25 12:36:59.930 11831 11862 D PipelineWatcher: onInputBufferReleased: frameIndex not found (65068); ignored
05-25 12:36:59.954 11831 11862 D PipelineWatcher: onInputBufferReleased: frameIndex not found (65069); ignored
05-25 12:36:59.999  2150  2439 I SDM     : DisplayBase::CommitThread: Received idle timeout, panel: cmd, timeout: 70000 us
05-25 12:37:00.003  4602  5219 I DateTimeView: updateAll - getTimeFormat
05-25 12:37:00.004  4602  5219 D QSClockBellTower: onReceive(android.intent.action.TIME_TICK) mTimeZoneString:Asia/Seoul
05-25 12:37:00.004  4602  4602 D ClockFaceEvents: onTimeTick. callers : com.android.keyguard.ClockEventController$keyguardUpdateMonitorCallback$1.refreshTime:19
05-25 12:37:00.004  4602  4602 D ClockFaceEvents: com.android.keyguard.ClockEventController$keyguardUpdateMonitorCallback$1.onTimeChanged:1
05-25 12:37:00.004  4602  4602 D ClockFaceEvents: com.android.keyguard.KeyguardUpdateMonitor$16.handleMessage:732
05-25 12:37:00.004  4602  4602 D ClockFaceEvents: onTimeTick. callers : com.android.keyguard.ClockEventController$keyguardUpdateMonitorCallback$1.refreshTime:38
05-25 12:37:00.004  4602  4602 D ClockFaceEvents: com.android.keyguard.ClockEventController$keyguardUpdateMonitorCallback$1.onTimeChanged:1
05-25 12:37:00.004  4602  4602 D ClockFaceEvents: com.android.keyguard.KeyguardUpdateMonitor$16.handleMessage:732
05-25 12:37:00.005  4602  4602 D FaceWidgetPagesController: onTimeChanged()
05-25 12:37:00.006  4602  4602 D QSClockBellTower: He is ready to ring the bell. (((QSClockBellSound - TimeText:12:37, TimeContentDescription:오후 12:37, DateText:5월 25일 월요일, ShortDateText:5월 25일 (월), Demo:false)))
05-25 12:37:00.007  4602  4602 D QSClock : StatusBar clock=12:37 notifyTimeChanged(QSClockBellSound - TimeText:12:37, TimeContentDescription:오후 12:37, DateText:5월 25일 월요일, ShortDateText:5월 25일 (월), Demo:false) clockVisibleByPolicy=true, clockVisibleByUser=true, visible=true, parent=android.widget.LinearLayout{bc21ecb V.E...... ......ID 82,0-183,68 #7f0a069b app:id/left_clock_container} caller=com.android.systemui.statusbar.phone.fragment.CollapsedStatusBarFragment.animateShow:52 com.android.systemui.statusbar.phone.fragment.CollapsedStatusBarFragment.updateStatusBarVisibilitiesInner:230 com.android.systemui.statusbar.phone.fragment.CollapsedStatusBarFragment$$ExternalSyntheticLambda1.run:6 android.os.Handler.handleCallback:995 android.os.Handler.dispatchMessage:103  
05-25 12:37:00.007  4602  4602 D QSClockBellTower: Everyone heard the bell. run(currentTime:1779680220006, getTime():Mon May 25 12:37:00 GMT+09:00 2026, getTimeZone():libcore.util.ZoneInfo[mDstSavings=0,mUseDst=false,mDelegate=[id="Asia/Seoul",mRawOffset=32400000,mEarliestRawOffset=30472000,transitions=29]])
05-25 12:37:00.008  2727  2727 I EyeComfortSolutionService: action  :  android.intent.action.TIME_TICK
05-25 12:37:00.012  4602  4602 D {OngoingChipAdapter}: updateEnableMaxWidth : 254 -:> 256
05-25 12:37:00.013  4602  4602 W RefactorFlag: New code path expects SceneContainerFlag to be enabled.
05-25 12:37:00.021  2150 26561 I SDM     : AIScalerFeatureIntfImpl::LookupConfig: Scale ratio = 1.780000
05-25 12:37:00.021  2150 26561 I SDM     : AIScalerParserIntfImpl::LookupConfig: Scale Ratio Match Found Here
05-25 12:37:00.026  2154 11894 I DMABUFHEAPS: Using DMA-BUF heap named: qcom,system
05-25 12:37:00.026  2154 11894 I DMABUFHEAPS: Using DMA-BUF heap named: qcom,system
05-25 12:37:00.027  2154 11894 I DMABUFHEAPS: Using DMA-BUF heap named: qcom,system
05-25 12:37:00.027  2154 11894 I DMABUFHEAPS: Using DMA-BUF heap named: qcom,system
05-25 12:37:00.028 11831 11862 D PipelineWatcher: onInputBufferReleased: frameIndex not found (65070); ignored
05-25 12:37:00.092  2150  2439 I SDM     : DisplayBase::CommitThread: Received idle timeout, panel: cmd, timeout: 70000 us
05-25 12:37:00.133 11831 11862 D PipelineWatcher: onInputBufferReleased: frameIndex not found (65071); ignored
05-25 12:37:00.231  2154 11894 I DMABUFHEAPS: Using DMA-BUF heap named: qcom,system
05-25 12:37:00.231  2154 11894 I DMABUFHEAPS: Using DMA-BUF heap named: qcom,system
05-25 12:37:00.232  2154 11894 I DMABUFHEAPS: Using DMA-BUF heap named: qcom,system
05-25 12:37:00.232  2154 11894 I DMABUFHEAPS: Using DMA-BUF heap named: qcom,system
05-25 12:37:00.233 11831 11862 D PipelineWatcher: onInputBufferReleased: frameIndex not found (65072); ignored
05-25 12:37:00.270  2727  4418 D SemWifiSwitchForIndividualAppsService: isSkipTcpMonitorInfo - result:2
05-25 12:37:00.283  2124 16773 I sensors-hal: handle_sns_std_sensor_event:408, [SSC_LIGHT] P: 197(197),c:187,b:70,m:13,cl:32,l:205,s:169,l0:32576,l1:672,s0:22500,s1:0,acl:1,opr:0.80,f(r):108,u(bl):100,if:108,wi:0,si:0,0(N:0)
05-25 12:37:00.334 11831 11862 D PipelineWatcher: onInputBufferReleased: frameIndex not found (65073); ignored
05-25 12:37:00.423  2231  5439 V APM_AudioPolicyManager: setAppState(portId:28236, state:2)
05-25 12:37:00.432  2154 11894 I DMABUFHEAPS: Using DMA-BUF heap named: qcom,system
05-25 12:37:00.432  2154 11894 I DMABUFHEAPS: Using DMA-BUF heap named: qcom,system
05-25 12:37:00.433  2154 11894 I DMABUFHEAPS: Using DMA-BUF heap named: qcom,system
05-25 12:37:00.433  2154 11894 I DMABUFHEAPS: Using DMA-BUF heap named: qcom,system
05-25 12:37:00.433  2154 11894 I CV      : File: vendor/qcom/proprietary/cv-noship/eva/4.0/src/cpu/evaDme.cpp Line: 946 Function: evaDmeSetFrameConfig() Msg: Frame Operational FPS changed : nFOperationalFps 30 eColorFormat 3 
05-25 12:37:00.433  2154 11894 E CV      : File: vendor/qcom/proprietary/cv-noship/eva/4.0/src/cpu/evaPower.cpp Line: 2321 Function: Voteclocks() Msg: Error: evaDeaggreatePower executed
05-25 12:37:00.434 11831 11862 D PipelineWatcher: onInputBufferReleased: frameIndex not found (65074); ignored
05-25 12:37:00.443  2124 16773 I sensors-hal: handle_sns_std_sensor_event:408, [SSC_LIGHT] P: 308(308),c:187,b:70,m:13,cl:32,l:343,s:289,l0:51488,l1:1056,s0:38500,s1:0,acl:1,opr:0.80,f(r):108,u(bl):100,if:108,wi:0,si:0,0(N:0)
05-25 12:37:00.536 11831 11862 D PipelineWatcher: onInputBufferReleased: frameIndex not found (65075); ignored
05-25 12:37:00.551  2250  2326 E HeatmapThread: ECT Thread time in milliseconds: 1779680220
05-25 12:37:00.553  2250  2326 D HeatmapThread: !@ batteryplugType : 2
05-25 12:37:00.553  2250  2326 D HeatmapThread: !@ batteryLevel : 76  batteryTemperature : 375 
05-25 12:37:00.553  2250  2326 D HeatmapThread: !@ Heatmap currtime: 29661337
05-25 12:37:00.553  2250  2326 D HeatmapThread: !@ Heatmap prevtime: 29661309
05-25 12:37:00.553  2250  2326 D HeatmapThread: !@ Heatmap plugstarttime: 29661249
05-25 12:37:00.553  2250  2326 D HeatmapThread: !@ Heatmap prevv_dsoh_update_time: 29661309
05-25 12:37:00.553  2250  2326 E HeatmapThread: !@ CAM New BSOH: 100
05-25 12:37:00.553  2250  2326 E HeatmapThread: !@ CAM is Working
05-25 12:37:00.603  2124 16773 I sensors-hal: handle_sns_std_sensor_event:408, [SSC_LIGHT] P: 371(371),c:187,b:70,m:13,cl:32,l:378,s:358,l0:56288,l1:1152,s0:47500,s1:0,acl:1,opr:0.80,f(r):108,u(bl):100,if:108,wi:0,si:0,0(N:0)
05-25 12:37:00.636  2154 11894 I DMABUFHEAPS: Using DMA-BUF heap named: qcom,system
05-25 12:37:00.636  2154 11894 I DMABUFHEAPS: Using DMA-BUF heap named: qcom,system
05-25 12:37:00.636  2154 11894 I DMABUFHEAPS: Using DMA-BUF heap named: qcom,system
05-25 12:37:00.636  2154 11894 I DMABUFHEAPS: Using DMA-BUF heap named: qcom,system
05-25 12:37:00.638 11831 11862 D PipelineWatcher: onInputBufferReleased: frameIndex not found (65076); ignored
05-25 12:37:00.736 11831 11862 D PipelineWatcher: onInputBufferReleased: frameIndex not found (65077); ignored
05-25 12:37:00.837  2154 11894 I DMABUFHEAPS: Using DMA-BUF heap named: qcom,system
05-25 12:37:00.837  2154 11894 I DMABUFHEAPS: Using DMA-BUF heap named: qcom,system
05-25 12:37:00.837  2154 11894 I DMABUFHEAPS: Using DMA-BUF heap named: qcom,system
05-25 12:37:00.837  2154 11894 I DMABUFHEAPS: Using DMA-BUF heap named: qcom,system
05-25 12:37:00.838 11831 11862 D PipelineWatcher: onInputBufferReleased: frameIndex not found (65078); ignored
05-25 12:37:00.851  1097  1097 D io_stats: !@   8,0 r 250141275 5602210632 w 53839049 1221995624 d 6488126 1370386344 f 2042490 4901362 iot 23135388 0 th 0 0 0 pt 0 inp 0 0 925144.789
05-25 12:37:00.937 11831 11862 D PipelineWatcher: onInputBufferReleased: frameIndex not found (65079); ignored
05-25 12:37:00.955  2108  6508 I vendor.qti.bluetooth@1.0-ibs_handler: ProcessIbsCmd: Received IBS_WAKE_IND: 0xFD
05-25 12:37:00.955  2108  6508 D vendor.qti.bluetooth@1.0-ibs_handler: SerialClockVote: vote for UART CLK ON
05-25 12:37:00.955  2108  6508 D vendor.qti.bluetooth@1.0-wake_lock: Acquire wakelock is acquired 
05-25 12:37:00.955  2108  6508 I vendor.qti.bluetooth@1.0-ibs_handler: ProcessIbsCmd: Writing IBS_WAKE_ACK
05-25 12:37:00.963  4933  6574 I ScanController: onScanResult to scannerId: 12- eventType=0x0, addressType=1, address=XX:XX:XX:XX:79:E7, primaryPhy=1, secondaryPhy=1, advertisingSid=0x3, txPower=127, rssi=-89, periodicAdvInt=0x0
05-25 12:37:00.974  4933  6574 I ScanController: onScanResult to scannerId: 12- eventType=0x10, addressType=1, address=XX:XX:XX:XX:AE:13, primaryPhy=1, secondaryPhy=0, advertisingSid=0xff, txPower=127, rssi=-95, periodicAdvInt=0x0
05-25 12:37:01.013  2108  6508 I vendor.qti.bluetooth@1.0-ibs_handler: ProcessIbsCmd: Received IBS_SLEEP_IND: 0xFE
05-25 12:37:01.013  2108  6508 D vendor.qti.bluetooth@1.0-ibs_handler: SerialClockVote: vote for UART CLK OFF
05-25 12:37:01.034  2154 11894 I DMABUFHEAPS: Using DMA-BUF heap named: qcom,system
05-25 12:37:01.034  2154 11894 I DMABUFHEAPS: Using DMA-BUF heap named: qcom,system
05-25 12:37:01.034  2154 11894 I DMABUFHEAPS: Using DMA-BUF heap named: qcom,system
05-25 12:37:01.034  2154 11894 I DMABUFHEAPS: Using DMA-BUF heap named: qcom,system
05-25 12:37:01.035 11831 11862 D PipelineWatcher: onInputBufferReleased: frameIndex not found (65080); ignored
05-25 12:37:01.083  2124 16773 I sensors-hal: handle_sns_std_sensor_event:408, [SSC_LIGHT] P: 252(252),c:187,b:70,m:13,cl:32,l:167,s:207,l0:27584,l1:672,s0:27500,s1:0,acl:1,opr:0.80,f(r):108,u(bl):100,if:108,wi:0,si:0,0(N:0)
05-25 12:37:01.151  2231  5439 V APM_AudioPolicyManager: setAppState(portId:28236, state:2)
05-25 12:37:01.151  2231  5439 V APM_AudioPolicyManager: setAppState(portId:28236, state:2)
05-25 12:37:01.163  2108  5425 D vendor.qti.bluetooth@1.0-wake_lock: Release wakelock is released 
05-25 12:37:01.243  2124 16773 I sensors-hal: handle_sns_std_sensor_event:408, [SSC_LIGHT] P: 103(103),c:187,b:70,m:13,cl:32,l:87,s:82,l0:16704,l1:480,s0:11000,s1:0,acl:1,opr:0.80,f(r):108,u(bl):100,if:108,wi:0,si:0,0(N:0)
05-25 12:37:01.277  2727  4418 D SemWifiSwitchForIndividualAppsService: isSkipTcpMonitorInfo - result:2
05-25 12:37:01.342  2727  4288 E WifiStaIfaceAidlImpl: getCachedScanData failed with service-specific exception: android.os.ServiceSpecificException:  (code 4)
05-25 12:37:01.345  2727  7108 D SemWifiUsabilityStatsMonitor: onWifiUsabilityStats - seqNum 160020, isSameBssidAndFreq true
05-25 12:37:01.346  2727  4391 D InsDataManager: onOutageCountUpdate() - Outage Data: 0, LQ : N. Outage Triggered: false
05-25 12:37:01.346  2727  4391 D InsDataManager: Trying to save initial normal data.
05-25 12:37:01.346  2727  4391 D SensorCollector: syncMappedBuffers: 0, 120, 0
05-25 12:37:01.346  4602  4731 D Tile.WifiTile: handleUpdateState isTransient=false transientEnabling =false cb.isTransient=false state.state = 2 mStateBeforeClick.value =true enabled =true
05-25 12:37:01.346  2727  4391 D InsDataManager: trimBuffers start.
05-25 12:37:01.346  2727  4391 D InsDataManager: trimBuffers - nsmBuffer size: 26
05-25 12:37:01.347  2727  4391 D InsDataManager: Too short for collecting additional normal data
05-25 12:37:01.347  2727  4391 D SemInsManager: {"bssid": "94db60f05745","rssi": -28.0,"latency": 0.0,"outage_count": 0,"lq_callback_triggered": false,"outage_log": "Unreliable statistics: -28.0 / 0 / 0 / 0 / 0 || 94db60f05745: 0.000 / 0.000 / @ || N N / 0 0 / N 2.0 / N X 1 / 925145284 0 || 2026-05-25 12:37:01  / 2: 0 0 0 0 0 0 / 5: 0 0 0 0 0 0 / 2: 0 0 0 0 0 0""Magnetic Sensor Events size": "0""Pressure Sensor Events size": "0"}
05-25 12:37:01.348  5170  5277 I HoneySpace.StatusIconTracker: invokeEvent() called with: event = Wifi(visible=true, resId=2131236018, activityId=2131236053)
05-25 12:37:01.360  2269  3144 I VSyncReactor: Current= 120, Period= 120, Distance= 0
05-25 12:37:01.363  2150 26561 I SDM     : AIScalerFeatureIntfImpl::LookupConfig: Scale ratio = 1.780000
05-25 12:37:01.363  2150 26561 I SDM     : AIScalerParserIntfImpl::LookupConfig: Scale Ratio Match Found Here
05-25 12:37:01.366  2269  4027 D NativeSemDvfsManager: acquire:: timeout = 2000 mIsAcquired = 1  mTagName : SurfaceFlinger 
05-25 12:37:01.367  2269  4027 E NativeCustomFrequencyManager: [NativeCFMS] BpCustomFrequencyManager::acquire()
05-25 12:37:01.368  2135  2263 I HYPER-HAL: [RequestManager.cpp]acquire(): Acquired ID : 5345815  [2269 / 1000]    HINT : SF_GPU_MINLOCK    list : [TIMEOUT / 2000] 
05-25 12:37:01.368  2269  3144 I VSyncReactor: Current= 120, Period= 120, Distance= 120
05-25 12:37:01.370 11831 11862 D PipelineWatcher: onInputBufferReleased: frameIndex not found (65081); ignored
05-25 12:37:01.431  2727  3271 D GMR     : bg : 23729 com.android.settings.intelligence
05-25 12:37:01.433  2152  2284 E PERFHAL-RESOURCEQS: PERFHAL-RESOURCEQS: AddAndApply() 159: Failed to apply optimization [10, 9]
05-25 12:37:01.434  2150  2439 I SDM     : DisplayBase::CommitThread: Received idle timeout, panel: cmd, timeout: 70000 us
05-25 12:37:01.473  2154 11894 I DMABUFHEAPS: Using DMA-BUF heap named: qcom,system
05-25 12:37:01.473  2154 11894 I DMABUFHEAPS: Using DMA-BUF heap named: qcom,system
05-25 12:37:01.474  2154 11894 I DMABUFHEAPS: Using DMA-BUF heap named: qcom,system
05-25 12:37:01.474  2154 11894 I DMABUFHEAPS: Using DMA-BUF heap named: qcom,system
05-25 12:37:01.475 11831 11862 D PipelineWatcher: onInputBufferReleased: frameIndex not found (65082); ignored
05-25 12:37:01.500  2124  4700 I sensors-hal: handle_sns_client_event:379, [0][13925929] accel_sample [-1.254,  4.494,  6.468] 1774525109078017
05-25 12:37:01.551  2250  2326 E HeatmapThread: ECT Thread time in milliseconds: 1779680221
05-25 12:37:01.553  2250  2326 D HeatmapThread: !@ batteryplugType : 2
05-25 12:37:01.553  2250  2326 D HeatmapThread: !@ batteryLevel : 76  batteryTemperature : 375 
05-25 12:37:01.553  2250  2326 D HeatmapThread: !@ Heatmap currtime: 29661337
05-25 12:37:01.553  2250  2326 D HeatmapThread: !@ Heatmap prevtime: 29661309
05-25 12:37:01.553  2250  2326 D HeatmapThread: !@ Heatmap plugstarttime: 29661249
05-25 12:37:01.553  2250  2326 D HeatmapThread: !@ Heatmap prevv_dsoh_update_time: 29661309
05-25 12:37:01.553  2250  2326 E HeatmapThread: !@ CAM New BSOH: 100
05-25 12:37:01.553  2250  2326 E HeatmapThread: !@ CAM is Working
05-25 12:37:01.576 11831 11862 D PipelineWatcher: onInputBufferReleased: frameIndex not found (65083); ignored
05-25 12:37:01.676  2154 11894 I DMABUFHEAPS: Using DMA-BUF heap named: qcom,system
05-25 12:37:01.676  2154 11894 I DMABUFHEAPS: Using DMA-BUF heap named: qcom,system
05-25 12:37:01.676  2154 11894 I DMABUFHEAPS: Using DMA-BUF heap named: qcom,system
05-25 12:37:01.676  2154 11894 I DMABUFHEAPS: Using DMA-BUF heap named: qcom,system
05-25 12:37:01.677 11831 11862 D PipelineWatcher: onInputBufferReleased: frameIndex not found (65084); ignored
05-25 12:37:01.723  2124 16773 I sensors-hal: handle_sns_std_sensor_event:408, [SSC_LIGHT] P: 176(176),c:187,b:70,m:13,cl:32,l:173,s:157,l0:28288,l1:672,s0:21000,s1:0,acl:1,opr:0.80,f(r):108,u(bl):100,if:108,wi:0,si:0,0(N:0)
05-25 12:37:01.779 11831 11862 D PipelineWatcher: onInputBufferReleased: frameIndex not found (65085); ignored
05-25 12:37:01.791 11831 11850 D AidlBufferPool: bufferpool2 0xb400007bf2619388 : 5(19200 size) total buffers - 4(15360 size) used buffers - 260322/260327 (recycle/alloc) - 936/520645 (fetch/transfer)
05-25 12:37:01.819  2727  5728 I NSLocationMonitor: getGPSUsingApps() called
05-25 12:37:01.819  5739 32761 I NSLocationManager_FLP: getGPSUsingApps, No change
05-25 12:37:01.822  2727  5728 D FreecessHandler: freeze com.kbankwith.smartbank(10424) result : 2
05-25 12:37:01.876  2154 11894 I DMABUFHEAPS: Using DMA-BUF heap named: qcom,system
05-25 12:37:01.876  2154 11894 I DMABUFHEAPS: Using DMA-BUF heap named: qcom,system
05-25 12:37:01.876  2154 11894 I DMABUFHEAPS: Using DMA-BUF heap named: qcom,system
05-25 12:37:01.876  2154 11894 I DMABUFHEAPS: Using DMA-BUF heap named: qcom,system
05-25 12:37:01.877 11831 11862 D PipelineWatcher: onInputBufferReleased: frameIndex not found (65086); ignored
05-25 12:37:01.877 29316 29321 W droid.gallery3d: userfaultfd: MOVE ioctl seems unsupported: Connection timed out
05-25 12:37:01.978 11831 11862 D PipelineWatcher: onInputBufferReleased: frameIndex not found (65087); ignored
05-25 12:37:01.999  2124  4564 I sensors-hal: handle_sns_client_event:160, auto_rotation_event_2 event,255, duration,575, ts,1774525614044579, ts_diff,223937
05-25 12:37:01.999  2124  4564 I sensors-hal: handle_sns_client_event:165, auto_rotation_debug_2 acc,-0.239,-0.067,9.198, ar,0, ver,14, pedo,1,e,1,i,3
05-25 12:37:01.999  2727  3226 D WindowOrientationListener: onSensorChanged device orientation: -1
05-25 12:37:01.999  2727  3226 V WindowManager: Computed rotation=ROTATION_0 (0) for display id=1810 based on lastOrientation=SCREEN_ORIENTATION_UNSPECIFIED (-1) and oldRotation=ROTATION_0 (0), caller=com.android.server.wm.WindowManagerService.updateRotationUnchecked:72 com.android.server.wm.DisplayRotation$OrientationListener.onProposedRotationChanged:328 com.android.server.wm.WindowOrientationListener$OrientationSensorJudge.finalizeRotation:26 com.android.server.wm.WindowOrientationListener$OrientationSensorJudge.onSensorChanged:392 android.hardware.SystemSensorManager$SensorEventQueue.dispatchSensorEvent:1142 android.os.MessageQueue.nativePollOnce:-2 
05-25 12:37:01.999  2727  3226 V WindowManager: Computed rotation=ROTATION_0 (0) for display id=0 based on lastOrientation=SCREEN_ORIENTATION_UNSPECIFIED (-1) and oldRotation=ROTATION_0 (0), caller=com.android.server.wm.WindowManagerService.updateRotationUnchecked:72 com.android.server.wm.DisplayRotation$OrientationListener.onProposedRotationChanged:328 com.android.server.wm.WindowOrientationListener$OrientationSensorJudge.finalizeRotation:26 com.android.server.wm.WindowOrientationListener$OrientationSensorJudge.onSensorChanged:392 android.hardware.SystemSensorManager$SensorEventQueue.dispatchSensorEvent:1142 android.os.MessageQueue.nativePollOnce:-2 
05-25 12:37:02.000  4602  4602 D AppController: AppControlSensorListener.onSensorChanged, Rotation: -1
05-25 12:37:02.044  2876 11858 D AidlBufferPool: bufferpool2 0xb4000077b7393578 : 2(6000 size) total buffers - 1(3000 size) used buffers - 260256/260336 (recycle/alloc) - 208/260334 (fetch/transfer)
05-25 12:37:02.078  2154 11894 I DMABUFHEAPS: Using DMA-BUF heap named: qcom,system
05-25 12:37:02.078  2154 11894 I DMABUFHEAPS: Using DMA-BUF heap named: qcom,system
05-25 12:37:02.078  2154 11894 I DMABUFHEAPS: Using DMA-BUF heap named: qcom,system
05-25 12:37:02.078  2154 11894 I DMABUFHEAPS: Using DMA-BUF heap named: qcom,system
05-25 12:37:02.079 11831 11862 D PipelineWatcher: onInputBufferReleased: frameIndex not found (65088); ignored
05-25 12:37:02.127  2727  3879 D ActivityManager: Received BROADCAST intent 0x8fda754 Key{broadcastIntent pkg=com.google.android.gms/earthquake_detection intent=act=com.google.android.location.intent.action.ONLINE_CHECKIN_ALARM xflg=0x4 pkg=com.google.android.gms flags=0x2000000 u=0} requestCode=0 sent=0 from uid 1000
05-25 12:37:02.130 22025 29820 I AlarmManager: setExactAndAllowWhileIdle [name: EQMon type: 2 triggerAtMillis: 1778125745]
05-25 12:37:02.130 22025 29400 E LoadedApk: Exception : java.lang.NullPointerException: Attempt to invoke virtual method 'boolean android.os.Looper.isPerfLogEnable()' on a null object reference
05-25 12:37:02.165  2023  2023 D Zygote  : Forked child process 29821
05-25 12:37:02.165  2727  3260 I ActivityManager: Start proc 29821:com.google.android.gms.unstable/u0a275 for service {com.google.android.gms/com.google.android.gms.droidguard.DroidGuardService}
05-25 12:37:02.165  2727  3260 I ActivityManager: ProcessObserver broadcast disabled
05-25 12:37:02.174 29821 29821 I id.gms.unstable: Using CollectorTypeCMC GC.
05-25 12:37:02.176 11831 11862 D PipelineWatcher: onInputBufferReleased: frameIndex not found (65089); ignored
05-25 12:37:02.178 29821 29821 D nativeloader: Load libframework-connectivity-tiramisu-jni.so using APEX ns com_android_tethering for caller /apex/com.android.tethering/javalib/framework-connectivity-t.jar: ok
05-25 12:37:02.180 29821 29821 D ActivityThread: setConscryptValidator
05-25 12:37:02.180 29821 29821 D ActivityThread: setConscryptValidator - put
05-25 12:37:02.186 29821 29821 I ActivityThread: Relaunch all activities: onCoreSettingsChange
05-25 12:37:02.188 29821 29821 D ApplicationLoaders: Returning zygote-cached class loader: /system/framework/org.apache.http.legacy.jar
05-25 12:37:02.193 29821 29821 D nativeloader: Configuring clns-9 for other apk /system/system_ext/framework/org.carconnectivity.android.digitalkey.rangingintent.jar. target_sdk_version=37, uses_libraries=ALL, library_path=/data/app/~~tu0T2DmPCnBuoBPQoL_NqQ==/com.google.android.gms-hWzWnICd7BV0nmQ9nkAvSw==/lib/arm64:/data/app/~~tu0T2DmPCnBuoBPQoL_NqQ==/com.google.android.gms-hWzWnICd7BV0nmQ9nkAvSw==/base.apk!/lib/arm64-v8a, permitted_path=/data:/mnt/expand:/data/user/0/com.google.android.gms
05-25 12:37:02.193 29821 29821 D nativeloader: Extending system_exposed_libraries: libhumantracking.arcsoft.so:libface_recognition.arcsoft.so:libpic_best.arcsoft.so:libPortraitDistortionCorrection.arcsoft.so:libPortraitDistortionCorrectionCali.arcsoft.so:libface_landmark.arcsoft.so:libFacialStickerEngine.arcsoft.so:libfrtracking_engine.arcsoft.so:libFaceRecognition.arcsoft.so:libveengine.arcsoft.so:lib_pet_detection.arcsoft.so:libae_bracket_hdr.arcsoft.so:libhybrid_high_dynamic_range.arcsoft.so:libimage_enhancement.arcsoft.so:libFacialAttributeDetection.arcsoft.so:libobjectcapture_jni.arcsoft.so:libobjectcapture.arcsoft.so:libmultisourceseparator.audio.samsung.so:libaudiomirroring_jni.audiomirroring.samsung.so:libBeauty_v4.camera.samsung.so:libexifa.camera.samsung.so:libjpega.camera.samsung.so:libOpenCv.camera.samsung.so:libAIDeflicker.camera.samsung.so:libaifrcInterface.camera.samsung.so:libBestPhoto.camera.samsung.so:libC2paDps.camera.samsung.so:libVideoClassifier.camera.samsung.so:libImageScreener.camera.samsung.so:libMyFilter.camera.samsung.so:libtfl
05-25 12:37:02.195 29821 29821 D nativeloader: Configuring clns-10 for other apk /system/system_ext/framework/org.carconnectivity.android.digitalkey.secureelement.jar. target_sdk_version=37, uses_libraries=ALL, library_path=/data/app/~~tu0T2DmPCnBuoBPQoL_NqQ==/com.google.android.gms-hWzWnICd7BV0nmQ9nkAvSw==/lib/arm64:/data/app/~~tu0T2DmPCnBuoBPQoL_NqQ==/com.google.android.gms-hWzWnICd7BV0nmQ9nkAvSw==/base.apk!/lib/arm64-v8a, permitted_path=/data:/mnt/expand:/data/user/0/com.google.android.gms
05-25 12:37:02.195 29821 29821 D nativeloader: Extending system_exposed_libraries: libhumantracking.arcsoft.so:libface_recognition.arcsoft.so:libpic_best.arcsoft.so:libPortraitDistortionCorrection.arcsoft.so:libPortraitDistortionCorrectionCali.arcsoft.so:libface_landmark.arcsoft.so:libFacialStickerEngine.arcsoft.so:libfrtracking_engine.arcsoft.so:libFaceRecognition.arcsoft.so:libveengine.arcsoft.so:lib_pet_detection.arcsoft.so:libae_bracket_hdr.arcsoft.so:libhybrid_high_dynamic_range.arcsoft.so:libimage_enhancement.arcsoft.so:libFacialAttributeDetection.arcsoft.so:libobjectcapture_jni.arcsoft.so:libobjectcapture.arcsoft.so:libmultisourceseparator.audio.samsung.so:libaudiomirroring_jni.audiomirroring.samsung.so:libBeauty_v4.camera.samsung.so:libexifa.camera.samsung.so:libjpega.camera.samsung.so:libOpenCv.camera.samsung.so:libAIDeflicker.camera.samsung.so:libaifrcInterface.camera.samsung.so:libBestPhoto.camera.samsung.so:libC2paDps.camera.samsung.so:libVideoClassifier.camera.samsung.so:libImageScreener.camera.samsung.so:libMyFilter.camera.samsung.so:libtfl
05-25 12:37:02.197 29821 29821 D nativeloader: Configuring clns-11 for other apk /system_ext/framework/org.carconnectivity.android.digitalkey.timesync.jar. target_sdk_version=37, uses_libraries=ALL, library_path=/data/app/~~tu0T2DmPCnBuoBPQoL_NqQ==/com.google.android.gms-hWzWnICd7BV0nmQ9nkAvSw==/lib/arm64:/data/app/~~tu0T2DmPCnBuoBPQoL_NqQ==/com.google.android.gms-hWzWnICd7BV0nmQ9nkAvSw==/base.apk!/lib/arm64-v8a, permitted_path=/data:/mnt/expand:/data/user/0/com.google.android.gms
05-25 12:37:02.197 29821 29821 D nativeloader: Extending system_exposed_libraries: libhumantracking.arcsoft.so:libface_recognition.arcsoft.so:libpic_best.arcsoft.so:libPortraitDistortionCorrection.arcsoft.so:libPortraitDistortionCorrectionCali.arcsoft.so:libface_landmark.arcsoft.so:libFacialStickerEngine.arcsoft.so:libfrtracking_engine.arcsoft.so:libFaceRecognition.arcsoft.so:libveengine.arcsoft.so:lib_pet_detection.arcsoft.so:libae_bracket_hdr.arcsoft.so:libhybrid_high_dynamic_range.arcsoft.so:libimage_enhancement.arcsoft.so:libFacialAttributeDetection.arcsoft.so:libobjectcapture_jni.arcsoft.so:libobjectcapture.arcsoft.so:libmultisourceseparator.audio.samsung.so:libaudiomirroring_jni.audiomirroring.samsung.so:libBeauty_v4.camera.samsung.so:libexifa.camera.samsung.so:libjpega.camera.samsung.so:libOpenCv.camera.samsung.so:libAIDeflicker.camera.samsung.so:libaifrcInterface.camera.samsung.so:libBestPhoto.camera.samsung.so:libC2paDps.camera.samsung.so:libVideoClassifier.camera.samsung.so:libImageScreener.camera.samsung.so:libMyFilter.camera.samsung.so:libtfl
05-25 12:37:02.198 29821 29821 D ApplicationLoaders: Returning zygote-cached class loader: /system/framework/com.android.location.provider.jar
05-25 12:37:02.198 29821 29821 D ApplicationLoaders: Returning zygote-cached class loader: /system/framework/com.android.media.remotedisplay.jar
05-25 12:37:02.198 29821 29821 D nativeloader: Configuring clns-12 for other apk /system_ext/framework/com.android.extensions.appfunctions.jar. target_sdk_version=37, uses_libraries=ALL, library_path=/data/app/~~tu0T2DmPCnBuoBPQoL_NqQ==/com.google.android.gms-hWzWnICd7BV0nmQ9nkAvSw==/lib/arm64:/data/app/~~tu0T2DmPCnBuoBPQoL_NqQ==/com.google.android.gms-hWzWnICd7BV0nmQ9nkAvSw==/base.apk!/lib/arm64-v8a, permitted_path=/data:/mnt/expand:/data/user/0/com.google.android.gms
05-25 12:37:02.198 29821 29821 D nativeloader: Extending system_exposed_libraries: libhumantracking.arcsoft.so:libface_recognition.arcsoft.so:libpic_best.arcsoft.so:libPortraitDistortionCorrection.arcsoft.so:libPortraitDistortionCorrectionCali.arcsoft.so:libface_landmark.arcsoft.so:libFacialStickerEngine.arcsoft.so:libfrtracking_engine.arcsoft.so:libFaceRecognition.arcsoft.so:libveengine.arcsoft.so:lib_pet_detection.arcsoft.so:libae_bracket_hdr.arcsoft.so:libhybrid_high_dynamic_range.arcsoft.so:libimage_enhancement.arcsoft.so:libFacialAttributeDetection.arcsoft.so:libobjectcapture_jni.arcsoft.so:libobjectcapture.arcsoft.so:libmultisourceseparator.audio.samsung.so:libaudiomirroring_jni.audiomirroring.samsung.so:libBeauty_v4.camera.samsung.so:libexifa.camera.samsung.so:libjpega.camera.samsung.so:libOpenCv.camera.samsung.so:libAIDeflicker.camera.samsung.so:libaifrcInterface.camera.samsung.so:libBestPhoto.camera.samsung.so:libC2paDps.camera.samsung.so:libVideoClassifier.camera.samsung.so:libImageScreener.camera.samsung.so:libMyFilter.camera.samsung.so:libtfl
05-25 12:37:02.199 29821 29821 D ApplicationLoaders: Returning zygote-cached class loader: /system_ext/framework/androidx.window.extensions.jar
05-25 12:37:02.199 29821 29821 D ApplicationLoaders: Returning zygote-cached class loader: /system_ext/framework/androidx.window.sidecar.jar
05-25 12:37:02.224 29821 29821 D nativeloader: Configuring clns-13 for other apk /data/app/~~tu0T2DmPCnBuoBPQoL_NqQ==/com.google.android.gms-hWzWnICd7BV0nmQ9nkAvSw==/base.apk. target_sdk_version=37, uses_libraries=, library_path=/data/app/~~tu0T2DmPCnBuoBPQoL_NqQ==/com.google.android.gms-hWzWnICd7BV0nmQ9nkAvSw==/lib/arm64:/data/app/~~tu0T2DmPCnBuoBPQoL_NqQ==/com.google.android.gms-hWzWnICd7BV0nmQ9nkAvSw==/base.apk!/lib/arm64-v8a, permitted_path=/data:/mnt/expand:/data/user/0/com.google.android.gms
05-25 12:37:02.256 29821 29821 V GraphicsEnvironment: Currently set values for:
05-25 12:37:02.256 29821 29821 V GraphicsEnvironment:   angle_gl_driver_selection_pkgs=[]
05-25 12:37:02.256 29821 29821 V GraphicsEnvironment:   angle_gl_driver_selection_values=[]
05-25 12:37:02.256 29821 29821 V GraphicsEnvironment: com.google.android.gms is not listed in per-application setting
05-25 12:37:02.256 29821 29821 V GraphicsEnvironment: ANGLE allowlist from config: 
05-25 12:37:02.256 29821 29821 V GraphicsEnvironment: com.google.android.gms is not listed in ANGLE allowlist or settings, returning default
05-25 12:37:02.261  2727  3858 D ActivityManager: freezing 7599 com.samsung.android.lool
05-25 12:37:02.275  2154 11894 I DMABUFHEAPS: Using DMA-BUF heap named: qcom,system
05-25 12:37:02.275  2154 11894 I DMABUFHEAPS: Using DMA-BUF heap named: qcom,system
05-25 12:37:02.275  2154 11894 I DMABUFHEAPS: Using DMA-BUF heap named: qcom,system
05-25 12:37:02.275  2154 11894 I DMABUFHEAPS: Using DMA-BUF heap named: qcom,system
05-25 12:37:02.276 11831 11862 D PipelineWatcher: onInputBufferReleased: frameIndex not found (65090); ignored
05-25 12:37:02.282  2727  4418 D SemWifiSwitchForIndividualAppsService: isSkipTcpMonitorInfo - result:2
05-25 12:37:02.291 29821 29821 W ProviderHelper: Unknown dynamite feature providerinstaller.dynamite
05-25 12:37:02.291 29821 29821 I DynamiteModule: Considering local module com.google.android.gms.providerinstaller.dynamite:1 and remote module com.google.android.gms.providerinstaller.dynamite:0
05-25 12:37:02.291 29821 29821 I DynamiteModule: Selected local version of com.google.android.gms.providerinstaller.dynamite
05-25 12:37:02.298 29821 29821 D nativeloader: Load /data/app/~~tu0T2DmPCnBuoBPQoL_NqQ==/com.google.android.gms-hWzWnICd7BV0nmQ9nkAvSw==/base.apk!/lib/arm64-v8a/libconscrypt_gmscore_jni.so using class loader ns clns-13 (caller=/data/app/~~tu0T2DmPCnBuoBPQoL_NqQ==/com.google.android.gms-hWzWnICd7BV0nmQ9nkAvSw==/base.apk): ok
05-25 12:37:02.299 29821 29821 V NativeCrypto: Registering com/google/android/gms/org/conscrypt/NativeCrypto's 336 native methods...
05-25 12:37:02.306 29821 29821 I ProviderInstaller: Installed default security provider GmsCore_OpenSSL
05-25 12:37:02.309 29821 29846 I Watchcat: Started
05-25 12:37:02.310 29821 29846 I GMS_MM_Logger: (REDACTED) Start time: %s
05-25 12:37:02.310 29821 29846 I GMS_MM_Logger: Started.
05-25 12:37:02.323 29821 29839 E ashmem  : Pinning is deprecated since Android Q. Please use trim or other methods.
05-25 12:37:02.324 29821 29836 I gmoa    : (REDACTED) Shared storage file not found for %s
05-25 12:37:02.332  2158  2289 E BatteryDump: !@new_battery_dump : 4151,240,475,550,76,374,339,428,374,0,394,428,0,Charging,NO_CHARGING,Normal,Good,USB,1,Normal,0,0,9300,0x0,0x10000,0x0,0,0,560,v0002,0000,0000,00000000,0,0,0,0,200,4151,7580,990,0,
05-25 12:37:02.334  2727  7709 D [SS]BattFunctions: [sendRemainingChargingTimeChangedIntent]remainingChargingTime:8786 ,mLastRemainingChargingTime:8822
05-25 12:37:02.334  2160  2160 I seh_thermal_service: getTemperaturesWithType SehTemperatureType: 3
05-25 12:37:02.334  2158  2158 I sehhealth-service: updateLrpSysfs: write: 386
05-25 12:37:02.334 22025 29400 W PhBaseOp: Phenotype API error. Event: # jhdb@3c49c12e, EventCode: COMMIT_CONFIG [CONTEXT service_id=51 ]
05-25 12:37:02.334 22025 29400 W PhBaseOp: fcez: 29547: Stale snapshot for com.google.android.libraries.consentverifier#com.google.android.gms(new configuration available)
05-25 12:37:02.334 22025 29400 W PhBaseOp: 	at fchc.d(:com.google.android.gms@261833035@26.18.33 (260400-913931251):443)
05-25 12:37:02.334 22025 29400 W PhBaseOp: 	at fchc.b(:com.google.android.gms@261833035@26.18.33 (260400-913931251):44)
05-25 12:37:02.334 22025 29400 W PhBaseOp: 	at fchb.i(:com.google.android.gms@261833035@26.18.33 (260400-913931251):3)
05-25 12:37:02.334 22025 29400 W PhBaseOp: 	at fcgx.h(:com.google.android.gms@261833035@26.18.33 (260400-913931251):34)
05-25 12:37:02.334 22025 29400 W PhBaseOp: 	at fcgx.f(:com.google.android.gms@261833035@26.18.33 (260400-913931251):16)
05-25 12:37:02.334 22025 29400 W PhBaseOp: 	at czbu.fE(:com.google.android.gms@261833035@26.18.33 (260400-913931251):1)
05-25 12:37:02.334 22025 29400 W PhBaseOp: 	at czcf.run(:com.google.android.gms@261833035@26.18.33 (260400-913931251):121)
05-25 12:37:02.334 22025 29400 W PhBaseOp: 	at hdpo.run(:com.google.android.gms@261833035@26.18.33 (260400-913931251):23)
05-25 12:37:02.334 22025 29400 W PhBaseOp: 	at bkjq.c(:com.google.android.gms@261833035@26.18.33 (260400-913931251):50)
05-25 12:37:02.334 22025 29400 W PhBaseOp: 	at bkjq.run(:com.google.android.gms@261833035@26.18.33 (260400-913931251):85)
05-25 12:37:02.334 22025 29400 W PhBaseOp: 	at java.util.concurrent.ThreadPoolExecutor.runWorker(ThreadPoolExecutor.java:1154)
05-25 12:37:02.334 22025 29400 W PhBaseOp: 	at java.util.concurrent.ThreadPoolExecutor$Worker.run(ThreadPoolExecutor.java:652)
05-25 12:37:02.334 22025 29400 W PhBaseOp: 	at bkph.run(:com.google.android.gms@261833035@26.18.33 (260400-913931251):8)
05-25 12:37:02.334 22025 29400 W PhBaseOp: 	at java.lang.Thread.run(Thread.java:1564)
05-25 12:37:02.335  4602  4602 I AODBatteryManager: updateBatteryData: ACTION_BATTERY_CHANGED: false, isSleepModeChanged:false ,isRemainingTimeChanged: true, isUSBRestriction: false
05-25 12:37:02.335  4602  4602 I ChargingInfoManager: updateChargingInfo: newState = AOD ChargingInfo [mState=BATTERY_AND_REMAIN_TIME, mIsCharging=true, mIsPlugged=true, mIsFullyCharged=false, mIsBatteryProtectMode=false, mBetteryLevel=76, mBetteryProtectModeType0, mIsSlowChargingfalse], oldState = AOD ChargingInfo [mState=BATTERY_AND_REMAIN_TIME, mIsCharging=true, mIsPlugged=true, mIsFullyCharged=false, mIsBatteryProtectMode=false, mBetteryLevel=76, mBetteryProtectModeType0, mIsSlowChargingfalse]
05-25 12:37:02.335 22025 29400 W AsyncOperation: operation=CommitToConfigurationOperationCall, opStatusCode=29547 [CONTEXT service_id=51 ]
05-25 12:37:02.335 22025 29400 W AsyncOperation: OperationException[Status{statusCode=Stale snapshot for com.google.android.libraries.consentverifier#com.google.android.gms(new configuration available), resolution=null}]
05-25 12:37:02.335 22025 29400 W AsyncOperation: 	at fcgx.h(:com.google.android.gms@261833035@26.18.33 (260400-913931251):64)
05-25 12:37:02.335 22025 29400 W AsyncOperation: 	at fcgx.f(:com.google.android.gms@261833035@26.18.33 (260400-913931251):16)
05-25 12:37:02.335 22025 29400 W AsyncOperation: 	at czbu.fE(:com.google.android.gms@261833035@26.18.33 (260400-913931251):1)
05-25 12:37:02.335 22025 29400 W AsyncOperation: 	at czcf.run(:com.google.android.gms@261833035@26.18.33 (260400-913931251):121)
05-25 12:37:02.335 22025 29400 W AsyncOperation: 	at hdpo.run(:com.google.android.gms@261833035@26.18.33 (260400-913931251):23)
05-25 12:37:02.335 22025 29400 W AsyncOperation: 	at bkjq.c(:com.google.android.gms@261833035@26.18.33 (260400-913931251):50)
05-25 12:37:02.335 22025 29400 W AsyncOperation: 	at bkjq.run(:com.google.android.gms@261833035@26.18.33 (260400-913931251):85)
05-25 12:37:02.335 22025 29400 W AsyncOperation: 	at java.util.concurrent.ThreadPoolExecutor.runWorker(ThreadPoolExecutor.java:1154)
05-25 12:37:02.335 22025 29400 W AsyncOperation: 	at java.util.concurrent.ThreadPoolExecutor$Worker.run(ThreadPoolExecutor.java:652)
05-25 12:37:02.335 22025 29400 W AsyncOperation: 	at bkph.run(:com.google.android.gms@261833035@26.18.33 (260400-913931251):8)
05-25 12:37:02.335 22025 29400 W AsyncOperation: 	at java.lang.Thread.run(Thread.java:1564)
05-25 12:37:02.335  4602  4602 D PowerUI : Remaining charging time : 8786
05-25 12:37:02.335  4602  4602 D PowerUI : Charging time is changed, check charging notification
05-25 12:37:02.335  2727  3259 D ActivityManager: sync unfroze 7599 com.samsung.android.lool for 3
05-25 12:37:02.336  4602  4602 D PowerUI.Notification: showChargingNotice - Battery Level : 76 -> 76, Charging Type : 11 -> 11, Charging Time : 8822 -> 8786, Maximum protection : false -> false, Maximum threshold : 80 -> 80
05-25 12:37:02.336  4602  4602 I NotificationManager: com.android.systemui: notify(2131364006, charging_state, Notification(channel=CHR shortcut=null contentView=null vibrate=null sound=null defaults=0 flags=ONGOING_EVENT|ONLY_ALERT_ONCE color=0x00000000 category=sys groupKey=CHARGING vis=PUBLIC semFlags=0x0 semPriority=0 semMissedCount=0)) as user
05-25 12:37:02.336  2727  6409 W PermissionService: getPermissionFlags: Unknown user -1
05-25 12:37:02.336  2727  6409 W PermissionService: getPermissionFlags: Unknown user -1
05-25 12:37:02.342  7599  7599 W SmApplication: onTrimMemory : 40
05-25 12:37:02.342  7599  7599 I DC.AppIconCache: clear icon cache
05-25 12:37:02.342  7599  7599 W SmApplication: onTrimMemory : 40
05-25 12:37:02.342  7599  7599 I DC.AppIconCache: clear icon cache
05-25 12:37:02.343 22025 29400 W PhBaseOp: Phenotype API error. Event: # jhdb@d926c6c6, EventCode: COMMIT_CONFIG [CONTEXT service_id=51 ]
05-25 12:37:02.343 22025 29400 W PhBaseOp: fcez: 29547: Stale snapshot for com.google.android.gms.gmslogger#com.google.android.gms(new configuration available)
05-25 12:37:02.343 22025 29400 W PhBaseOp: 	at fchc.d(:com.google.android.gms@261833035@26.18.33 (260400-913931251):443)
05-25 12:37:02.343 22025 29400 W PhBaseOp: 	at fchc.b(:com.google.android.gms@261833035@26.18.33 (260400-913931251):44)
05-25 12:37:02.343 22025 29400 W PhBaseOp: 	at fchb.i(:com.google.android.gms@261833035@26.18.33 (260400-913931251):3)
05-25 12:37:02.343 22025 29400 W PhBaseOp: 	at fcgx.h(:com.google.android.gms@261833035@26.18.33 (260400-913931251):34)
05-25 12:37:02.343 22025 29400 W PhBaseOp: 	at fcgx.f(:com.google.android.gms@261833035@26.18.33 (260400-913931251):16)
05-25 12:37:02.343 22025 29400 W PhBaseOp: 	at czbu.fE(:com.google.android.gms@261833035@26.18.33 (260400-913931251):1)
05-25 12:37:02.343 22025 29400 W PhBaseOp: 	at czcf.run(:com.google.android.gms@261833035@26.18.33 (260400-913931251):121)
05-25 12:37:02.343 22025 29400 W PhBaseOp: 	at hdpo.run(:com.google.android.gms@261833035@26.18.33 (260400-913931251):23)
05-25 12:37:02.343 22025 29400 W PhBaseOp: 	at bkjq.c(:com.google.android.gms@261833035@26.18.33 (260400-913931251):50)
05-25 12:37:02.343 22025 29400 W PhBaseOp: 	at bkjq.run(:com.google.android.gms@261833035@26.18.33 (260400-913931251):66)
05-25 12:37:02.343 22025 29400 W PhBaseOp: 	at java.util.concurrent.ThreadPoolExecutor.runWorker(ThreadPoolExecutor.java:1154)
05-25 12:37:02.343 22025 29400 W PhBaseOp: 	at java.util.concurrent.ThreadPoolExecutor$Worker.run(ThreadPoolExecutor.java:652)
