05-25 12:31:18.423  2727  2789 D SurfaceComposerClient: setCornerRadius ## 9ac0ee8 com.forgeapps.tickday/com.forgeapps.tickday.MainActivity#232721 cornerRadius=0.000000
05-25 12:31:18.423  2727  2789 D SurfaceComposerClient: setCornerRadius ## 9ac0ee8 com.forgeapps.tickday/com.forgeapps.tickday.MainActivity#232721 cornerRadius=0.000000
05-25 12:31:18.428  2154 11894 I DMABUFHEAPS: Using DMA-BUF heap named: qcom,system
05-25 12:31:18.428  2154 11894 I DMABUFHEAPS: Using DMA-BUF heap named: qcom,system
05-25 12:31:18.428  2154 11894 I DMABUFHEAPS: Using DMA-BUF heap named: qcom,system
05-25 12:31:18.428  2154 11894 I DMABUFHEAPS: Using DMA-BUF heap named: qcom,system
05-25 12:31:18.429 11831 11840 D PipelineWatcher: onInputBufferReleased: frameIndex not found (54606); ignored
05-25 12:31:18.431  2727  2789 D SurfaceComposerClient: setCornerRadius ## 9ac0ee8 com.forgeapps.tickday/com.forgeapps.tickday.MainActivity#232721 cornerRadius=0.000000
05-25 12:31:18.432  2727  2789 D SurfaceComposerClient: setCornerRadius ## 9ac0ee8 com.forgeapps.tickday/com.forgeapps.tickday.MainActivity#232721 cornerRadius=0.000000
05-25 12:31:18.432 11831 11840 D PipelineWatcher: onInputBufferReleased: frameIndex not found (54607); ignored
05-25 12:31:18.439  4602  4602 D com.android.systemui.SwipeHelper: swiped dismiss anim end : com.android.systemui.statusbar.notification.row.ExpandableNotificationRow{de8701e VFE...C.. ......ID 30,0-1050,274 #7f0a048d app:id/expandableNotificationRow}
05-25 12:31:18.443  4602  4602 I View    : setRequestedFrameRate frameRate=-2.0, this=StatusBarIconView(slot='com.forgeapps.tickday/0x5d2d3c9f' alpha=1.0 icon=StatusBarIcon(icon=Icon(typ=RESOURCE pkg=com.forgeapps.tickday id=0x7f0c0000) visible user=0 ) visibleState=HIDDEN iconColor=#0 staticDrawableColor=#0 decorColor=#99000000 animationStartColor=#0 currentSetColor=#0 notification=StatusBarNotification(pkg=com.forgeapps.tickday user=UserHandle{0} id=1563245727 tag=null key=0|com.forgeapps.tickday|1563245727|null|10716: Notification(channel=tickday_native_alarm_v2 shortcut=null contentView=null vibrate=null sound=null defaults=0 flags=AUTO_CANCEL|HIGH_PRIORITY color=0x00000000 category=alarm vis=PUBLIC semFlags=0x0 semPriority=0 semMissedCount=0))), caller=com.android.systemui.statusbar.StatusBarIconView.onAttachedToWindow:6 android.view.View.dispatchAttachedToWindow:24320 android.view.ViewGroup.addTransientView:5172 com.android.systemui.statusbar.phone.NotificationIconContainer.onViewRemoved:108 android.view.ViewGroup.dispatchViewRemoved:5433 
05-25 12:31:18.443  4602  4602 D ExpandableNotifRow: try performDismiss : 0|com.forgeapps.tickday|1563245727|null|10716
05-25 12:31:18.444  2727  5977 D SurfaceComposerClient: setCornerRadius ## 9ac0ee8 com.forgeapps.tickday/com.forgeapps.tickday.MainActivity#232721 cornerRadius=0.000000
05-25 12:31:18.445  2727  5977 D SurfaceComposerClient: setCornerRadius ## 9ac0ee8 com.forgeapps.tickday/com.forgeapps.tickday.MainActivity#232721 cornerRadius=0.000000
05-25 12:31:18.445  2154 11894 I DMABUFHEAPS: Using DMA-BUF heap named: qcom,system
05-25 12:31:18.445  2154 11894 I DMABUFHEAPS: Using DMA-BUF heap named: qcom,system
05-25 12:31:18.445  2154 11894 I DMABUFHEAPS: Using DMA-BUF heap named: qcom,system
05-25 12:31:18.445  2154 11894 I DMABUFHEAPS: Using DMA-BUF heap named: qcom,system
05-25 12:31:18.447 11831 11840 D PipelineWatcher: onInputBufferReleased: frameIndex not found (54608); ignored
05-25 12:31:18.449  2727  2727 D EdgeLightingManager: hideForNotification : packageName = com.forgeapps.tickday
05-25 12:31:18.449  4602  4602 D PluginActionManager: stopListening
05-25 12:31:18.449  2727  2727 D EdgeLightingPolicyManager:NotificationGroup: remove : sbn : StatusBarNotification(pkg=com.forgeapps.tickday user=UserHandle{0} id=1563245727 tag=null key=0|com.forgeapps.tickday|1563245727|null|10716: Notification(channel=tickday_native_alarm_v2 shortcut=null contentView=null vibrate=null sound=null defaults=0 flags=AUTO_CANCEL|HIGH_PRIORITY color=0x00000000 category=alarm vis=PUBLIC semFlags=0x0 semPriority=0 semMissedCount=0))
05-25 12:31:18.449  2727  2727 D EdgeLightingPolicyManager.NotificationGroup: group notification count : 54
05-25 12:31:18.449  2727  2727 D EdgeLightingManager: hideForNotification : isOngoing is false
05-25 12:31:18.449  4602  4602 D StackScroller: generateRemoveAnimation 0|com.forgeapps.tickday|1563245727|null|10716
05-25 12:31:18.449  4602  4602 D StackScroller: generateRemoveAnimation 0|com.forgeapps.tickday|1563245727|null|10716 mIsExpanded false mAnimationsEnabled true
05-25 12:31:18.449  4602  4602 D StackScroller: onViewRemovedInternal remove child without animation 0|com.forgeapps.tickday|1563245727|null|10716
05-25 12:31:18.449  2727  2727 D MotionRecognitionManager: @ member 0 = com.android.server.notification.EasyMuteController$1@d3a12e4
05-25 12:31:18.449  2727  2727 D MotionRecognitionService:   .unregisterCallback : 0, client=com.android.server.notification.EasyMuteController$1@d3a12e4
05-25 12:31:18.449  4602  4745 D RingtonePlayer: stopAsync()
05-25 12:31:18.449  4602  4745 D RingtonePlayer: stop
05-25 12:31:18.449  2727  2727 D MotionRecognitionService: Acc/Gyro will be disabled by motion sensor  = 1
05-25 12:31:18.449  2727  2727 D MotionRecognitionService: Acc/Gyro will be disabled by motion sensor  = 2
05-25 12:31:18.450  2124  2124 I sensors-hal: set_config:60, sample_period_ns is adjusted to 10000000 based on min/max delay_ns
05-25 12:31:18.450  2124  2124 I sensors-hal: send_sensor_config_request:582, resampler is used, set resampler config
05-25 12:31:18.450  2124  2124 I sensors-hal: send_sync_sensor_request:515, send sync request
05-25 12:31:18.450  2124  2124 I sensors-hal: send_sync_sensor_request:544, wait for notification of response
05-25 12:31:18.450  4602  4602 I View    : setRequestedFrameRate frameRate=-2.0, this=StatusBarIconView(slot='com.forgeapps.tickday/0x5d2d3c9f' alpha=1.0 icon=StatusBarIcon(icon=Icon(typ=RESOURCE pkg=com.forgeapps.tickday id=0x7f0c0000) visible user=0 ) visibleState=ICON iconColor=#0 staticDrawableColor=#0 decorColor=#ff1b6cf7 animationStartColor=#0 currentSetColor=#0 notification=StatusBarNotification(pkg=com.forgeapps.tickday user=UserHandle{0} id=1563245727 tag=null key=0|com.forgeapps.tickday|1563245727|null|10716: Notification(channel=tickday_native_alarm_v2 shortcut=null contentView=null vibrate=null sound=null defaults=0 flags=AUTO_CANCEL|HIGH_PRIORITY color=0x00000000 category=alarm vis=PUBLIC semFlags=0x0 semPriority=0 semMissedCount=0))), caller=com.android.systemui.statusbar.StatusBarIconView.onAttachedToWindow:6 android.view.View.dispatchAttachedToWindow:24320 android.view.ViewGroup.addTransientView:5172 com.android.systemui.statusbar.phone.NotificationIconContainer.onViewRemoved:108 android.view.ViewGroup.dispatchViewRemoved:5433 
05-25 12:31:18.450  4602 22602 D RingtonePlayer: RemoveFirst
05-25 12:31:18.450  4602 22602 D RingtonePlayer: STOP
05-25 12:31:18.451  4602 22602 V MediaPlayer-JNI: stop
05-25 12:31:18.451  4602 22602 V MediaPlayerNative: stop
05-25 12:31:18.451 11831 11840 D PipelineWatcher: onInputBufferReleased: frameIndex not found (54609); ignored
05-25 12:31:18.451  2841 15941 V MediaPlayerService: [12510] stop
05-25 12:31:18.451  2841 15941 D NuPlayerDriver: stop(0xb4000072784dab90)
05-25 12:31:18.451  2841 15941 V MediaPlayerService: [12510] notify (8, 0, 0)
05-25 12:31:18.451  2841 21940 V NuPlayer: updatePlaybackTimer(stop)  time      924631154742121 (onPause)
05-25 12:31:18.451  2841 21940 V NuPlayer: updatePlaybackTimer()  log          171235506966
05-25 12:31:18.451  2841 21940 I GenericSource: pause
05-25 12:31:18.451  2841 15941 V MediaPlayerService: [12510] enableAudioDeviceCallback, 0
05-25 12:31:18.451  2841 15941 V AudioSink: enableAudioDeviceCallback, 0
05-25 12:31:18.451  4602 22602 I RingtonePlayer: About to release MediaPlayer piid:122047 due to notif cancelled
05-25 12:31:18.451  4602 22602 V MediaPlayer: resetDrmState:  mDrmInfo=null mDrmProvisioningThread=null mPrepareDrmInProgress=false mActiveDrmScheme=false
05-25 12:31:18.451  4602 22602 V MediaPlayer: cleanDrmObj: mDrmObj=null mDrmSessionId=null
05-25 12:31:18.451  4602 22602 V MediaPlayer-JNI: release
05-25 12:31:18.451  4602 22602 V MediaPlayerNative: setListener
05-25 12:31:18.451  4602 22602 V MediaPlayerNative: disconnect
05-25 12:31:18.451  2841 15941 V MediaPlayerService: disconnect(12510) from AttributionSource AttributionSourceState{pid: 4602, uid: 10048, deviceId: 0, packageName: com.android.systemui, attributionTag: (null), token: binder:0xb40000724850ca00, renouncedPermissions: [], next: []}
05-25 12:31:18.451  2841 15941 D NuPlayerDriver: reset(0xb4000072784dab90) at state 8
05-25 12:31:18.451  2841 15941 V NuPlayerDriver: updateMetrics(0xb4000072784dab90) from reset at state 8
05-25 12:31:18.451  2841 15941 V NuPlayer: updateInternalTimers()
05-25 12:31:18.451  2841 15941 V NuPlayer: updatePlaybackTimer(snap)  time                    0 (updateInternalTimers)
05-25 12:31:18.451  2841 15941 V NuPlayer: updateRebufferingTimer(snap)  time                    0 (exiting 0)
05-25 12:31:18.451  2841 15941 V NuPlayerDriver: logMetrics(0xb4000072784dab90) from reset at state 8
05-25 12:31:18.451  4602  4602 W RefactorFlag: New code path expects SceneContainerFlag to be enabled.
05-25 12:31:18.451  2841 21944 I GenericSource: kWhatPause
05-25 12:31:18.451  2841 21940 V NuPlayer: kWhatReset
05-25 12:31:18.451  2841 21940 I MediaMonitor: stop time 924802390280
05-25 12:31:18.451  2841 21940 V NuPlayer: setDecoderBooster enable = No
05-25 12:31:18.451  2841 21940 V NuPlayer: updatePlaybackTimer(stop)  time                    0 (kWhatReset)
05-25 12:31:18.451  2841 21940 V NuPlayer: updateRebufferingTimer(stop)  time                    0 (exiting 1)
05-25 12:31:18.452  2841 21940 V NuPlayer: performDecoderFlush audio=2, video=2
05-25 12:31:18.452  2841 21940 V NuPlayer: [audio] flushDecoder needShutdown=1
05-25 12:31:18.452  2727  2789 D SurfaceComposerClient: setCornerRadius ## 9ac0ee8 com.forgeapps.tickday/com.forgeapps.tickday.MainActivity#232721 cornerRadius=0.000000
05-25 12:31:18.452  2841 21940 V NuPlayer: postponing action mFlushingAudio=2, mFlushingVideo=0
05-25 12:31:18.452  2841 21953 I NuPlayerRenderer: flush audio, notifyComplete 1, shutdown Yes
05-25 12:31:18.452  2124  4700 I sensors-hal: qsh_conn_resp_cb:972, resp_value = 0 for accel 
05-25 12:31:18.452  4602  4745 V MediaPlayerNative: message received msg=8, ext1=0, ext2=0
05-25 12:31:18.452  4602  4745 V MediaPlayerNative: notify(8, 0, 0) callback on disconnected mediaplayer
05-25 12:31:18.452  2727  2789 D SurfaceComposerClient: setCornerRadius ## 9ac0ee8 com.forgeapps.tickday/com.forgeapps.tickday.MainActivity#232721 cornerRadius=0.000000
05-25 12:31:18.452  2124  2124 I sensors-hal: send_sync_sensor_request:550, takes 1 ms to receive the response with 0
05-25 12:31:18.452  2124  2124 I sensors-hal: batch:368, android.sensor.accelerometer/11, period=10000000, max_latency=60000000 request completed
05-25 12:31:18.452  2841 21952 I NuPlayerRenderer: onPause
05-25 12:31:18.452  2841 21952 I MediaClock: setPlaybackRate rate : 0.000000
05-25 12:31:18.452  2841 21952 V AudioSink: pause
05-25 12:31:18.453  4602  4602 I LockscreenNotificationIconsOnlyController: onNotificationInfoUpdated 0
05-25 12:31:18.453  4602  4602 I AODNotificationManager: updateNotification() 
05-25 12:31:18.453  2124  2124 I sensors-hal: activate:305, android.sensor.gyroscope/41 en=0
05-25 12:31:18.453  2124  2124 I sensors-hal: send_sync_sensor_request:515, send sync request
05-25 12:31:18.453  2124  2124 I sensors-hal: send_sync_sensor_request:544, wait for notification of response
05-25 12:31:18.453  4602  5424 D SoundCraft.PlayingAudioConditionHandler: onPlaybackConfigChanged : lastStartedPackageName=null, lastStartedUid=-1, newStartedUid=-1, newStartPackageName=null, thread=Thread[RoutineHandlerThread,5,main]
05-25 12:31:18.453  4602  5424 D SoundCraft.PlayingAudioConditionHandler: onPlaybackConfigChanged : lastStartedPackageName=null, lastStartedUid=-1, newStartedUid=-1, newStartPackageName=null, thread=Thread[RoutineHandlerThread,5,main]
05-25 12:31:18.453  2231  3299 I SoundBoosterEffectPlus: SB_setVolume(0xb400007da74f8ed0)
05-25 12:31:18.453  2231  3299 I SoundBoosterEffectPlus: command EFFECT_CMD_SET_VOLUME left = 0.000000, right =0.000000
05-25 12:31:18.453  2231  3299 I SoundBooster_Interface2000_a64: BuffClear() mInstanceID: 0, mMode: 2, iSED_inst_addr:0xb400007f9e2fa630
05-25 12:31:18.453  2231  3299 I SoundBoosterEffectPlus: SB_reset SoundBooster sessionId(-1301)
05-25 12:31:18.453  2231  3299 I SAG_EQ a64: SetVolumeFloat() inst_num [1804289383] VolumeFloat [-100.000000] mModeFW [2] mMode [2]
05-25 12:31:18.453  2231  3299 I SAG_EQ a64: mIsVolumeTableValid yes 
05-25 12:31:18.453  2231  3299 I SAG_EQ a64: SetVolume() VolumeIndexInt [1] 
05-25 12:31:18.453  2127  6097 I PAL: API: pal_set_param: 1377: Enter: param id 60
05-25 12:31:18.454  2231  3299 I SoundBooster_Interface2000_a64: [AE_LOG] Exe() mInstanceID: 0, mMode : 2,  n : 960    VolumeIndexFloat : -100.000000 mSamplingRate : 48000
05-25 12:31:18.454  2231  3299 I SoundBooster_Interface2000_a64: Exe_2() mInstanceID: 0, mMode: 2,  samples: 960, VolumeIndexInt: 0, mSamplingRate: 48000, SED class: SED_CLASS_PIANO, PP class: SED_CLASS_PIANO
05-25 12:31:18.454  2124 21942 I sensors-hal: qsh_conn_resp_cb:972, resp_value = 0 for sensor_temperature 
05-25 12:31:18.454  2124  2124 I sensors-hal: send_sync_sensor_request:550, takes 1 ms to receive the response with 0
05-25 12:31:18.454  2124  2124 I sensors-hal: register_cb:326, update callbacks with new one
05-25 12:31:18.454  2124  2124 I sensors-hal: send_req:263, sent request to gyro_cal (low=10025908976994887838high=13187306796670928542), reqeuest_count = 1
05-25 12:31:18.454  2124  2124 I sensors-hal: deactivate:195, sent disable request. wait for response for it
05-25 12:31:18.454  2124  2124 I sensors-hal: operator():198, resp_received = 0 in wait_for
05-25 12:31:18.455  2124 21942 I sensors-hal: handle_resp_cb:269, resp_value = 0 for gyro_cal before acuiring the lock, pending request = 1
05-25 12:31:18.455  2124  2124 I sensors-hal: operator():198, resp_received = 1 in wait_for
05-25 12:31:18.455  2124  2124 E sensors-hal: register_cb:315, all callbacks are null for new suid. no need to register it
05-25 12:31:18.455  2124  2124 I sensors-hal: send_sync_sensor_request:515, send sync request
05-25 12:31:18.455  2124  2124 I sensors-hal: send_sync_sensor_request:544, wait for notification of response
05-25 12:31:18.455  2124 21942 I sensors-hal: qsh_conn_resp_cb:972, resp_value = 0 for gyro 
05-25 12:31:18.455  2124  2124 I sensors-hal: send_sync_sensor_request:550, takes 0 ms to receive the response with 0
05-25 12:31:18.456  2124  2124 I sensors-hal: ~qsh_qmi:61, ~qsh_qmi
05-25 12:31:18.456  2124  2124 I sensors-hal: activate:335, android.sensor.gyroscope/41 en=0 completed
05-25 12:31:18.456  2727  2727 D SensorManager: unregisterListener :: com.samsung.android.gesture.MotionRecognitionService$SensorListener@c52fe02
05-25 12:31:18.456  2727  2727 D MotionRecognitionService:   .finalizeMotionEngine
05-25 12:31:18.456  2098  2193 E minksocket: MinkIPC ERROR: ( 2098:2193 ) MinkIPC_preProcess:272 Client down, but cannot find corresponding minksession
05-25 12:31:18.456  2098  2202 E minksocket: MinkIPC ERROR: ( 2098:2202 ) MinkIPC_preProcess:272 Client down, but cannot find corresponding minksession
05-25 12:31:18.456  2727  2727 I MotionRecognitionManager:   .unregisterListener : / listener count = 1->0, name :com.android.server.notification.EasyMuteController$1@d3a12e4
05-25 12:31:18.456  2727  2727 I EasyMuteController: UnReg. OverTurn
05-25 12:31:18.456  2727  2727 D VibratorManagerService: Canceling vibration
05-25 12:31:18.460  4602  4602 W TouchableRegionManager: onHeadsUpPinnedModeChanged
05-25 12:31:18.460  4602  4602 I NowBarCardViewModel: setVisibility visible = 4 / nowBarRootVisibility = 4
05-25 12:31:18.460  4602  4602 I NowBarCardViewModel: setVisibility visible = 4 / nowBarRootVisibility = 4
05-25 12:31:18.460  4602  4602 D {OngoingActivityController}:  onHeadsUpPinnedModeChanged - true : false
05-25 12:31:18.460  4602  4602 D {OngoingActivityController}: updateParentViewVisibility() animate:true shouldVisible()
05-25 12:31:18.460  4602  4602 D CollapsedStatusBarFragment: onHideActivityChip() animate:true
05-25 12:31:18.461  2154 11894 I DMABUFHEAPS: Using DMA-BUF heap named: qcom,system
05-25 12:31:18.461  5170  9927 I HoneySpace.NotificationListener: onNotificationRemoved com.forgeapps.tickday: 0|com.forgeapps.tickday|1563245727|null|10716: 0
05-25 12:31:18.461  5170  5170 I HoneySpace.NotificationListener: onNotificationRemoved sbn : StatusBarNotification(pkg=com.forgeapps.tickday user=UserHandle{0} id=1563245727 tag=null key=0|com.forgeapps.tickday|1563245727|null|10716: Notification(channel=tickday_native_alarm_v2 shortcut=null contentView=null vibrate=null sound=null defaults=0 flags=AUTO_CANCEL|HIGH_PRIORITY color=0x00000000 category=alarm vis=PUBLIC semFlags=0x0 semPriority=0 semMissedCount=0)), reason : 2
05-25 12:31:18.461  2154 11894 I DMABUFHEAPS: Using DMA-BUF heap named: qcom,system
05-25 12:31:18.461  5170 21176 I HoneySpace.BadgeDataSourceImpl: Get notification count. PK(p='com.google.android.gm', u=UserHandle{0}) - forceBadgeCount: false, notification listener: 1, badge provider: 0
05-25 12:31:18.461  5170 21176 I HoneySpace.BadgeDataSourceImpl: Get notification count. PK(p='com.google.android.apps.photos', u=UserHandle{0}) - forceBadgeCount: false, notification listener: 1, badge provider: 0
05-25 12:31:18.461  2154 11894 I DMABUFHEAPS: Using DMA-BUF heap named: qcom,system
05-25 12:31:18.462  2154 11894 I DMABUFHEAPS: Using DMA-BUF heap named: qcom,system
05-25 12:31:18.462  5170 17194 I HoneySpace.PackageEventOperator: [ApplistViewModel] badge count is updated. com.forgeapps.tickday/.MainActivity#UserHandle{0}|298367 : 0
05-25 12:31:18.462  5170 17194 I HoneySpace.BadgeDataSourceImpl: Get notification count. PK(p='com.google.android.gm', u=UserHandle{0}) - forceBadgeCount: false, notification listener: 1, badge provider: 0
05-25 12:31:18.462  5170 17194 I HoneySpace.BadgeDataSourceImpl: Get notification count. PK(p='com.google.android.apps.photos', u=UserHandle{0}) - forceBadgeCount: false, notification listener: 1, badge provider: 0
05-25 12:31:18.462  9869 10628 I NotificationPipeline: Processing notification dismissal on phone: 0|com.forgeapps.tickday|1563245727|null|10716
05-25 12:31:18.462  9869 10628 I Notification4Watch7_NB: NotificationBridgeCallback.onNotificationRemoved->>> Enter <<<
05-25 12:31:18.463  2841 21952 I NuPlayerRenderer: flushing audio
05-25 12:31:18.463  2841 21952 I NuPlayerRenderer: onFlush mAudioDrainGeneration : 24
05-25 12:31:18.463  2841 21952 V AudioSink: flush
05-25 12:31:18.463 11831 11840 D PipelineWatcher: onInputBufferReleased: frameIndex not found (54610); ignored
05-25 12:31:18.463  2841 21953 D NuPlayerRenderer: signalTimeDiscontinuity() mHasAudio = 0 , mHasVideo = 0
05-25 12:31:18.463  2841 21954 I CCodec  : [c2.android.vorbis.decoder] state->set(FLUSHING)
05-25 12:31:18.463  2841 21952 V AudioSink: stop
05-25 12:31:18.463  2727  2727 D NotificationReminder: removeFromNotificationList record com.forgeapps.tickday
05-25 12:31:18.463  2841 21940 V NuPlayer: renderer audio flush completed.
05-25 12:31:18.463  2841 21954 I CCodec  : [c2.android.vorbis.decoder] state->set(FLUSHED)
05-25 12:31:18.463  2841 21954 D CCodecBuffers: [c2.android.vorbis.decoder#217:1D-Output.Impl[N]] Client returned a buffer it does not own according to our record: 0
05-25 12:31:18.463  2841 21954 D CCodecBuffers: [c2.android.vorbis.decoder#217:1D-Output.Impl[N]] Client returned a buffer it does not own according to our record: 1
05-25 12:31:18.463  2841 21954 D CCodecBuffers: [c2.android.vorbis.decoder#217:1D-Output.Impl[N]] Client returned a buffer it does not own according to our record: 2
05-25 12:31:18.463  2841 21940 V NuPlayer: decoder audio flush completed
05-25 12:31:18.463  2841 21940 V NuPlayer: initiating audio decoder shutdown
05-25 12:31:18.463  4602  4602 D PanelTransitionAnimator: onHeadsUpPinnedModeChanged: false
05-25 12:31:18.463  2841 21954 I CCodec  : [c2.android.vorbis.decoder] state->set(RELEASING)
05-25 12:31:18.463  4602  4602 D PanelSplitOpenAnimator: onHeadsUpPinnedModeChanged: false
05-25 12:31:18.463  4602  4602 D QsTransitionAnimator: onHeadsUpPinnedModeChanged: false
05-25 12:31:18.464  4602  4602 D SecTabletHorizontalPanelPositionHelper: onHeadsUpPinnedModeChanged(false)
05-25 12:31:18.464  2841 21940 V NuPlayer: audio shutdown completed
05-25 12:31:18.464  2841 21940 V NuPlayer: both audio and video are flushed now.
05-25 12:31:18.464  2841 21940 V NuPlayer: performReset
05-25 12:31:18.464  2841 21940 V NuPlayer: updatePlaybackTimer(stop)  time                    0 (performReset)
05-25 12:31:18.464  2841 21940 V NuPlayer: updateRebufferingTimer(stop)  time                    0 (exiting 1)
05-25 12:31:18.464  2841 22603 I CCodec  : [release][3405] component -> surface
05-25 12:31:18.464  2841 21940 D NuPlayerDriver: notifyResetComplete(0xb4000072784dab90)
05-25 12:31:18.464  9869 10628 E Notification4Watch7_NB: PhoneStatus.isDesktopMode manager is null
05-25 12:31:18.464  2841 22603 I CCodec  : [c2.android.vorbis.decoder] state->set(RELEASED)
05-25 12:31:18.464  2841 21954 I Codec2Client: Component destructing
05-25 12:31:18.464  9869 10628 I Notification4Watch7_NB: PhoneStatus.isActive-isScreenOn: true, isKeyLocked: false, isCoverOpen: true
05-25 12:31:18.465  9869 10628 I Notification4Watch7_NB: PendingManager.requestListenerHints - [Type : RECOVER]
05-25 12:31:18.465  2876 23618 D AidlBufferPool: bufferpool2 0xb4000077b73955d8 : 0(0 size) total buffers - 0(0 size) used buffers - 0/0 (recycle/alloc) - 0/0 (fetch/transfer)
05-25 12:31:18.465  2841 15941 V NuPlayerDriver: ~NuPlayerDriver(0xb4000072784dab90)
05-25 12:31:18.465  2876 23618 D AidlBufferPool: Destruction - bufferpool2 0xb4000077b73955d8 cached: 0/0M, 0/0% in use; allocs: 0, 0% recycled; transfers: 0, 0% unfetched
05-25 12:31:18.465  2841 15941 V NuPlayerDriver: updateMetrics(0xb4000072784dab90) from destructor at state 0
05-25 12:31:18.465  2841 15941 V NuPlayer: updateInternalTimers()
05-25 12:31:18.465  2841 15941 V NuPlayer: updatePlaybackTimer(snap)  time                    0 (updateInternalTimers)
05-25 12:31:18.465  2841 15941 V NuPlayer: updateRebufferingTimer(snap)  time                    0 (exiting 0)
05-25 12:31:18.465  2841 15941 V NuPlayerDriver: logMetrics(0xb4000072784dab90) from destructor at state 0
05-25 12:31:18.465  2841 15941 V NuPlayerDriver: nothing to record (only 3 fields)
05-25 12:31:18.465  4602  4602 D StatusBarHeadsUpChangeListener: onHeadsUpStateChanged ->  runAfterAnimationFinished 0|com.forgeapps.tickday|1563245727|null|10716
05-25 12:31:18.465  2841 21954 I MediaCodec: Codec shutdown complete
05-25 12:31:18.465  2841 29550 V MediaPlayerService: Client(12510) destructor AttributionSource = AttributionSourceState{pid: 4602, uid: 10048, deviceId: 0, packageName: com.android.systemui, attributionTag: (null), token: binder:0xb40000724850ca00, renouncedPermissions: [], next: []}
05-25 12:31:18.465  2841 29550 V MediaPlayerService: disconnect(12510) from AttributionSource AttributionSourceState{pid: 4602, uid: 10048, deviceId: 0, packageName: com.android.systemui, attributionTag: (null), token: binder:0xb40000724850ca00, renouncedPermissions: [], next: []}
05-25 12:31:18.465  4602 22602 V MediaPlayerNative: destructor
05-25 12:31:18.465  2841 21953 I NuPlayerDecoder: kWhatAsyncReleaseComplete
05-25 12:31:18.463  2727  2727 D MediaSessionService: Audio playback is changed, config=AudioPlaybackConfiguration piid:122047 deviceIds:[3] type:android.media.MediaPlayer u/pid:10048/4602 state:released attr:AudioAttributes: usage=USAGE_ALARM content=CONTENT_TYPE_SONIFICATION flags=0x800 tags= bundle=null sessionId:186465 mutedState:none  FormatInfo{isSpatialized=false, channelMask=0x20000003, sampleRate=48000}, removed=false
05-25 12:31:18.466  2727  2727 D MediaSessionStack: updateMediaButtonSessionIfNeeded, callers=com.android.server.media.AudioPlayerStateMonitor$MessageHandler.handleMessage:19 android.os.Handler.dispatchMessage:110 
05-25 12:31:18.466  2727  2727 D MediaSessionStack: updateMediaButtonSessionIfNeeded, skipping uid=10048
05-25 12:31:18.466  2727  2727 D MediaSessionStack: updateMediaButtonSessionIfNeeded, skipping uid=10716
05-25 12:31:18.466  2727  2727 D MediaSessionStack: updateMediaButtonSessionIfNeeded, skipping uid=1000
05-25 12:31:18.466  2727  2727 D MediaSessionStack: updateMediaButtonSessionIfNeeded, skipping uid=10714
05-25 12:31:18.466  2727  2727 D MediaSessionStack: updateMediaButtonSessionIfNeeded, skipping uid=10713
05-25 12:31:18.466  2727  2727 D MediaSessionStack: updateMediaButtonSessionIfNeeded, skipping uid=10478
05-25 12:31:18.466  2727  2727 D MediaSessionStack: updateMediaButtonSessionIfNeeded, checking uid=10296, mediaButtonSession=com.google.android.youtube/YouTube playerlib/338 (userId=0), ignoreButtonSession=false
05-25 12:31:18.466 11831 13169 D PipelineWatcher: onInputBufferReleased: frameIndex not found (54611); ignored
05-25 12:31:18.466  4602  4602 D KeyguardVisible: shouldPanelBeVisible false / headUpVisible=false, why=0
05-25 12:31:18.467  2727  4362 D MediaRouterService: onAudioPlayerActiveStateChanged: uid=10048, active=false, delaying
05-25 12:31:18.467  4602 22602 V MediaPlayerNative: disconnect
05-25 12:31:18.467  4602 22602 D RingtonePlayer: in STOP: abandonning AudioFocus
05-25 12:31:18.467  2727  2789 D NotificationService: NMS : requestListenerHintsForWearable state=0
05-25 12:31:18.467  2841 21953 I CCodecBufferChannel: CCodecBufferChannel destructing c2.android.vorbis.decoder#217
05-25 12:31:18.467  2727  5977 I MediaFocusControl: abandonAudioFocus() from uid/pid 10048/4602 clientId=android.media.AudioManager@4fca1c3 callingPack=com.android.systemui
05-25 12:31:18.467  2727  5977 D AS.AudioService: [Android Auto] isConnectedAndroidAuto = false
05-25 12:31:18.467  2727  5977 D MediaFocusControl: abandonAudioFocus, clientId = android.media.AudioManager@4fca1c3
05-25 12:31:18.467  2727  5977 D MediaFocusControl: selectFocusStack, uid = 10048, appDevice = 0, device = 8000
05-25 12:31:18.467  2727  5977 I MediaFocusControl: removeFocusStackEntry client:android.media.AudioManager@4fca1c3
05-25 12:31:18.467  9869 10628 E Notification4Watch7_NB: PhoneStatus.isDesktopMode manager is null
05-25 12:31:18.467  2841 21953 V AudioSink: +++ close
05-25 12:31:18.467  4602 22602 D RingtonePlayer: in STOP: quitting looper Looper (Thread-3655, tid 29401) {894f6f8}
05-25 12:31:18.467  2841 21953 V AudioSink: --- close
05-25 12:31:18.468  9869 10628 I Notification4Watch7_NB: PhoneStatus.isActive-isScreenOn: true, isKeyLocked: false, isCoverOpen: true
05-25 12:31:18.468  2841 21953 W AMessage: failed to post message as target looper for handler 0 is gone.
05-25 12:31:18.468  4602  4602 I NowBarCardViewModel: setVisibility visible = 4 / nowBarRootVisibility = 4
05-25 12:31:18.468  4602  4602 D ShadeExpansionStateManager: updateStateInternal: OPENING -> CLOSED
05-25 12:31:18.468  4602  4602 D NotificationPanelView: setOnStatusBarDownEvent null ? true
05-25 12:31:18.468  9869 10628 W Notification4Watch7_NB: PendingManager.onBridgeFlushQueueEvent-pending maintain why USING_PHONE
05-25 12:31:18.468  4602  4602 D QuickPanelLog: NPVC | onPanelStateChanged: STATE_CLOSED
05-25 12:31:18.468  4602  4602 D QuickPanelLog:  - com.android.systemui.shade.NotificationPanelViewController$$ExternalSyntheticLambda6.onPanelStateChanged$2:146
05-25 12:31:18.468  4602  4602 D QuickPanelLog:  - com.android.systemui.shade.ShadeExpansionStateManager.updateStateInternal:51
05-25 12:31:18.468  4602  4602 D QuickPanelLog:  - com.android.systemui.shade.NotificationPanelViewController.updateExpansionAndVisibility:71
05-25 12:31:18.468  4602  4602 D QuickPanelLog:  - com.android.systemui.shade.NotificationPanelViewController$$ExternalSyntheticLambda18.run:153
05-25 12:31:18.468  4602  4602 D QuickPanelLog:  - com.android.systemui.statusbar.notification.stack.NotificationStackScrollLayout.runAnimationFinishedRunnables:19
05-25 12:31:18.468  4602  4602 D QuickPanelLog:  - com.android.systemui.statusbar.notification.headsup.StatusBarHeadsUpChangeListener.onHeadsUpStateChanged:47
05-25 12:31:18.468  4602  4602 D QuickPanelLog:  - com.android.systemui.statusbar.notification.headsup.HeadsUpManagerImpl.onEntryRemoved:85
05-25 12:31:18.468  4602  4602 D QuickPanelLog:  - com.android.systemui.statusbar.notification.headsup.HeadsUpManagerImpl$$ExternalSyntheticLambda1.run:80
05-25 12:31:18.468  4602  4602 D QuickPanelLog:  - com.android.systemui.statusbar.notification.headsup.AvalancheController.delete:285
05-25 12:31:18.468  4602  4602 D QuickPanelLog:  - com.android.systemui.statusbar.notification.headsup.HeadsUpManagerImpl.removeEntry:72
05-25 12:31:18.468  4602  4602 D KeyguardVisible: go panelState: OPENING -> CLOSED tracking=false, expanded=true, fraction=0.0
05-25 12:31:18.468  4602  4602 D ShadeExpansionStateManager: onPanelExpansionChanged: OPENING -> CLOSED
05-25 12:31:18.468  4602  4602 D SecPanelSplitHelper: slide ( SHADE_STATE )
05-25 12:31:18.468  4602  4602 D SecPanelSplitHelper:  - com.android.systemui.shade.SecPanelSplitHelper.onPanelExpansionChanged:38
05-25 12:31:18.468  4602  4602 D SecPanelSplitHelper:  - com.android.systemui.shade.NotificationPanelViewController.updateExpansionAndVisibility:196
05-25 12:31:18.468  4602  4602 D SecPanelSplitHelper:  - com.android.systemui.shade.NotificationPanelViewController$$ExternalSyntheticLambda18.run:153
05-25 12:31:18.468  4602  4602 D SecPanelSplitHelper:  - com.android.systemui.statusbar.notification.stack.NotificationStackScrollLayout.runAnimationFinishedRunnables:19
05-25 12:31:18.468  4602  4602 D SecPanelSplitHelper:  - com.android.systemui.statusbar.notification.headsup.StatusBarHeadsUpChangeListener.onHeadsUpStateChanged:47
05-25 12:31:18.468  4602  4602 D SecPanelSplitHelper:  - com.android.systemui.statusbar.notification.headsup.HeadsUpManagerImpl.onEntryRemoved:85
05-25 12:31:18.468  4602  4602 D SecPanelSplitHelper:  - com.android.systemui.statusbar.notification.headsup.HeadsUpManagerImpl$$ExternalSyntheticLambda1.run:80
05-25 12:31:18.468  4602  4602 D SecPanelSplitHelper:  - com.android.systemui.statusbar.notification.headsup.AvalancheController.delete:285
05-25 12:31:18.468  4602  4602 D SecPanelSplitHelper:  - com.android.systemui.statusbar.notification.headsup.HeadsUpManagerImpl.removeEntry:72
05-25 12:31:18.468  4602  4602 D SecPanelSplitHelper:  - com.android.systemui.statusbar.notification.headsup.HeadsUpManagerImpl.removeNotification:116
05-25 12:31:18.468  4602  4602 D PanelTransitionAnimator: fraction = 1.0 direction = DOWN stateToChange = SHADE_STATE StatusBar = SHADE panelTransitionState = SHADE_STATE
05-25 12:31:18.468  4602  4602 D PanelTransitionAnimator: SHADE_STATE
05-25 12:31:18.468  4602  4602 D PanelTransitionAnimator: clearAnimationState SHADE_STATE
05-25 12:31:18.469  9869 10628 I NotifDismissalHandler: Notification 0|com.forgeapps.tickday|1563245727|null|10716 dismissed on phone, deleting data item /bridger/stream_item:f85fe1cb:com.forgeapps.tickday:1563245727:null_tag:0~7Ccom.forgeapps.tickday~7C1563245727~7Cnull~7C10716
05-25 12:31:18.469  4602  4602 D KeyguardVisible: go panelState: CLOSED -> CLOSED tracking=false, expanded=false, fraction=0.0
05-25 12:31:18.469  4602  4602 D PanelSplitOpenAnimator: onPanelExpansionChanged : 0.0 state : 0
05-25 12:31:18.469  4602  4602 D PanelSplitOpenAnimator: setPosition : 0.0 // true false false 0.0
05-25 12:31:18.470  4602  4602 D ImmersiveScrollAnimator: clearAnimators
05-25 12:31:18.470  4602  4602 I NowBarCardViewModel: setVisibility visible = 4 / nowBarRootVisibility = 4
05-25 12:31:18.470  4602  4602 D NotificationPanelView: onHeadsUpStateChanged ->  runAfterAnimationFinished 0|com.forgeapps.tickday|1563245727|null|10716
05-25 12:31:18.470  4602  4602 I NowBarCardViewModel: setVisibility visible = 4 / nowBarRootVisibility = 4
05-25 12:31:18.470  4602  4602 D PanelSplitOpenAnimator: onPanelExpansionChanged : 0.0 state : 0
05-25 12:31:18.470  4602  4602 D PanelSplitOpenAnimator: setPosition : 0.0 // true false false 0.0
05-25 12:31:18.470  4602  4602 D ImmersiveScrollAnimator: clearAnimators
05-25 12:31:18.470  4602  4602 I NowBarCardViewModel: setVisibility visible = 4 / nowBarRootVisibility = 4
05-25 12:31:18.470  4602  4602 D InsignificantCoordinator: onHeadsUpStateChanged : 0|com.forgeapps.tickday|1563245727|null|10716 isHeadsUP :false entry? true headsupManager? false
05-25 12:31:18.471  4602  4602 D InsignificantCoordinator: onEntryRemoved :0|com.forgeapps.tickday|1563245727|null|10716 flags: 0 entrySize:0
05-25 12:31:18.472  4602  4602 I BLASTBufferQueue_Java: update, w= 1080 h= 2340 mName = VRI[NotificationShade]@cf74c67 mNativeObject= 0xb4000072a9aab3e0 sc.mNativeObject= 0xb4000071e99b24d0 format= -3 caller= android.view.ViewRootImpl.updateBlastSurfaceIfNeeded:3574 android.view.ViewRootImpl.relayoutWindow:11685 android.view.ViewRootImpl.performTraversals:4804 android.view.ViewRootImpl.doTraversal:3924 android.view.ViewRootImpl$TraversalRunnable.run:12903 android.view.Choreographer$CallbackRecord.run:1901 
05-25 12:31:18.472  2727  2789 I WindowManager: Relayout Window{e0b05b u0 NotificationShade}: viewVisibility=0 req=1080x2340 ty=2040 d0
05-25 12:31:18.472  4602  4602 I VRI[NotificationShade]@cf74c67: Relayout returned: old=(0,0,1080,2340) new=(0,0,1080,2340) relayoutAsync=true req=(1080,2340)0 dur=0 res=0x0 s={true 0xb400007209981570} ch=false seqId=486
05-25 12:31:18.473  2727  2789 D SurfaceComposerClient: setCornerRadius ## 9ac0ee8 com.forgeapps.tickday/com.forgeapps.tickday.MainActivity#232721 cornerRadius=0.000000
05-25 12:31:18.473  2727  2789 D SurfaceComposerClient: setCornerRadius ## 9ac0ee8 com.forgeapps.tickday/com.forgeapps.tickday.MainActivity#232721 cornerRadius=0.000000
05-25 12:31:18.473  2727  2789 I WindowManager: Relayout hash=e0b05b, pid=0, syncId=-1: mAttrs={(0,0)(fillxfill) gr=TOP CENTER_VERTICAL sim={adjust=pan} layoutInDisplayCutoutMode=always ty=NOTIFICATION_SHADE fmt=TRANSLUCENT
05-25 12:31:18.473  2727  2789 I WindowManager:   fl=81040048
05-25 12:31:18.473  2727  2789 I WindowManager:   pfl=10000200
05-25 12:31:18.473  2727  2789 I WindowManager:   bhv=2
05-25 12:31:18.473  2727  2789 I WindowManager:   frameRateBoostOnTouch=true
05-25 12:31:18.473  2727  2789 I WindowManager:   dvrrWindowFrameRateHint=true naviIconColor=0
05-25 12:31:18.473  2727  2789 I WindowManager:   sfl=40000}
05-25 12:31:18.475  4602  4602 W View    : requestLayout() improperly called by com.android.systemui.qs.SecQSGradationDrawableView{a4d4a9a V.E...... ......ID 0,0-1080,354 #7f0a0a16 app:id/qs_gradation_view} during layout: running second layout pass
05-25 12:31:18.475  4602  4602 W View    : requestLayout() improperly called by android.widget.FrameLayout{cbfdfcb V.E...... ......I. 0,0-1080,2340 #2} during layout: running second layout pass
05-25 12:31:18.475  4602  4602 W View    : requestLayout() improperly called by android.widget.FrameLayout{5e453a8 V.E...... ......ID 0,157-1080,2196 #7f0a0a14 app:id/qs_frame} during layout: running second layout pass
05-25 12:31:18.475  9869 10628 I NotificationImportance: Falling back to notification fields
05-25 12:31:18.475  4602  4602 W RefactorFlag: New code path expects SceneContainerFlag to be enabled.
05-25 12:31:18.475  2727  2789 D SurfaceComposerClient: setCornerRadius ## 9ac0ee8 com.forgeapps.tickday/com.forgeapps.tickday.MainActivity#232721 cornerRadius=0.000000
05-25 12:31:18.475  4602  4602 D StackScroller: HEADS_UP_DISAPPEAR addTransientView : com.android.systemui.statusbar.notification.row.ExpandableNotificationRow{de8701e VFE...C.. .......D 30,0-1050,274 #7f0a048d app:id/expandableNotificationRow}
05-25 12:31:18.476  9869 10628 W NotifFrequencyLogger: Missing frequency data when notification is being removed
05-25 12:31:18.476  2727  2789 D SurfaceComposerClient: setCornerRadius ## 9ac0ee8 com.forgeapps.tickday/com.forgeapps.tickday.MainActivity#232721 cornerRadius=0.000000
05-25 12:31:18.476  4602  4602 D PluginActionManager: startListening
05-25 12:31:18.476  4602  4776 D PluginActionManager: queryAll com.android.systemui.action.PLUGIN_NOTIFICATION_MENU_ROW
05-25 12:31:18.476  4602  4776 D PluginActionManager: Found 0 plugins
05-25 12:31:18.477  4602  4602 D PluginActionManager: stopListening
05-25 12:31:18.479  4602  4602 D StackScroller: onChildAnimationFinished clearTemporaryViews
05-25 12:31:18.479  4602  4602 I VRI[NotificationShade]@cf74c67: registerCallbackForPendingTransactions
05-25 12:31:18.480  4602  4779 I VRI[NotificationShade]@cf74c67: mWNT: t=0xb400007259c50750 mBlastBufferQueue=0xb4000072a9aab3e0 fn= 73 HdrRenderState mRenderHdrSdrRatio=1.0 caller= android.view.ViewRootImpl$10.onFrameDraw:6536 android.view.ViewRootImpl$4.onFrameDraw:2489 android.view.ThreadedRenderer$1.onFrameDraw:718 
05-25 12:31:18.480  4602  4602 I BLASTBufferQueue_Java: update, w= 1080 h= 85 mName = VRI[StatusBar]@3dab47b mNativeObject= 0xb4000072a9af1840 sc.mNativeObject= 0xb4000071e99b5710 format= -3 caller= android.view.ViewRootImpl.updateBlastSurfaceIfNeeded:3574 android.view.ViewRootImpl.relayoutWindow:11685 android.view.ViewRootImpl.performTraversals:4804 android.view.ViewRootImpl.doTraversal:3924 android.view.ViewRootImpl$TraversalRunnable.run:12903 android.view.Choreographer$CallbackRecord.run:1901 
05-25 12:31:18.480  4602  4602 I VRI[StatusBar]@3dab47b: Relayout returned: old=(0,0,1080,85) new=(0,0,1080,85) relayoutAsync=true req=(1080,85)0 dur=0 res=0x0 s={true 0xb400007209ae5d10} ch=false seqId=22
05-25 12:31:18.480  2727  5977 I WindowManager: Relayout Window{32f53c3 u0 StatusBar}: viewVisibility=0 req=1080x85 ty=2000 d0
05-25 12:31:18.480  2727  5977 D SurfaceComposerClient: setCornerRadius ## 9ac0ee8 com.forgeapps.tickday/com.forgeapps.tickday.MainActivity#232721 cornerRadius=0.000000
05-25 12:31:18.480  4602  4602 I VRI[StatusBar]@3dab47b: registerCallbackForPendingTransactions
05-25 12:31:18.480  2727  5977 I WindowManager: Cancelling animation restarting=true, leash=Surface(name=Surface(name=32f53c3 StatusBar)/@0x2d15f67 - animation-leash of insets_animation)/@0xfa2a4ee
05-25 12:31:18.480  2727  5977 I WindowManager: Reparenting to original parent: Surface(name=WindowToken{1f2b372 type=2000 android.os.BinderProxy@1750ed4})/@0xee13114, destroy=false, surface=Surface(name=32f53c3 StatusBar)/@0x2d15f67
05-25 12:31:18.480  2727  5977 I WindowManager: Reparenting to leash, surface=Surface(name=32f53c3 StatusBar)/@0x2d15f67, leashParent=Surface(name=WindowToken{1f2b372 type=2000 android.os.BinderProxy@1750ed4})/@0xee13114
05-25 12:31:18.480  2269  3143 I SurfaceFlinger: id=232778 createSurf, flag=24000, Surface(name=32f53c3 StatusBar)/@0x2d15f67 - animation-leash of insets_animation#232778
05-25 12:31:18.480  2727  5977 D WindowManager: makeSurface duration=0 leash=Surface(name=Surface(name=32f53c3 StatusBar)/@0x2d15f67 - animation-leash of insets_animation)/@0x9db1199
05-25 12:31:18.480  4602  4780 I VRI[StatusBar]@3dab47b: mWNT: t=0xb400007259bf06d0 mBlastBufferQueue=0xb4000072a9af1840 fn= 495645 HdrRenderState mRenderHdrSdrRatio=1.0 caller= android.view.ViewRootImpl$10.onFrameDraw:6536 android.view.ViewRootImpl$4.onFrameDraw:2489 android.view.ThreadedRenderer$1.onFrameDraw:718 
05-25 12:31:18.480  2269  2269 I SurfaceFlinger: [Surface(name=32f53c3 StatusBar)/@0x2d15f67 - animation-leash of insets_animation#232778] attach to parent LayerHierarchy{RequestedLayerState{WindowToken{1f2b372 type=2000 android.os.BinderProxy@1750ed4}#101 parentId=17} 2 children}
05-25 12:31:18.480  4602  4602 I LockscreenNotificationIconsOnlyController: onNotificationInfoUpdated 0
05-25 12:31:18.481  4602  4602 I AODNotificationManager: updateNotification() 
05-25 12:31:18.481  2727  5977 D InsetsSourceProvider: updateControlForTarget: control=InsetsSourceControl: {c40a0000 mType=statusBars initiallyVisible mSurfacePosition=Point(0, 0) mInsetsHint=Insets{left=0, top=85, right=0, bottom=0}}, target=Window{9ac0ee8 u0 com.forgeapps.tickday/com.forgeapps.tickday.MainActivity}, from=com.android.server.wm.InsetsStateController.onControlTargetChanged:83 com.android.server.wm.InsetsPolicy.updateBarControlTarget:212 com.android.server.wm.DisplayPolicy.updateSystemBarAttributes:262 com.android.server.wm.DisplayPolicy.finishPostLayoutPolicyLw:17 com.android.server.wm.RootWindowContainer.applySurfaceChangesTransaction$1:195 
05-25 12:31:18.481  2727  5977 D InsetsSourceProvider: updateFakeControlTarget: fakeControl=InsetsSourceControl: {c40a0000 mType=statusBars mSurfacePosition=Point(0, 0) mInsetsHint=Insets{left=0, top=0, right=0, bottom=0}}, fakeTarget=null
05-25 12:31:18.481  2727  5977 D SurfaceComposerClient: setCornerRadius ## 9ac0ee8 com.forgeapps.tickday/com.forgeapps.tickday.MainActivity#232721 cornerRadius=0.000000
05-25 12:31:18.482  2727  5977 I WindowManager: Relayout hash=32f53c3, pid=0, syncId=-1: mAttrs={(0,0)(fillx85) gr=TOP CENTER_VERTICAL sim={adjust=pan} layoutInDisplayCutoutMode=always ty=STATUS_BAR fmt=TRANSLUCENT
05-25 12:31:18.482  2727  5977 I WindowManager:   fl=81000008
05-25 12:31:18.482  2727  5977 I WindowManager:   pfl=11000000
05-25 12:31:18.482  2727  5977 I WindowManager:   bhv=1
05-25 12:31:18.482  2727  5977 I WindowManager:   providedInsets:
05-25 12:31:18.482  2727  5977 I WindowManager:     InsetsFrameProvider: {id=#c40a0000, index=0, type=statusBars, source=FRAME, flags=[], insetsSize=Insets{left=0, top=85, right=0, bottom=0}}
05-25 12:31:18.482  2727  5977 I WindowManager:     InsetsFrameProvider: {id=#c40a0006, index=0, type=tappableElement, source=FRAME, flags=[], insetsSize=Insets{left=0, top=85, right=0, bottom=0}}
05-25 12:31:18.482  2727  5977 I WindowManager:     InsetsFrameProvider: {id=#c40a0005, index=0, type=mandatorySystemGestures, source=FRAME, flags=[], mMinimalInsetsSizeInDisplayCutoutSafe=Insets{left=0, top=36, right=0, bottom=0}}
05-25 12:31:18.482  2727  5977 I WindowManager:   frameRateBoostOnTouch=true
05-25 12:31:18.482  2727  5977 I WindowManager:   dvrrWindowFrameRateHint=true
05-25 12:31:18.482  2727  5977 I WindowManager:   paramsForRotation:
05-25 12:31:18.482  2727  5977 I WindowManager:     ROTATION_0={(0,0)(fillx85) gr=TOP CENTER_VERTICAL layoutInDisplayCutoutMode=always ty=STATUS_BAR fmt=TRANSLUCENT
05-25 12:31:18.482  2727  5977 I WindowManager:       fl=80000008
05-25 12:31:18.482  2727  5977 I WindowManager:       pfl=11000000
05-25 12:31:18.482  2727  5977 I WindowManager:       bhv=1
05-25 12:31:18.482  2727  5977 I WindowManager:       providedInsets:
05-25 12:31:18.482  2727  5977 I WindowManager:         InsetsFrameProvider: {id=#c40a0000, index=0, type=statusBars, source=FRAME, flags=[], insetsSize=Insets{left=0, top=85, right=0, bottom=0}}
05-25 12:31:18.482  2727  5977 I WindowManager:         InsetsFrameProvider: {id=#c40a0006, index=0, type=tappableElement, source=FRAME, flags=[], insetsSize=Insets{left=0, top=85, right=0, bottom=0}}
05-25 12:31:18.482  2727  5977 I WindowManager:         InsetsFrameProvider: {id=#c40a0005, index=0, type=mandatorySystemGestures, source=FRAME, flags=[], insetsSize=Insets{left=0, top=85, right=0, bottom=0}, mMinimalInsetsSizeInDisplayCutoutSafe=Insets{left=0, top=36, right=0, bottom=0}}
05-25 12:31:18.482  2727  5977 I WindowManager:       frameRateBoostOnTouch=true
05-25 12:31:18.482  2727  5977 I WindowManager:       dvrrWindowFrameRateHint=true naviIconColor=0}
05-25 12:31:18.482  2727  5977 I WindowManager:     ROTATION_90={(0,0)(fillx90) gr=TOP CENTER_VERTICAL layoutInDisplayCutoutMode=always ty=STATUS_BAR fmt=TRANSLUCENT
05-25 12:31:18.482  2727  5977 I WindowManager:       fl=80000008
05-25 12:31:18.482  2727  5977 I WindowManager:       pfl=11000000
05-25 12:31:18.482  2727  5977 I WindowManager:       bhv=1
05-25 12:31:18.482  2727  5977 I WindowManager:       providedInsets:
05-25 12:31:18.482  2727  5977 I WindowManager:         InsetsFrameProvider: {id=#c40a0000, index=0, type=statusBars, source=FRAME, flags=[], insetsSize=Insets{left=0, top=90, right=0, bottom=0}}
05-25 12:31:18.482  2727  5977 I WindowManager:         InsetsFrameProvider: {id=#c40a0006, index=0, type=tappableElement, source=FRAME, flags=[], insetsSize=Insets{left=0, top=90, right=0, bottom=0}}
05-25 12:31:18.482  2727  5977 I WindowManager:         InsetsFrameProvider: {id=#c40a0005, index=0, type=mandatorySystemGestures, source=FRAME, flags=[], insetsSize=Insets{left=0, top=90, right=0, bottom=0}, mMinimalInsetsSizeInDisplayCutoutSafe=Insets{left=0, top=36, right=0, bottom=0}}
05-25 12:31:18.482  2727  5977 I WindowManager:       frameRateBoostOnTouch=true
05-25 12:31:18.482  2727  5977 I WindowManager:       dvrrWindowFrameRateHint=true naviIconColor=0}
05-25 12:31:18.482  2727  5977 I WindowManager:     ROTATION_180={(0,0)(fillx85) gr=TOP CENTER_VERTICAL layoutInDisplayCutoutMode=always ty=STATUS_BAR fmt=TRANSLUCENT
05-25 12:31:18.482  2727  5977 I WindowManager:       fl=80000008
05-25 12:31:18.482  2727  5977 I WindowManager:       pfl=11000000
05-25 12:31:18.482  2727  5977 I WindowManager:       bhv=1
05-25 12:31:18.482  2727  5977 I WindowManager:       providedInsets:
05-25 12:31:18.482  2727  5977 I WindowManager:         InsetsFrameProvider: {id=#c40a0000, index=0, type=statusBars, source=FRAME, flags=[], insetsSize=Insets{left=0, top=85, right=0, bottom=0}}
05-25 12:31:18.482  2727  5977 I WindowManager:         InsetsFrameProvider: {id=#c40a0006, index=0, type=tappableElement, source=FRAME, flags=[], insetsSize=Insets{left=0, top=85, right=0, bottom=0}}
05-25 12:31:18.482  2727  5977 I WindowManager:         InsetsFrameProvider: {id=#c40a0005, index=0, type=mandatorySystemGestures, source=FRAME, flags=[], insetsSize=Insets{left=0, top=85, right=0, bottom=0}, mMinimalInsetsSizeInDisplayCutoutSafe=Insets{left=0, top=36, right=0, bottom=0}}
05-25 12:31:18.482  2727  5977 I WindowManager:       frameRateBoostOnTouch=true
05-25 12:31:18.482  2727  5977 I WindowManager:       dvrrWindowFrameRateHint=true naviIconColor=0}
05-25 12:31:18.482  2727  5977 I WindowManager:     ROTATION_270={(0,0)(fillx90) gr=TOP CENTER_VERTICAL layoutInDisplayCutoutMode=always ty=STATUS_BAR fmt=TRANSLUCENT
05-25 12:31:18.482  2727  5977 I WindowManager:       fl=80000008
05-25 12:31:18.482  2727  5977 I WindowManager:       pfl=11000000
05-25 12:31:18.482  2727  5977 I WindowManager:       bhv=1
05-25 12:31:18.482  2727  5977 I WindowManager:       providedInsets:
05-25 12:31:18.482  2727  5977 I WindowManager:         InsetsFrameProvider: {id=#c40a0000, index=0, type=statusBars, source=FRAME, flags=[], insetsSize=Insets{left=0, top=90, right=0, bottom=0}}
05-25 12:31:18.482  2727  5977 I WindowManager:         InsetsFrameProvider: {id=#c40a0006, index=0, type=tappableElement, source=FRAME, flags=[], insetsSize=Insets{left=0, top=90, right=0, bottom=0}}
05-25 12:31:18.482  2727  5977 I WindowManager:         InsetsFrameProvider: {id=#c40a0005, index=0, type=mandatorySystemGestures, source=FRAME, flags=[], insetsSize=Insets{left=0, top=90, right=0, bottom=0}, mMinimalInsetsSizeInDisplayCutoutSafe=Insets{left=0, top=36, right=0, bottom=0}}
05-25 12:31:18.482  2727  5977 I WindowManager:       frameRateBoostOnTouch=true
05-25 12:31:18.482  2727  5977 I WindowManager:       dvrrWindowFrameRateHint=true naviIconColor=0} naviIconColor=0}
05-25 12:31:18.482  4602  4602 D QuickPanelLog: SC | makeExpandedInvisible
05-25 12:31:18.482  4602  4602 D QuickPanelLog:  - com.android.systemui.shade.ShadeControllerImpl.makeExpandedInvisible:22
05-25 12:31:18.482  4602  4602 D QuickPanelLog:  - com.android.systemui.statusbar.phone.CentralSurfacesImpl$$ExternalSyntheticLambda30.run:90
05-25 12:31:18.482  4602  4602 D QuickPanelLog:  - android.os.Handler.handleCallback:995
05-25 12:31:18.482  4602  4602 D QuickPanelLog:  - android.os.Handler.dispatchMessage:103
05-25 12:31:18.482  4602  4602 D QuickPanelLog:  - android.os.Looper.loopOnce:273
05-25 12:31:18.482  4602  4602 D QuickPanelLog:  - android.os.Looper.loop:363
05-25 12:31:18.482  4602  4602 D QuickPanelLog:  - android.app.ActivityThread.main:10060
05-25 12:31:18.482  4602  4602 D QuickPanelLog:  - java.lang.reflect.Method.invoke:-2
05-25 12:31:18.482  4602  4602 D QuickPanelLog:  - com.android.internal.os.RuntimeInit$MethodAndArgsCaller.run:632
05-25 12:31:18.482  4602  4602 D QuickPanelLog:  - com.android.internal.os.ZygoteInit.main:975
05-25 12:31:18.482  4602  4602 D KeyguardSecAffordanceView: Cancel reset keyguard not showing LeftShortcut
05-25 12:31:18.482  4602  4602 D KeyguardSecAffordanceView: Cancel reset keyguard not showing RightShortcut
05-25 12:31:18.482  4602  4602 D KeyguardTouchAnimator: reset unlockExecuted=false
05-25 12:31:18.482  4602  4602 D KeyguardEditModeAnimatorController: reset false
05-25 12:31:18.482  4602  4602 D KeyguardEditModeAnimatorController: long pressed false
05-25 12:31:18.482  4602  4602 D KeyguardEditModeAnimatorController: resetViews
05-25 12:31:18.482  4602  4602 D KeyguardEditModeController: cancel() true
05-25 12:31:18.482  4602  4602 D KeyguardTouchAnimator: resetChildViewVI(): isUnlockExecuted=false scale=1.0
05-25 12:31:18.483  4602  4602 I PluginFaceWidgetManager: isEditMode = false
05-25 12:31:18.483  4602  4602 I NowBarCardViewModel: shouldDisableNowBar barState is not keyguard 
05-25 12:31:18.483  2231  3299 I SoundBooster_Interface2000_a64: Exe_2() mInstanceID: 0, mMode: 2,  samples: 960, VolumeIndexInt: 0, mSamplingRate: 48000, SED class: SED_CLASS_PIANO, PP class: SED_CLASS_PIANO
05-25 12:31:18.484  4602  4602 D PanelSplitOpenAnimator: onPanelExpansionChanged : 0.0 state : 0
