05-25 12:36:53.132  4602 29755 V MediaPlayer: cleanDrmObj: mDrmObj=null mDrmSessionId=null
05-25 12:36:53.132  4602 29755 V MediaPlayer-JNI: release
05-25 12:36:53.132  4602 29755 V MediaPlayerNative: setListener
05-25 12:36:53.132  4602 29755 V MediaPlayerNative: disconnect
05-25 12:36:53.133  2841  2841 V MediaPlayerService: disconnect(12526) from AttributionSource AttributionSourceState{pid: 4602, uid: 10048, deviceId: 0, packageName: com.android.systemui, attributionTag: (null), token: binder:0xb40000724850ca00, renouncedPermissions: [], next: []}
05-25 12:36:53.133  2841  2841 D NuPlayerDriver: reset(0xb4000072784f08c0) at state 6
05-25 12:36:53.133  2841  2841 V NuPlayerDriver: updateMetrics(0xb4000072784f08c0) from reset at state 6
05-25 12:36:53.133  2841  2841 V NuPlayer: updateInternalTimers()
05-25 12:36:53.133  2841  2841 V NuPlayer: updatePlaybackTimer(snap)  time                    0 (updateInternalTimers)
05-25 12:36:53.133  2841  2841 V NuPlayer: updateRebufferingTimer(snap)  time                    0 (exiting 0)
05-25 12:36:53.133  2841  2841 V NuPlayerDriver: logMetrics(0xb4000072784f08c0) from reset at state 6
05-25 12:36:53.133  4602  5424 D SoundCraft.PlayingAudioConditionHandler: onPlaybackConfigChanged : lastStartedPackageName=null, lastStartedUid=-1, newStartedUid=-1, newStartPackageName=null, thread=Thread[RoutineHandlerThread,5,main]
05-25 12:36:53.133  2841 29757 V NuPlayer: kWhatReset
05-25 12:36:53.133  2841 29757 I MediaMonitor: stop time 925137064912
05-25 12:36:53.133  2841 29757 V NuPlayer: setDecoderBooster enable = No
05-25 12:36:53.133  2841 29757 V NuPlayer: updatePlaybackTimer(stop)  time                    0 (kWhatReset)
05-25 12:36:53.133  2841 29757 V NuPlayer: updateRebufferingTimer(stop)  time                    0 (exiting 1)
05-25 12:36:53.133  2841 29757 V NuPlayer: performDecoderFlush audio=2, video=2
05-25 12:36:53.133  2841 29757 V NuPlayer: [audio] flushDecoder needShutdown=1
05-25 12:36:53.133  2841 29757 V NuPlayer: postponing action mFlushingAudio=2, mFlushingVideo=0
05-25 12:36:53.133  2841 29773 I NuPlayerRenderer: flush audio, notifyComplete 1, shutdown Yes
05-25 12:36:53.133  2841 29772 I NuPlayerRenderer: flushing audio
05-25 12:36:53.133  2841 29772 I NuPlayerRenderer: onFlush mAudioDrainGeneration : 2
05-25 12:36:53.133  2841 29772 V AudioSink: flush
05-25 12:36:53.134  2841 29772 V AudioSink: stop
05-25 12:36:53.134  2841 29773 D NuPlayerRenderer: signalTimeDiscontinuity() mHasAudio = 0 , mHasVideo = 0
05-25 12:36:53.134  2841 29774 I CCodec  : [c2.sec.mp3.decoder] state->set(FLUSHING)
05-25 12:36:53.134  2841 29757 V NuPlayer: renderer audio flush completed.
05-25 12:36:53.134  2841 29774 I CCodec  : [c2.sec.mp3.decoder] state->set(FLUSHED)
05-25 12:36:53.134  2841 29757 V NuPlayer: decoder audio flush completed
05-25 12:36:53.134  2841 29757 V NuPlayer: initiating audio decoder shutdown
05-25 12:36:53.134  2841 29774 I CCodec  : [c2.sec.mp3.decoder] state->set(RELEASING)
05-25 12:36:53.134  2841 29780 I CCodec  : [release][3405] component -> surface
05-25 12:36:53.135  2841 29757 V NuPlayer: audio shutdown completed
05-25 12:36:53.135  2841 29757 V NuPlayer: both audio and video are flushed now.
05-25 12:36:53.135  2841 29757 V NuPlayer: performReset
05-25 12:36:53.135  2841 29757 V NuPlayer: updatePlaybackTimer(stop)  time                    0 (performReset)
05-25 12:36:53.135  2841 29757 V NuPlayer: updateRebufferingTimer(stop)  time                    0 (exiting 1)
05-25 12:36:53.135  2841 29757 D NuPlayerDriver: notifyResetComplete(0xb4000072784f08c0)
05-25 12:36:53.135  2841  2841 V NuPlayerDriver: ~NuPlayerDriver(0xb4000072784f08c0)
05-25 12:36:53.135  2841 29780 I CCodec  : [c2.sec.mp3.decoder] state->set(RELEASED)
05-25 12:36:53.135  2841 29774 I Codec2Client: Component destructing
05-25 12:36:53.135  2841  2841 V NuPlayerDriver: updateMetrics(0xb4000072784f08c0) from destructor at state 0
05-25 12:36:53.135  2841  2841 V NuPlayer: updateInternalTimers()
05-25 12:36:53.135  2841  2841 V NuPlayer: updatePlaybackTimer(snap)  time                    0 (updateInternalTimers)
05-25 12:36:53.135  2841  2841 V NuPlayer: updateRebufferingTimer(snap)  time                    0 (exiting 0)
05-25 12:36:53.135  2841  2841 V NuPlayerDriver: logMetrics(0xb4000072784f08c0) from destructor at state 0
05-25 12:36:53.135  2841  2841 V NuPlayerDriver: nothing to record (only 3 fields)
05-25 12:36:53.135  2139  3067 I BpBinder: onLastStrongRef automatically unlinking death recipients: android.hardware.media.bufferpool2.IClientManager
05-25 12:36:53.135  2841  2841 V MediaPlayerService: Client(12526) destructor AttributionSource = AttributionSourceState{pid: 4602, uid: 10048, deviceId: 0, packageName: com.android.systemui, attributionTag: (null), token: binder:0xb40000724850ca00, renouncedPermissions: [], next: []}
05-25 12:36:53.135  2841  2841 V MediaPlayerService: disconnect(12526) from AttributionSource AttributionSourceState{pid: 4602, uid: 10048, deviceId: 0, packageName: com.android.systemui, attributionTag: (null), token: binder:0xb40000724850ca00, renouncedPermissions: [], next: []}
05-25 12:36:53.135  4602 29755 V MediaPlayerNative: destructor
05-25 12:36:53.135  2841 29774 I MediaCodec: Codec shutdown complete
05-25 12:36:53.136  2139  3067 D AidlBufferPool: Destruction - bufferpool2 0xb4000073d3cc80a8 cached: 0/0M, 0/0% in use; allocs: 0, 0% recycled; transfers: 0, 0% unfetched
05-25 12:36:53.136  2841 29773 I NuPlayerDecoder: kWhatAsyncReleaseComplete
05-25 12:36:53.136  2139  3067 I C2SecMp3Dec: in DestroyCodec2Factory
05-25 12:36:53.136  4602 29755 V MediaPlayerNative: disconnect
05-25 12:36:53.136  2841 29773 I CCodecBufferChannel: CCodecBufferChannel destructing c2.sec.mp3.decoder#115
05-25 12:36:53.136  2841 29773 V AudioSink: +++ close
05-25 12:36:53.136  2841 29773 V AudioSink: --- close
05-25 12:36:53.137  2841 29773 W AMessage: failed to post message as target looper for handler 0 is gone.
05-25 12:36:53.177  2231  3299 I SoundBoosterEffectPlus: SB_setVolume(0xb400007da74f8ed0)
05-25 12:36:53.177  2231  3299 I SoundBoosterEffectPlus: command EFFECT_CMD_SET_VOLUME left = 0.000000, right =0.000000
05-25 12:36:53.177  2231  3299 I SoundBooster_Interface2000_a64: BuffClear() mInstanceID: 0, mMode: 2, iSED_inst_addr:0xb400007f9e2fa630
05-25 12:36:53.177  2231  3299 I SoundBoosterEffectPlus: SB_reset SoundBooster sessionId(-1301)
05-25 12:36:53.177  2231  3299 I SAG_EQ a64: SetVolumeFloat() inst_num [1804289383] VolumeFloat [-100.000000] mModeFW [2] mMode [2]
05-25 12:36:53.177  2231  3299 I SAG_EQ a64: mIsVolumeTableValid yes 
05-25 12:36:53.177  2231  3299 I SAG_EQ a64: SetVolume() VolumeIndexInt [1] 
05-25 12:36:53.178  2231  3258 V APM_AudioPolicyManager: stopOutput portId 28373
05-25 12:36:53.178  2231  3258 V APM_AudioPolicyManager: stopOutput() output 13, stream 5, session 186625
05-25 12:36:53.178  2231  3258 V APM_AudioPolicyManager: setBeaconMute(1) mBeaconMuteRefCount=4 mBeaconPlayingRefCount=0
05-25 12:36:53.178 11831 13169 D PipelineWatcher: onInputBufferReleased: frameIndex not found (64893); ignored
05-25 12:36:53.178  2231  3258 V APM_AudioPolicyManager: getNewOutputDevices selected devices AUDIO_DEVICE_NONE
05-25 12:36:53.178  2231  3258 V APM_AudioPolicyManager: setOutputDevices caller stopSource[[portId:1][io:13, primary_out]] device AUDIO_DEVICE_NONE delayMs 218
05-25 12:36:53.179  2231  3258 V APM_AudioPolicyManager: setOutputDevices caller stopSource[[portId:1][io:13, primary_out]] setting same device AUDIO_DEVICE_NONE or null device, force=0, patch handle=28246
05-25 12:36:53.179  2231  3258 V APM_AudioPolicyManager: releaseOutput portId 28373
05-25 12:36:53.179  2231  3258 V APM_AudioPolicyManager: releaseOutput() 13
05-25 12:36:53.188  2231  3299 I SoundAlive_SRC384 arch64: ~SoundAlive_SRC384(): instance 5983
05-25 12:36:53.212  2108  6508 I vendor.qti.bluetooth@1.0-ibs_handler: ProcessIbsCmd: Received IBS_WAKE_IND: 0xFD
05-25 12:36:53.212  2108  6508 D vendor.qti.bluetooth@1.0-ibs_handler: SerialClockVote: vote for UART CLK ON
05-25 12:36:53.212  2108  6508 D vendor.qti.bluetooth@1.0-wake_lock: Acquire wakelock is acquired 
05-25 12:36:53.212  2108  6508 I vendor.qti.bluetooth@1.0-ibs_handler: ProcessIbsCmd: Writing IBS_WAKE_ACK
05-25 12:36:53.219  4933  6574 I ScanController: onScanResult to scannerId: 12- eventType=0x0, addressType=1, address=XX:XX:XX:XX:79:E7, primaryPhy=1, secondaryPhy=1, advertisingSid=0x3, txPower=127, rssi=-93, periodicAdvInt=0x0
05-25 12:36:53.221  4933  6574 I ScanController: onScanResult to scannerId: 12- eventType=0x10, addressType=1, address=XX:XX:XX:XX:AE:13, primaryPhy=1, secondaryPhy=0, advertisingSid=0xff, txPower=127, rssi=-79, periodicAdvInt=0x0
05-25 12:36:53.261  2108  6508 I vendor.qti.bluetooth@1.0-ibs_handler: ProcessIbsCmd: Received IBS_SLEEP_IND: 0xFE
05-25 12:36:53.261  2108  6508 D vendor.qti.bluetooth@1.0-ibs_handler: SerialClockVote: vote for UART CLK OFF
05-25 12:36:53.276  2154 11894 I DMABUFHEAPS: Using DMA-BUF heap named: qcom,system
05-25 12:36:53.276  2154 11894 I DMABUFHEAPS: Using DMA-BUF heap named: qcom,system
05-25 12:36:53.276  2154 11894 I DMABUFHEAPS: Using DMA-BUF heap named: qcom,system
05-25 12:36:53.276  2154 11894 I DMABUFHEAPS: Using DMA-BUF heap named: qcom,system
05-25 12:36:53.278 11831 13169 D PipelineWatcher: onInputBufferReleased: frameIndex not found (64894); ignored
05-25 12:36:53.378 11831 13169 D PipelineWatcher: onInputBufferReleased: frameIndex not found (64895); ignored
05-25 12:36:53.409  2727  3877 D VibrationThread: Playing vibration id 156130 on vibrator 0 SetAmplitudeVibratorStep
05-25 12:36:53.409  2727  3877 D VibrationThread: Running amplitude step with 1ms latency.
05-25 12:36:53.409  2727  3877 D VibrationThread: Playing vibration id 156130 on vibrator 0 SetAmplitudeVibratorStep
05-25 12:36:53.409  2727  3877 D VibrationThread: Running amplitude step with 1ms latency.
05-25 12:36:53.409  2727  3877 D VibrationThread: Playing vibration id 156130 on vibrator 0 CompleteEffectVibratorStep
05-25 12:36:53.409  2727  3877 D VibrationThread: Running complete vibration step on vibrator 0
05-25 12:36:53.411  2108  5425 D vendor.qti.bluetooth@1.0-wake_lock: Release wakelock is released 
05-25 12:36:53.419  2727 14426 D VibratorManagerService: Vibration 156130 step 0 on vibrator 0 complete, notifying thread
05-25 12:36:53.419  2727 14426 D VibrationThread: Vibration complete reported by vibrator 0
05-25 12:36:53.419  2727  3877 D VibrationThread: Received completion callback from 0, accepted = true
05-25 12:36:53.419  2727  3877 D VibrationThread: Playing vibration id 156130 on vibrator 0 TurnOffVibratorStep
05-25 12:36:53.419  2727  3877 D VibrationThread: Turning off vibrator 0
05-25 12:36:53.419  2166  2166 E SecVibrator-HAL-AIDL-CORE: V_2_0: Vibrator off
05-25 12:36:53.419  2166  2166 E SecVibrator-HAL-AIDL-CORE: HW_API: do_off
05-25 12:36:53.419  2166  2166 E SecVibrator-HAL-AIDL-CORE: HW_API: [triggerForceFeedbackVibration]on: 0
05-25 12:36:53.420  2727  3877 D VibrationThread: Vibration 156130 finished with EndInfo{status=FINISHED, endedBy=null}
05-25 12:36:53.420  2727  3877 D VibrationThread: Playing vibration id 156130 FinishSequentialEffectStep (cleanup)
05-25 12:36:53.420  2727  3877 D VibrationThread: FinishSequentialEffectStep for effect #0
05-25 12:36:53.420  2727  3877 D VibratorManagerService: VibrationThread released vibration 156130
05-25 12:36:53.420  2727  3877 D VibratorManagerService: Finish AppOp mode VIBRATE for uid 1000 and package android
05-25 12:36:53.420  2727  3877 D VibratorManagerService: Vibration for uid=1000 and with attrs=VibrationAttributes{mUsage=NOTIFICATION, mAudioUsage= USAGE_UNKNOWN, mFlags=0, tags=} ended with status FINISHED
05-25 12:36:53.478  2154 11894 I DMABUFHEAPS: Using DMA-BUF heap named: qcom,system
05-25 12:36:53.478  2154 11894 I DMABUFHEAPS: Using DMA-BUF heap named: qcom,system
05-25 12:36:53.478  2154 11894 I DMABUFHEAPS: Using DMA-BUF heap named: qcom,system
05-25 12:36:53.478  2154 11894 I DMABUFHEAPS: Using DMA-BUF heap named: qcom,system
05-25 12:36:53.480 11831 13169 D PipelineWatcher: onInputBufferReleased: frameIndex not found (64896); ignored
05-25 12:36:53.492  2124  4700 I sensors-hal: handle_sns_client_event:379, [0][13924989] accel_sample [ 0.024, -0.017,  9.813] 1774517090883225
05-25 12:36:53.551  2250  2326 E HeatmapThread: ECT Thread time in milliseconds: 1779680213
05-25 12:36:53.553  2250  2326 D HeatmapThread: !@ batteryplugType : 2
05-25 12:36:53.553  2250  2326 D HeatmapThread: !@ batteryLevel : 76  batteryTemperature : 375 
05-25 12:36:53.553  2250  2326 D HeatmapThread: !@ Heatmap currtime: 29661336
05-25 12:36:53.553  2250  2326 D HeatmapThread: !@ Heatmap prevtime: 29661309
05-25 12:36:53.553  2250  2326 D HeatmapThread: !@ Heatmap plugstarttime: 29661249
05-25 12:36:53.553  2250  2326 D HeatmapThread: !@ Heatmap prevv_dsoh_update_time: 29661309
05-25 12:36:53.553  2250  2326 E HeatmapThread: !@ CAM New BSOH: 100
05-25 12:36:53.553  2250  2326 E HeatmapThread: !@ CAM is Working
05-25 12:36:53.579 11831 13169 D PipelineWatcher: onInputBufferReleased: frameIndex not found (64897); ignored
05-25 12:36:53.609  4602  4602 W SecNotificationShadeWindowStateInteractor: SHADE : shadeOrQsExpanded: false => VISIBLE
05-25 12:36:53.609  4602  4602 W SecNotificationShadeWindowStateInteractor: 	bouncerShowing: false, headsUpNotificationShowing: true, keyguardFadingAway: false, keyguardGoingAway: false, lightRevealScrimOpaque: false, qsExpanded: false
05-25 12:36:53.680  2154 11894 I DMABUFHEAPS: Using DMA-BUF heap named: qcom,system
05-25 12:36:53.680  2154 11894 I DMABUFHEAPS: Using DMA-BUF heap named: qcom,system
05-25 12:36:53.680  2154 11894 I DMABUFHEAPS: Using DMA-BUF heap named: qcom,system
05-25 12:36:53.680  2154 11894 I DMABUFHEAPS: Using DMA-BUF heap named: qcom,system
05-25 12:36:53.681 11831 13169 D PipelineWatcher: onInputBufferReleased: frameIndex not found (64898); ignored
05-25 12:36:53.723  2124 16773 I sensors-hal: handle_sns_std_sensor_event:408, [SSC_LIGHT] P: 127(127),c:199,b:70,m:13,cl:34,l:128,s:108,l0:22496,l1:544,s0:14500,s1:0,acl:1,opr:0.87,f(r):108,u(bl):100,if:108,wi:0,si:0,0(N:0)
05-25 12:36:53.830  2135 29767 I HYPER-HAL: [RequestManager.cpp]releaseLocked(): Released ID : 5345815
05-25 12:36:54.111  4602  4602 W SecNotificationShadeWindowStateInteractor: SHADE : shadeOrQsExpanded: false => VISIBLE
05-25 12:36:54.111  4602  4602 W SecNotificationShadeWindowStateInteractor: 	bouncerShowing: false, headsUpNotificationShowing: true, keyguardFadingAway: false, keyguardGoingAway: false, lightRevealScrimOpaque: false, qsExpanded: false
05-25 12:36:54.141  2154 11322 I StatsHandler: [avcD_26] Stats: Pending(0) i/p-done(0) Works: Q: 370/Done 359|Work-Rate: Q(0.0/s Avg=0.0/s) Done(0.000/s Avg=0.044/s)| Stream: 30.00fps 170.1Kbps
05-25 12:36:54.141  2154 11322 I StatsHandler: [avcD_26] Mem-usage:  [In-1D: 19 bufs 152.000 MB] [1D-8378: 33 bufs 0.516 MB] [2D-8379: 17 bufs 13.547 MB] | Total: 166.062 MB
05-25 12:36:54.141  2154 11322 I StatsHandler: [avcE_43] Stats: Pending(0) i/p-done(0) Works: Q: 64899/Done 64899|Work-Rate: Q(3.9/s Avg=12.5/s) Done(94.267/s Avg=12.483/s)| Stream: 10.00fps 109.8Kbps
05-25 12:36:54.141  2154 11322 I StatsHandler: [avcE_43] Mem-usage:  [In-2D: 18 bufs 175.852 MB] [1D-8416: 64 bufs 1.000 MB] [1D-8417: 65 bufs 118.320 MB] | Total: 295.172 MB
05-25 12:36:54.170  2727  6323 D MotionRecognitionService: inject vibrator info = 0.0
05-25 12:36:54.171  2124  2124 I sensors-hal: inject_sensor_data:309, accel - vib_onoff: 0
05-25 12:36:54.171  2124  2124 I sensors-hal: inject_sensor_data:315, write vib_onoff: 0
05-25 12:36:54.171  2222  2222 I SSC_DAEMON: handleSensorTestReqMsg:88, Sensor type :0, Msg type:3
05-25 12:36:54.174  2222  4237 I SSC_DAEMON: accelMotorStateEvent:102, main: 1, 0
05-25 12:36:54.174  2222  4237 I SSC_DAEMON: ledCoverEventMotorEvent:24, motor: 0
05-25 12:36:54.550  2727  4389 I BatteryService_BatteryPropertiesRegistrar: [getProperty]id:6
05-25 12:36:54.550  2727  4389 I BatteryService_BatteryPropertiesRegistrar: [getProperty]prop.long:-9223372036854775808 ,prop.string:null
05-25 12:36:54.550  2727  4389 I BatteryService_BatteryPropertiesRegistrar: [getProperty]id:4
05-25 12:36:54.551  2727  4389 I BatteryService_BatteryPropertiesRegistrar: [getProperty]prop.long:-9223372036854775808 ,prop.string:null
05-25 12:36:54.551  2727  4389 I SemWifiIntelligentTrainingManager: Tr. cond. check: true / 1 (2) / true / 2 (1)
05-25 12:36:54.551  2727  4389 I BatteryService_BatteryPropertiesRegistrar: [getProperty]id:6
05-25 12:36:54.551  2727  4389 I BatteryService_BatteryPropertiesRegistrar: [getProperty]prop.long:-9223372036854775808 ,prop.string:null
05-25 12:36:54.552  2727  4389 I BatteryService_BatteryPropertiesRegistrar: [getProperty]id:4
05-25 12:36:54.552  2727  4389 I BatteryService_BatteryPropertiesRegistrar: [getProperty]prop.long:-9223372036854775808 ,prop.string:null
05-25 12:36:54.552  2250  2326 E HeatmapThread: ECT Thread time in milliseconds: 1779680214
05-25 12:36:54.554  2250  2326 D HeatmapThread: !@ batteryplugType : 2
05-25 12:36:54.554  2250  2326 D HeatmapThread: !@ batteryLevel : 76  batteryTemperature : 375 
05-25 12:36:54.554  2250  2326 D HeatmapThread: !@ Heatmap currtime: 29661336
05-25 12:36:54.554  2250  2326 D HeatmapThread: !@ Heatmap prevtime: 29661309
05-25 12:36:54.554  2250  2326 D HeatmapThread: !@ Heatmap plugstarttime: 29661249
05-25 12:36:54.554  2250  2326 D HeatmapThread: !@ Heatmap prevv_dsoh_update_time: 29661309
05-25 12:36:54.555  2250  2326 E HeatmapThread: !@ CAM New BSOH: 100
05-25 12:36:54.555  2250  2326 E HeatmapThread: !@ CAM is Working
05-25 12:36:54.558  2727  4424 D WifiConnectivityMonitor.NetworkStatsAnalyzer: Backhaul result - RSSI:-34, CE:23, PE:26, TI:33, PTI:36, TW:31, PTW:48, Tx:37, Rx:39, TxS:33, RxS:37, RESULT:true, IC:0, ICT:5, WC:0, WCT:5, R:0, RC:0, IE:0, EC:0
05-25 12:36:54.612  4602  4602 W SecNotificationShadeWindowStateInteractor: SHADE : shadeOrQsExpanded: false => VISIBLE
05-25 12:36:54.612  4602  4602 W SecNotificationShadeWindowStateInteractor: 	bouncerShowing: false, headsUpNotificationShowing: true, keyguardFadingAway: false, keyguardGoingAway: false, lightRevealScrimOpaque: false, qsExpanded: false
05-25 12:36:54.624  2160  3185 I thermal_core: pivot(AP) : 428, skin : 394
05-25 12:36:54.654  2127  4962 D AHAL_ModulePrimary_QTI: getVendorParameters: id count: 1
05-25 12:36:54.657  2127  4962 I PAL: PayloadBuilder: payloadTISPConfig: 4689: payloadInfo for TI Speakerprotection for parm_id 0x10010ee4 3812
05-25 12:36:54.658  2127  4962 I PAL: SpeakerProtectionTI: smartpa_get_temp: 2099: [TI-SmartPA] Get TAS_SA_GET_TV temp 17825744(33.999908) for channel 0
05-25 12:36:54.658  2127  4962 I PAL: SpeakerProtectionTI: getParameter: 2148: TEMPERATURE_RCV received 34
05-25 12:36:54.659  2127  4962 D AHAL_SecModulePrimary: onGetSECGenericParameters get temperature for g_hw_speaker_amp_temp_rcv: 34
05-25 12:36:54.659  2127  2127 D AHAL_ModulePrimary_QTI: getVendorParameters: id count: 1
05-25 12:36:54.659  2127  2127 I PAL: PayloadBuilder: payloadTISPConfig: 4689: payloadInfo for TI Speakerprotection for parm_id 0x20010ee4 3812
05-25 12:36:54.660  2127  2127 I PAL: SpeakerProtectionTI: smartpa_get_temp: 2099: [TI-SmartPA] Get TAS_SA_GET_TV temp 17840543(34.028137) for channel 1
05-25 12:36:54.660  2127  2127 I PAL: SpeakerProtectionTI: getParameter: 2148: TEMPERATURE_SPK received 34
05-25 12:36:54.660  2127  2127 D AHAL_SecModulePrimary: onGetSECGenericParameters get temperature for g_hw_speaker_amp_temp_spk: 34
05-25 12:36:54.662  7818  8027 I SDHMS:x : SIOP:: AP:427 BAT:375 USB:339 CHG:435 PA:436 WIFI:416 CF:402 BLK:0 SUBBAT:0 LRPTHM:386 SKIN:386 SKINF:375 SKINB:386 LRP:386 LRF:375 LRB:386 APT:375 APR:385 RCV:374 SPK:328 CHGF:371 CHGR:384 MEMF:374 MEMR:386 WIFIF:373 WIFIR:383 FCAM:337 UPSPK:378 DNSPK:336 VAP:453 VWIFI:408 AMB2:284 HIGH:0 AVGCUR:-281 AVGSYS:900 POWER:-1164
05-25 12:36:54.662  7818  8027 I AudioManager: setParameters keyValuePairs = g_hw_speaker_amp_temp_spk=33
05-25 12:36:54.663  2231 10633 D AudioFlinger: setParameters: filtered dev setParameters keyvalue g_hw_speaker_amp_temp_spk=33
05-25 12:36:54.664  2127  2127 D AHAL_HFP_QTI: hfp_set_parameters enter
05-25 12:36:54.664  2127  2127 D AHAL_HFP_QTI: hfp_set_parameters Exit
05-25 12:36:54.664  2127  2127 D AHAL_SecModulePrimary: processSetVendorParameters: configured g_hw_speaker_amp_temp_spk
05-25 12:36:54.664  2127  2127 D AHAL_SecModulePrimary: processSetVendorParameters: handler set on Feature:0
05-25 12:36:54.664  2127  2127 D AHAL_SecModulePrimary: onSetSECGenericParameters set temperature for g_hw_speaker_amp_temp_spk: 33
05-25 12:36:54.664  2127  2127 I PAL: API: pal_set_param: 1377: Enter: param id 3002
05-25 12:36:54.664  2127  2127 D AGM: graph: graph_set_config: 1146 entry graph_handle 0x147534c
05-25 12:36:54.665  2127  2127 D AGM: graph: graph_set_config: 1154 exit, graph handle 0x147534c, ret 0
05-25 12:36:54.666  2231 10633 E ConversionHelperAidl: Function: parseAndSetVendorParameters Line: 94 Failed 
05-25 12:36:54.666  2231 10633 E ConversionHelperAidl: Function: parseAndSetVendorParameters Line: 94 Failed 
05-25 12:36:54.666  7818  8027 I AudioManager: setParameters keyValuePairs = g_hw_speaker_amp_temp_rcv=37
05-25 12:36:54.667  2231 10633 D AudioFlinger: setParameters: filtered dev setParameters keyvalue g_hw_speaker_amp_temp_rcv=37
05-25 12:36:54.667  2127  2127 D AHAL_HFP_QTI: hfp_set_parameters enter
05-25 12:36:54.667  2127  2127 D AHAL_HFP_QTI: hfp_set_parameters Exit
05-25 12:36:54.667  2127  2127 D AHAL_SecModulePrimary: processSetVendorParameters: configured g_hw_speaker_amp_temp_rcv
05-25 12:36:54.667  2127  2127 D AHAL_SecModulePrimary: processSetVendorParameters: handler set on Feature:0
05-25 12:36:54.667  2127  2127 D AHAL_SecModulePrimary: onSetSECGenericParameters set temperature for g_hw_speaker_amp_temp_rcv: 37
05-25 12:36:54.667  2127  2127 I PAL: API: pal_set_param: 1377: Enter: param id 3001
05-25 12:36:54.667  2127  2127 D AGM: graph: graph_set_config: 1146 entry graph_handle 0x147534c
05-25 12:36:54.668  2127  2127 D AGM: graph: graph_set_config: 1154 exit, graph handle 0x147534c, ret 0
05-25 12:36:54.668  2231 10633 E ConversionHelperAidl: Function: parseAndSetVendorParameters Line: 94 Failed 
05-25 12:36:54.668  2231 10633 E ConversionHelperAidl: Function: parseAndSetVendorParameters Line: 94 Failed 
05-25 12:36:54.669  7818  7932 I M0      : limitCPUFreq:: freq = -1
05-25 12:36:54.670  2135  2263 I HYPER-HAL: [RequestManager.cpp]releaseLocked(): Released ID : 30587934
05-25 12:36:54.684  2772  2772 I CameraService: onUidStateChanged: uid=10275, procState is changed. (3 -> 4)
05-25 12:36:54.685  2231 10633 V APM_AudioPolicyManager: setAppState(portId:28236, state:2)
05-25 12:36:54.686  2772  2772 W IPCThreadState: Sending oneway calls to frozen process.
05-25 12:36:54.847 11831 11852 I MediaCodec: setCodecState state(0), called in 6, domain 1, 0
05-25 12:36:54.848  7818  7818 I SemMediaResourceHelper: onState
05-25 12:36:54.849  1097  1097 D io_stats: !@   8,0 r 250140972 5602203040 w 53838997 1221994452 d 6488126 1370386344 f 2042490 4901362 iot 23135288 0 th 0 0 0 pt 0 inp 0 0 925138.787
05-25 12:36:54.849  1097  1097 D io_stats: !@ Read_top(KB): id.ext.services:high(5711) 1140 hbox:interactor:high(26022) 1120 kworker/u17:4:/(28965) 948
05-25 12:36:54.849  1097  1097 D io_stats: !@ Write_top(KB): system_server:normal(2727) 48 com.kakao.talk:low(26045) 40 id.diagmonagent:normal(7444) 36
05-25 12:36:55.004  2124  4564 I sensors-hal: handle_sns_std_sensor_event:127, [SSC_LIGHT] A: 130(130),c:199,b:70,m:13,cl:34,l:130,s:112,l0:22624,l1:544,s0:15000,s1:0,acl:1,opr:0.87,f(r):108,u(bl):100,if:108,wi:0,si:0,0(N:0)
05-25 12:36:55.037  2231  3299 D StreamHalAidl: [out|ioHandle:13] standby
05-25 12:36:55.037  2231  3299 D StreamHalAidl: [out|ioHandle:13] pause
05-25 12:36:55.038  2231  3299 D StreamHalAidl: [out|ioHandle:13] flush
05-25 12:36:55.038  2127  3282 I PAL: API: pal_stream_stop: 490: Enter. Stream handle :0xb40000742fce6ad0K
05-25 12:36:55.038  2127  3282 D AGM: graph: graph_stop: 963 entry graph_handle 0x147534c
05-25 12:36:55.045  2127  3282 D AGM: graph: graph_stop: 1011 exit, ret 0
05-25 12:36:55.045  2127  3282 I PAL: SpeakerProtectionTI: spkrProtProcessingMode: 448: Flag 0
05-25 12:36:55.045  2127  3282 I PAL: PayloadBuilder: payloadTISPCommConfig: 4738: param_id 0x10010002
05-25 12:36:55.045  2127  3282 I PAL: PayloadBuilder: payloadTISPCommConfig: 4775: payloadInfo for TI Speakerprotection for parm_id 0x10010002 2
05-25 12:36:55.046  2127  3282 I PAL: SpeakerProtectionTI: printLibVersion: 2217: [TI-SmartPA] Algo Library Version: 0x400069
05-25 12:36:55.047  2127  3282 I PAL: PayloadBuilder: payloadTISPCommConfig: 4738: param_id 0x10020007
05-25 12:36:55.047  2127  3282 I PAL: PayloadBuilder: payloadTISPCommConfig: 4775: payloadInfo for TI Speakerprotection for parm_id 0x10020007 7
05-25 12:36:55.048  2127  3282 I PAL: SpeakerProtectionTI: printACDBInfo: 2244: [TI-SmartPA] Algo Param Version 7:5/12/24[dd-mm-yy] 9h:43m:44s [hh:mm:ss]
05-25 12:36:55.048  2127  3282 I PAL: SpeakerProtectionTI: [TI-SmartPA] Algo param version 8: 0x25c0286
05-25 12:36:55.048  2127  3282 I PAL: PayloadBuilder: payloadTISPConfig: 4689: payloadInfo for TI Speakerprotection for parm_id 0x10080ef0 3824
05-25 12:36:55.048  2127  3282 I PAL: SpeakerProtectionTI: smartpa_get_bigdata: 1961: [TI-SmartPA] session data [maxT 33, maxX 0.000 (silence), cntTmax 0 cntXmax 0] for channel 0
05-25 12:36:55.049  2127  3282 I PAL: SpeakerProtectionTI: printBigdata: 1862: [TI-SmartPA] big data [MaxTemp 71, MaxTemp(keep) 73, MaxExc 0.269, TOC 0 EOC 0] for channel 0
05-25 12:36:55.049  2127  3282 I PAL: PayloadBuilder: payloadTISPConfig: 4689: payloadInfo for TI Speakerprotection for parm_id 0x20080ef0 3824
05-25 12:36:55.049  2127  3282 I PAL: SpeakerProtectionTI: smartpa_get_bigdata: 1961: [TI-SmartPA] session data [maxT 34, maxX 0.221, cntTmax 0 cntXmax 0] for channel 1
05-25 12:36:55.049  2127  3282 I PAL: SpeakerProtectionTI: printBigdata: 1862: [TI-SmartPA] big data [MaxTemp 51, MaxTemp(keep) 65, MaxExc 0.277, TOC 0 EOC 0] for channel 1
05-25 12:36:55.049  2127  3282 I PAL: SpeakerProtectionTI: smartpa_get_bigdata: 1985: [TI-SmartPA] silence count stats: current(0) total(68) for channel 0
05-25 12:36:55.049  2127  3282 I PAL: SpeakerProtectionTI: smartpa_get_bigdata: 1985: [TI-SmartPA] silence count stats: current(0) total(68) for channel 1
05-25 12:36:55.049  2127  3282 I PAL: SpeakerProtectionTI: spkrProtSetSpkrStatus: 250: Speaker used last time 1774518
05-25 12:36:55.049  2127  3282 I PAL: SpeakerProtectionTI: spkrProtProcessingMode: 946: Closing VI path
05-25 12:36:55.050  2127  3282 D AGM: graph: graph_stop: 963 entry graph_handle 0x47534c
05-25 12:36:55.052  2127  3282 D AGM: graph: graph_stop: 1011 exit, ret 0
05-25 12:36:55.053  2127  3282 I AGM: API: agm_session_aif_connect: 656 disconnecting aifid:29 with session id=121
05-25 12:36:55.053  2127  3282 D AGM: graph: graph_stop: 963 entry graph_handle 0x47534c
05-25 12:36:55.054  2127  3282 D AGM: graph: graph_stop: 1011 exit, ret 0
05-25 12:36:55.055  2127  3282 I AGM: device: device_close: 567 PCM device 29 closed
05-25 12:36:55.055  2127  3282 I PAL: ResourceManager: freeFrontEndIds: 7716: stream type 1, freeing 121
05-25 12:36:55.055  2127  3282 I AgmIpc::Server: removeSessionHandle removing handle b40000742fccba90 for session 121
05-25 12:36:55.055  2127  3282 D AGM: session: session_close: 1324 enter
05-25 12:36:55.055  2127  3282 D AGM: graph: graph_close: 792 entry handle 0x47534c
05-25 12:36:55.055  2127  3282 D AGM: graph: graph_close: 813 exit, ret 0
05-25 12:36:55.055  2127  3282 D AGM: session: session_close: 1380 exit, ret 0
05-25 12:36:55.056  2127  3282 I PAL: API: pal_stream_stop: 548: Exit. status 0
05-25 12:36:55.056  2127  3282 I PAL: API: pal_stream_close: 328: Enter. Stream handle :0xb40000742fce6ad0K
05-25 12:36:55.056  2127  3282 I AGM: API: agm_session_aif_connect: 656 disconnecting aifid:28 with session id=126
05-25 12:36:55.056  2127  3282 D AGM: graph: graph_stop: 963 entry graph_handle 0x147534c
05-25 12:36:55.058  2127  3282 D AGM: graph: graph_stop: 1011 exit, ret 0
05-25 12:36:55.085  2127  3282 I AGM: device: device_close: 567 PCM device 28 closed
05-25 12:36:55.086  2127  3282 I AGM: session: session_obj_set_sess_aif_metadata: 1882 Exit
05-25 12:36:55.086  2127  3282 I AgmIpc::Server: removeSessionHandle removing handle b40000742fccd150 for session 126
05-25 12:36:55.086  2127  3282 D AGM: session: session_close: 1324 enter
05-25 12:36:55.086  2127  3282 D AGM: graph: graph_close: 792 entry handle 0x147534c
05-25 12:36:55.088  2127  3282 D AGM: graph: graph_close: 813 exit, ret 0
05-25 12:36:55.088  2127  3282 D AGM: session: session_close: 1380 exit, ret 0
05-25 12:36:55.089  2127  3282 I PAL: ResourceManager: freeFrontEndIds: 7716: stream type 8, freeing 126
05-25 12:36:55.089  2127  3282 I PAL: Device: close: 588: Enter. deviceCount 1 for device id 3 (PAL_DEVICE_OUT_SPEAKER)
05-25 12:36:55.089  2127  3282 I PAL: Device: close: 602: Exit. deviceCount 0 for device id 3 (PAL_DEVICE_OUT_SPEAKER), exit status 0
05-25 12:36:55.089  2127  3282 I PAL: ResourceManager: GetConcurrencyInfo: 5778: stream type 8 Tx conc 0, Rx conc 1, concurrency allowed
05-25 12:36:55.089  2127  3282 I PAL: ResourceManager: GetConcurrencyInfo: 5778: stream type 8 Tx conc 0, Rx conc 1, concurrency allowed
05-25 12:36:55.089  2127  3282 I PAL: ResourceManager: GetConcurrencyInfo: 5778: stream type 8 Tx conc 0, Rx conc 1, concurrency allowed
05-25 12:36:55.090  2127  3282 I PAL: ResourceManager: GetConcurrencyInfo: 5778: stream type 8 Tx conc 0, Rx conc 1, concurrency allowed
05-25 12:36:55.090  2127  3282 I PAL: StreamSoundTrigger: HandleConcurrentStream: 622: Enter
05-25 12:36:55.090  2127  3282 I PAL: StreamSoundTrigger: GetCurrentCaptureProfile: 1986: cap_prof SINGLE_MIC_16KHZ_16BIT_RAW_LPI: dev_id=0x29, chs=1, sr=16000, snd_name=va-mic-mono-lpi, ec_ref=0
05-25 12:36:55.090  2127  3282 I PAL: StreamSoundTrigger: ProcessEvent: 2256: StLoaded: handle event 15 for stream instance 1
05-25 12:36:55.090  2127  3282 I PAL: StreamSoundTrigger: GetCurrentCaptureProfile: 1986: cap_prof SINGLE_MIC_16KHZ_16BIT_RAW_LPI: dev_id=0x29, chs=1, sr=16000, snd_name=va-mic-mono-lpi, ec_ref=0
05-25 12:36:55.090  2127  3282 I PAL: StreamSoundTrigger: ProcessEvent: 2598: current capture profile SINGLE_MIC_48KHZ_16BIT_RAW_NLPI: dev_id=0x29, chs=1, sr=48000, ec_ref=0
05-25 12:36:55.090  2127  3282 I PAL: StreamSoundTrigger: ProcessEvent: 2605: new capture profile SINGLE_MIC_16KHZ_16BIT_RAW_LPI: dev_id=0x29, chs=1, sr=16000, ec_ref=0
05-25 12:36:55.090  2127  3282 I PAL: SoundTriggerEngineGsl: ReconfigureDetectionGraph: 1123: Enter
05-25 12:36:55.090  2127  3282 I AGM: API: agm_session_aif_connect: 656 disconnecting aifid:47 with session id=115
05-25 12:36:55.090  2127  3282 I AGM: session: session_obj_set_sess_aif_metadata: 1882 Exit
05-25 12:36:55.090  2127  3282 I PAL: ResourceManager: freeFrontEndIds: 7716: stream type 17, freeing 115
05-25 12:36:55.092  2127  3282 I PAL: ResourceManager: getKernelConfigInfo: 15664: micbias=0, dmic clk=0(0,0,0), dmic status=0(0,0,0)
05-25 12:36:55.092  2127  3282 I PAL: SoundTriggerEngineGsl: UpdateState: 578: Engine state transitioned from 1 to 0
05-25 12:36:55.092  2127  3282 D PAL: HotwordInterface: SetParameter: 167: Unsupported param id 4
05-25 12:36:55.092  2127  3282 I PAL: SoundTriggerEngineGsl: ReconfigureDetectionGraph: 1159: Exit, status = 0
05-25 12:36:55.092  2127  3282 I PAL: StreamSoundTrigger: TransitTo: 2021: Stream instance 1: state transitioned from ST_STATE_LOADED to ST_STATE_IDLE
05-25 12:36:55.092  2127  3282 I PAL: StreamSoundTrigger: HandleConcurrentStream: 648: Exit, status 0
05-25 12:36:55.093  2127  3282 I PAL: StreamSoundTrigger: HandleConcurrentStream: 622: Enter
05-25 12:36:55.093  2127  3282 I PAL: StreamSoundTrigger: GetCurrentCaptureProfile: 1986: cap_prof SINGLE_MIC_16KHZ_16BIT_RAW_LPI: dev_id=0x29, chs=1, sr=16000, snd_name=va-mic-mono-lpi, ec_ref=0
05-25 12:36:55.093  2127  3282 I PAL: StreamSoundTrigger: ProcessEvent: 2035: StIdle: handle event 15 for stream instance 1
05-25 12:36:55.093  2127  3282 I PAL: StreamSoundTrigger: GetCurrentCaptureProfile: 1986: cap_prof SINGLE_MIC_16KHZ_16BIT_RAW_LPI: dev_id=0x29, chs=1, sr=16000, snd_name=va-mic-mono-lpi, ec_ref=0
05-25 12:36:55.093  2127  3282 I PAL: StreamSoundTrigger: ProcessEvent: 2188: current capture profile SINGLE_MIC_48KHZ_16BIT_RAW_NLPI: dev_id=0x29, chs=1, sr=48000, ec_ref=0
05-25 12:36:55.093  2127  3282 I PAL: StreamSoundTrigger: ProcessEvent: 2195: new capture profile SINGLE_MIC_16KHZ_16BIT_RAW_LPI: dev_id=0x29, chs=1, sr=16000, ec_ref=0
05-25 12:36:55.093  2127  3282 I PAL: StreamSoundTrigger: GetCurrentCaptureProfile: 1986: cap_prof SINGLE_MIC_16KHZ_16BIT_RAW_LPI: dev_id=0x29, chs=1, sr=16000, snd_name=va-mic-mono-lpi, ec_ref=0
05-25 12:36:55.093  2127  3282 I PAL: StreamSoundTrigger: UpdateDeviceConfig: 1194: devicepp selector: SINGLE_MIC_16KHZ_16BIT_RAW_LPI
05-25 12:36:55.093  2127  3282 I PAL: Device: setDeviceAttributes: 449: DeviceAttributes for Device Id 41 updated
05-25 12:36:55.093  2127  3282 I PAL: SoundTriggerEngineGsl: LoadSoundModel: 738: Enter
05-25 12:36:55.093  2127  3282 I PAL: ResourceManager: allocateFrontEndIds: 7472: allocateFrontEndIds: front end 115
05-25 12:36:55.093  2127  3282 I PAL: PayloadBuilder: populateStreamKV: 3201: stream type 17
05-25 12:36:55.093  2127  3282 I PAL: PayloadBuilder: getSelectorValues: 3070: VUI module type:HOTWORD
05-25 12:36:55.093  2127  3282 I PAL: PayloadBuilder: getSelectorValues: 3033: Instance: 1
05-25 12:36:55.093  2127  3282 I PAL: PayloadBuilder: findKVs: 2907: key: 0xbc000000 value: 0xbc000002
05-25 12:36:55.093  2127  3282 I PAL: PayloadBuilder: findKVs: 2907: key: 0xb1000000 value: 0xb1000003
05-25 12:36:55.093  2127  3282 I PAL: PayloadBuilder: findKVs: 2907: key: 0xab000000 value: 0x1
05-25 12:36:55.093  2127  3282 I PAL: PayloadBuilder: populateStreamCkv: 3524: stream channels 1
05-25 12:36:55.093  2127  3282 I PAL: PayloadBuilder: populateDeviceKV: 3325: Enter device id:41
05-25 12:36:55.093  2127  3282 I PAL: PayloadBuilder: findKVs: 2920: key: 0xa3000000 value: 0xa3000006
05-25 12:36:55.093  2127  3282 I PAL: PayloadBuilder: populateDeviceKV: 3353: Exit device id:41, status 0
05-25 12:36:55.093  2127  3282 I PAL: PayloadBuilder: populateDevicePPKV: 3485: Tx device id:41
05-25 12:36:55.093  2127  3282 I PAL: PayloadBuilder: getSelectorValues: 3099: stream type: 17
05-25 12:36:55.093  2127  3282 I PAL: PayloadBuilder: getSelectorValues: 3094: devicePP_type:SINGLE_MIC_16KHZ_16BIT_RAW_LPI
05-25 12:36:55.093  2127  3282 I PAL: PayloadBuilder: findKVs: 2907: key: 0xa3000000 value: 0xa3000006
05-25 12:36:55.093  2127  3282 I PAL: PayloadBuilder: findKVs: 2907: key: 0xad000000 value: 0xad00000c
05-25 12:36:55.093  2127  3282 I PAL: PayloadBuilder: populateDevicePPCkv: 3594: channels 1, id 41
05-25 12:36:55.093  2127  3282 I AGM: session: session_obj_set_sess_aif_metadata: 1882 Exit
05-25 12:36:55.093  2127  3282 I AGM: API: agm_session_aif_connect: 656 connecting aifid:47 with session id=115
05-25 12:36:55.093  2127  3282 D PAL: HotwordInterface: SetParameter: 167: Unsupported param id 3
05-25 12:36:55.093  2127  3282 I PAL: SoundTriggerEngineGsl: UpdateSessionPayload: 1803: Enter, param : 0
05-25 12:36:55.094  2127  3282 I PAL: PayloadBuilder: payloadConfig: 1835: PID 0x800104c, payload 0xb40000723d454fc0K size 110648
05-25 12:36:55.094  2127  3282 I PAL: SessionAlsaPcm: setParameters: 3173: customPayloadSize = 110648
05-25 12:36:55.094  2127  3282 I PAL: SoundTriggerEngineGsl: UpdateState: 578: Engine state transitioned from 0 to 1
05-25 12:36:55.094  2127  3282 I PAL: SoundTriggerEngineGsl: LoadSoundModel: 786: Exit, status = 0
05-25 12:36:55.094  2127  3282 I PAL: StreamSoundTrigger: TransitTo: 2021: Stream instance 1: state transitioned from ST_STATE_IDLE to ST_STATE_LOADED
05-25 12:36:55.094  2127  3282 I PAL: StreamSoundTrigger: HandleConcurrentStream: 640: NLPI->LPI switch takes 4ms
05-25 12:36:55.094  2127  3282 I PAL: StreamSoundTrigger: HandleConcurrentStream: 648: Exit, status 0
05-25 12:36:55.094  2127  3282 I PAL: ResourceManager: voteSleepMonitor: 2344: Unvoting done for nlpi use case, lpi votes 1, nlpi votes : 0
05-25 12:36:55.094  2127  3282 I PAL: ResourceManager: deregisterStream: 3923: stream type 8
05-25 12:36:55.094  2127  3282 I PAL: API: pal_stream_close: 382: Exit. status 0
05-25 12:36:55.094  2127  3282 D AHAL_StreamOut_QTI: standby : usecase: PRIMARY_PLAYBACK IoHandle: 13 
05-25 12:36:55.113  4602  4602 W SecNotificationShadeWindowStateInteractor: SHADE : shadeOrQsExpanded: false => VISIBLE
05-25 12:36:55.113  4602  4602 W SecNotificationShadeWindowStateInteractor: 	bouncerShowing: false, headsUpNotificationShowing: true, keyguardFadingAway: false, keyguardGoingAway: false, lightRevealScrimOpaque: false, qsExpanded: false
05-25 12:36:55.149  2108  6508 I vendor.qti.bluetooth@1.0-ibs_handler: ProcessIbsCmd: Received IBS_WAKE_IND: 0xFD
05-25 12:36:55.149  2108  6508 D vendor.qti.bluetooth@1.0-ibs_handler: SerialClockVote: vote for UART CLK ON
05-25 12:36:55.150  2108  6508 D vendor.qti.bluetooth@1.0-wake_lock: Acquire wakelock is acquired 
05-25 12:36:55.150  2108  6508 I vendor.qti.bluetooth@1.0-ibs_handler: ProcessIbsCmd: Writing IBS_WAKE_ACK
05-25 12:36:55.158  4933  6574 I ScanController: onScanResult to scannerId: 12- eventType=0x10, addressType=1, address=XX:XX:XX:XX:80:7C, primaryPhy=1, secondaryPhy=0, advertisingSid=0xff, txPower=127, rssi=-94, periodicAdvInt=0x0
05-25 12:36:55.198  2108  6508 I vendor.qti.bluetooth@1.0-ibs_handler: ProcessIbsCmd: Received IBS_SLEEP_IND: 0xFE
05-25 12:36:55.198  2108  6508 D vendor.qti.bluetooth@1.0-ibs_handler: SerialClockVote: vote for UART CLK OFF
05-25 12:36:55.222  2108  6508 I vendor.qti.bluetooth@1.0-ibs_handler: ProcessIbsCmd: Received IBS_WAKE_IND: 0xFD
05-25 12:36:55.222  2108  6508 D vendor.qti.bluetooth@1.0-ibs_handler: SerialClockVote: vote for UART CLK ON
05-25 12:36:55.222  2108  6508 I vendor.qti.bluetooth@1.0-ibs_handler: ProcessIbsCmd: Writing IBS_WAKE_ACK
05-25 12:36:55.225  4933  6574 I ScanController: onScanResult to scannerId: 12- eventType=0x0, addressType=1, address=XX:XX:XX:XX:79:E7, primaryPhy=1, secondaryPhy=1, advertisingSid=0x3, txPower=127, rssi=-87, periodicAdvInt=0x0
05-25 12:36:55.239  4933  6574 I ScanController: onScanResult to scannerId: 12- eventType=0x10, addressType=1, address=XX:XX:XX:XX:AE:13, primaryPhy=1, secondaryPhy=0, advertisingSid=0xff, txPower=127, rssi=-94, periodicAdvInt=0x0
05-25 12:36:55.278  2108  6508 I vendor.qti.bluetooth@1.0-ibs_handler: ProcessIbsCmd: Received IBS_SLEEP_IND: 0xFE
05-25 12:36:55.278  2108  6508 D vendor.qti.bluetooth@1.0-ibs_handler: SerialClockVote: vote for UART CLK OFF
05-25 12:36:55.317  2727  4288 E WifiStaIfaceAidlImpl: getCachedScanData failed with service-specific exception: android.os.ServiceSpecificException:  (code 4)
05-25 12:36:55.319  2727  7108 D SemWifiUsabilityStatsMonitor: onWifiUsabilityStats - seqNum 160018, isSameBssidAndFreq true
05-25 12:36:55.321  2727  4391 D InsDataManager: onOutageCountUpdate() - Outage Data: 0, LQ : N. Outage Triggered: false
05-25 12:36:55.321  2727  4391 D InsDataManager: Trying to save initial normal data.
05-25 12:36:55.321  4602  4731 D Tile.WifiTile: handleUpdateState isTransient=false transientEnabling =false cb.isTransient=false state.state = 2 mStateBeforeClick.value =true enabled =true
05-25 12:36:55.321  5170  5277 I HoneySpace.StatusIconTracker: invokeEvent() called with: event = Wifi(visible=true, resId=2131236018, activityId=2131236053)
05-25 12:36:55.321  2727  4391 D SensorCollector: syncMappedBuffers: 0, 120, 0
05-25 12:36:55.321  2727  4391 D InsDataManager: trimBuffers start.
05-25 12:36:55.321  2727  4391 D InsDataManager: trimBuffers - nsmBuffer size: 26
05-25 12:36:55.322  2727  4391 D InsDataManager: Too short for collecting additional normal data
05-25 12:36:55.322  2727  4391 D SemInsManager: {"bssid": "94db60f05745","rssi": -34.0,"latency": 0.0,"outage_count": 0,"lq_callback_triggered": false,"outage_log": "Unreliable statistics: -34.0 / 0 / 0 / 0 / 0 || 94db60f05745: 0.000 / 0.000 / @ || N N / 0 0 / N 2.0 / N X 1 / 925139258 0 || 2026-05-25 12:36:55  / 2: 0 0 0 0 0 0 / 5: 0 0 0 0 0 0 / 2: 0 0 0 0 0 0""Magnetic Sensor Events size": "0""Pressure Sensor Events size": "0"}
05-25 12:36:55.334  2269  2377 I VSyncReactor: Current= 120, Period= 120, Distance= 0
05-25 12:36:55.340  2150 26561 I SDM     : AIScalerFeatureIntfImpl::LookupConfig: Scale ratio = 1.780000
05-25 12:36:55.340  2150 26561 I SDM     : AIScalerParserIntfImpl::LookupConfig: Scale Ratio Match Found Here
05-25 12:36:55.342  2269  2377 I VSyncReactor: Current= 120, Period= 120, Distance= 120
05-25 12:36:55.346  2269  4027 D NativeSemDvfsManager: acquire:: timeout = 2000 mIsAcquired = 1  mTagName : SurfaceFlinger 
05-25 12:36:55.347  2135  2263 I HYPER-HAL: [RequestManager.cpp]acquire(): Acquired ID : 5345815  [2269 / 1000]    HINT : SF_GPU_MINLOCK    list : [TIMEOUT / 2000] 
05-25 12:36:55.347  2269  4027 E NativeCustomFrequencyManager: [NativeCFMS] BpCustomFrequencyManager::acquire()
05-25 12:36:55.351 11831 11862 D PipelineWatcher: onInputBufferReleased: frameIndex not found (64899); ignored
05-25 12:36:55.357 11831 11852 I MediaCodec: setCodecState state(1), called in 6, domain 1, 0
05-25 12:36:55.358  7818  7818 I SemMediaResourceHelper: onState
05-25 12:36:55.366  2124  4564 I sensors-hal: handle_sns_client_event:202, auto_rotation_debug_2 mode,255, type,1,0 acc,0.010,0.010,9.839, ar,0, ver,14, pedo,1,e,1,i,3
05-25 12:36:55.374  2231 10633 V APM_AudioPolicyManager: setAppState(portId:28236, state:2)
05-25 12:36:55.399 29486 29492 W ndroid.scs:text: userfaultfd: MOVE ioctl seems unsupported: Connection timed out
05-25 12:36:55.411  2150  2439 I SDM     : DisplayBase::CommitThread: Received idle timeout, panel: cmd, timeout: 69999 us
05-25 12:36:55.429  2108  5425 D vendor.qti.bluetooth@1.0-wake_lock: Release wakelock is released 
05-25 12:36:55.454  2154 11894 I DMABUFHEAPS: Using DMA-BUF heap named: qcom,system
05-25 12:36:55.454  2154 11894 I DMABUFHEAPS: Using DMA-BUF heap named: qcom,system
05-25 12:36:55.455  2154 11894 I DMABUFHEAPS: Using DMA-BUF heap named: qcom,system
05-25 12:36:55.455  2154 11894 I DMABUFHEAPS: Using DMA-BUF heap named: qcom,system
05-25 12:36:55.456 11831 11862 D PipelineWatcher: onInputBufferReleased: frameIndex not found (64900); ignored
05-25 12:36:55.495  2124  4700 I sensors-hal: handle_sns_client_event:379, [0][13925224] accel_sample [ 0.029, -0.014,  9.825] 1774519095437340
05-25 12:36:55.551  2250  2326 E HeatmapThread: ECT Thread time in milliseconds: 1779680215
05-25 12:36:55.553  2250  2326 D HeatmapThread: !@ batteryplugType : 2
05-25 12:36:55.553  2250  2326 D HeatmapThread: !@ batteryLevel : 76  batteryTemperature : 375 
05-25 12:36:55.553  2250  2326 D HeatmapThread: !@ Heatmap currtime: 29661336
05-25 12:36:55.553  2250  2326 D HeatmapThread: !@ Heatmap prevtime: 29661309
05-25 12:36:55.553  2250  2326 D HeatmapThread: !@ Heatmap plugstarttime: 29661249
05-25 12:36:55.553  2250  2326 D HeatmapThread: !@ Heatmap prevv_dsoh_update_time: 29661309
05-25 12:36:55.553  2250  2326 E HeatmapThread: !@ CAM New BSOH: 100
05-25 12:36:55.553  2250  2326 E HeatmapThread: !@ CAM is Working
05-25 12:36:55.556 11831 11862 D PipelineWatcher: onInputBufferReleased: frameIndex not found (64901); ignored
05-25 12:36:55.613  4602  4602 W SecNotificationShadeWindowStateInteractor: SHADE : shadeOrQsExpanded: false => VISIBLE
05-25 12:36:55.613  4602  4602 W SecNotificationShadeWindowStateInteractor: 	bouncerShowing: false, headsUpNotificationShowing: true, keyguardFadingAway: false, keyguardGoingAway: false, lightRevealScrimOpaque: false, qsExpanded: false
05-25 12:36:55.653  2154 11894 I DMABUFHEAPS: Using DMA-BUF heap named: qcom,system
05-25 12:36:55.653  2154 11894 I DMABUFHEAPS: Using DMA-BUF heap named: qcom,system
05-25 12:36:55.653  2154 11894 I DMABUFHEAPS: Using DMA-BUF heap named: qcom,system
05-25 12:36:55.653  2154 11894 I DMABUFHEAPS: Using DMA-BUF heap named: qcom,system
05-25 12:36:55.654 11831 11862 D PipelineWatcher: onInputBufferReleased: frameIndex not found (64902); ignored
05-25 12:36:55.758 11831 11862 D PipelineWatcher: onInputBufferReleased: frameIndex not found (64903); ignored
05-25 12:36:55.773 22025 29400 I NearbyMediums: Found Fast Ble Advertisements :
05-25 12:36:55.773 22025 29400 I NearbyMediums: BleAdvertisement { version=2, socketVersion=2, isFast=true, serviceIdHash=null, data=[ 0x23 0x51 0x47 0x4a 0x41 0x11 0x34 0x96 0xc5 0x20 0xcc 0x49 0xfb 0x1d 0x95 0x75 0x87 0x4f 0xa8 0xad 0x13 0xa3 0x2c ], deviceToken=[ 0x02 0x0d ], rxAdvertisement=null } : 7 times.
05-25 12:36:55.773 22025 29400 I NearbyMediums: BleAdvertisement { version=2, socketVersion=2, isFast=true, serviceIdHash=null, data=[ 0x23 0x38 0x49 0x4a 0x34 0x11 0x32 0xe2 0xa4 0x5a 0x18 0x57 0x69 0x43 0x1b 0x0f 0x4c 0x6a 0x82 0xf1 0xd3 0x72 0x1a ], deviceToken=[ 0xcc 0x19 ], rxAdvertisement=null } : 4 times.
05-25 12:36:55.773 22025 29400 I NearbyMediums: Total 11 fast advertisements from 2 unique advertisers.
05-25 12:36:55.773 22025 29400 I NearbyMediums: Current Tracked Scanning Clients are : {NearbyConnections.EnvironmentMonitor, NearbySharing, NearbyConnections.TxAdvertisement}
05-25 12:36:55.812  2727  5728 I NSLocationMonitor: getGPSUsingApps() called
05-25 12:36:55.812  5739 32761 I NSLocationManager_FLP: getGPSUsingApps, No change
05-25 12:36:55.816  2727  5728 D FreecessHandler: freeze com.kbankwith.smartbank(10424) result : 2
05-25 12:36:55.857  2154 11894 I DMABUFHEAPS: Using DMA-BUF heap named: qcom,system
05-25 12:36:55.857  2154 11894 I DMABUFHEAPS: Using DMA-BUF heap named: qcom,system
05-25 12:36:55.857  2154 11894 I DMABUFHEAPS: Using DMA-BUF heap named: qcom,system
05-25 12:36:55.857  2154 11894 I DMABUFHEAPS: Using DMA-BUF heap named: qcom,system
05-25 12:36:55.857  2154 11894 I CV      : File: vendor/qcom/proprietary/cv-noship/eva/4.0/src/cpu/evaDme.cpp Line: 946 Function: evaDmeSetFrameConfig() Msg: Frame Operational FPS changed : nFOperationalFps 30 eColorFormat 3 
05-25 12:36:55.857  2154 11894 E CV      : File: vendor/qcom/proprietary/cv-noship/eva/4.0/src/cpu/evaPower.cpp Line: 2321 Function: Voteclocks() Msg: Error: evaDeaggreatePower executed
05-25 12:36:55.858 11831 11862 D PipelineWatcher: onInputBufferReleased: frameIndex not found (64904); ignored
05-25 12:36:55.960 11831 11862 D PipelineWatcher: onInputBufferReleased: frameIndex not found (64905); ignored
05-25 12:36:56.058  2154 11894 I DMABUFHEAPS: Using DMA-BUF heap named: qcom,system
05-25 12:36:56.058  2154 11894 I DMABUFHEAPS: Using DMA-BUF heap named: qcom,system
05-25 12:36:56.058  2154 11894 I DMABUFHEAPS: Using DMA-BUF heap named: qcom,system
05-25 12:36:56.058  2154 11894 I DMABUFHEAPS: Using DMA-BUF heap named: qcom,system
05-25 12:36:56.060 11831 11862 D PipelineWatcher: onInputBufferReleased: frameIndex not found (64906); ignored
05-25 12:36:56.114  4602  4602 W SecNotificationShadeWindowStateInteractor: SHADE : shadeOrQsExpanded: false => VISIBLE
05-25 12:36:56.114  4602  4602 W SecNotificationShadeWindowStateInteractor: 	bouncerShowing: false, headsUpNotificationShowing: true, keyguardFadingAway: false, keyguardGoingAway: false, lightRevealScrimOpaque: false, qsExpanded: false
05-25 12:36:56.146  2727  4420 D WifiConnectivityMonitor: Stop WCM Poll. cnt : 5
05-25 12:36:56.146  2727  4420 D WifiConnectivityMonitor: Unregister WifiLinkQualityMonitorCallback
05-25 12:36:56.146  2727  4390 I SemWifiLinkQualityMonitor: LQ callback unregistered
05-25 12:36:56.159 11831 11862 D PipelineWatcher: onInputBufferReleased: frameIndex not found (64907); ignored
05-25 12:36:56.257  2154 11894 I DMABUFHEAPS: Using DMA-BUF heap named: qcom,system
05-25 12:36:56.257  2154 11894 I DMABUFHEAPS: Using DMA-BUF heap named: qcom,system
05-25 12:36:56.257  2154 11894 I DMABUFHEAPS: Using DMA-BUF heap named: qcom,system
05-25 12:36:56.257  2154 11894 I DMABUFHEAPS: Using DMA-BUF heap named: qcom,system
05-25 12:36:56.259 11831 11862 D PipelineWatcher: onInputBufferReleased: frameIndex not found (64908); ignored
05-25 12:36:56.283  2124 16773 I sensors-hal: handle_sns_std_sensor_event:408, [SSC_LIGHT] P: 199(199),c:199,b:70,m:13,cl:34,l:248,s:161,l0:38848,l1:864,s0:21500,s1:0,acl:1,opr:0.87,f(r):108,u(bl):100,if:108,wi:0,si:0,0(N:0)
05-25 12:36:56.362 11831 11862 D PipelineWatcher: onInputBufferReleased: frameIndex not found (64909); ignored
05-25 12:36:56.444  2124 16773 I sensors-hal: handle_sns_std_sensor_event:408, [SSC_LIGHT] P: 332(332),c:199,b:70,m:13,cl:34,l:398,s:293,l0:59520,l1:1376,s0:39000,s1:0,acl:1,opr:0.87,f(r):108,u(bl):100,if:108,wi:0,si:0,0(N:0)
05-25 12:36:56.513  2727  4446 D NetdEventListenerService: DNS Requested by 680, 10382(com.kakao.talk), SUCCESS, 20ms
05-25 12:36:56.551  2250  2326 E HeatmapThread: ECT Thread time in milliseconds: 1779680216
05-25 12:36:56.553  2250  2326 D HeatmapThread: !@ batteryplugType : 2
05-25 12:36:56.553  2250  2326 D HeatmapThread: !@ batteryLevel : 76  batteryTemperature : 375 
05-25 12:36:56.553  2250  2326 D HeatmapThread: !@ Heatmap currtime: 29661336
05-25 12:36:56.553  2250  2326 D HeatmapThread: !@ Heatmap prevtime: 29661309
05-25 12:36:56.553  2250  2326 D HeatmapThread: !@ Heatmap plugstarttime: 29661249
05-25 12:36:56.553  2250  2326 D HeatmapThread: !@ Heatmap prevv_dsoh_update_time: 29661309
05-25 12:36:56.553  2250  2326 E HeatmapThread: !@ CAM New BSOH: 100
05-25 12:36:56.553  2250  2326 E HeatmapThread: !@ CAM is Working
