05-25 12:31:19.882  2727  3889 I InputReader: Touch event's action is 0x0 (id=6, t=0) [pCnt=1, s=0.5468 ] when=924803.821382
05-25 12:31:19.883  2727  3888 I InputDispatcher: Delivering touch to (4602): action: 0x4, f=0x0, d=0, '8f03fa9', t=1 
05-25 12:31:19.883  2727  3888 I InputDispatcher: Delivering touch to (21054): action: 0x0, f=0x0, d=0, '9ac0ee8', t=1 
05-25 12:31:19.883  2727  3888 D PowerManagerService: [api] userActivityFromNative : touch displayId=0 eventTime=924803821
05-25 12:31:19.883  2727  3226 I GestureDetector: obtain mCurrentDownEvent. id: 856378737 caller: com.android.server.wm.SystemGesturesPointerEventListener.onPointerEvent:17 com.android.server.wm.PointerEventDispatcher.onInputEvent:51 android.view.InputEventReceiver.dispatchInputEvent:392 
05-25 12:31:19.883  2727  3226 I GestureDetector: obtain mCurrentDownEvent. id: 856378737 caller: com.android.server.wm.SystemPerformancePointerEventListener.onPointerEvent:13 com.android.server.wm.PointerEventDispatcher.onInputEvent:51 android.view.InputEventReceiver.dispatchInputEvent:392 
05-25 12:31:19.883 21054 21054 I VRI[MainActivity]@586c1fb: ViewPostIme pointer 0
05-25 12:31:19.890  2727  3226 I GestureDetector: obtain mCurrentMotionEventRaw. action: 2 id: 226674848
05-25 12:31:19.891  2727  3226 I GestureDetector: obtain mCurrentMotionEventRaw. action: 2 id: 226674848
05-25 12:31:19.896  2150 26561 I SDM     : AIScalerFeatureIntfImpl::LookupConfig: Scale ratio = 1.780000
05-25 12:31:19.896  2150 26561 I SDM     : AIScalerParserIntfImpl::LookupConfig: Scale Ratio Match Found Here
05-25 12:31:19.902  2154 11894 I DMABUFHEAPS: Using DMA-BUF heap named: qcom,system
05-25 12:31:19.902  2154 11894 I DMABUFHEAPS: Using DMA-BUF heap named: qcom,system
05-25 12:31:19.902  2154 11894 I DMABUFHEAPS: Using DMA-BUF heap named: qcom,system
05-25 12:31:19.902  2154 11894 I DMABUFHEAPS: Using DMA-BUF heap named: qcom,system
05-25 12:31:19.907 11831 13169 D PipelineWatcher: onInputBufferReleased: frameIndex not found (54716); ignored
05-25 12:31:19.910 11831 13169 D PipelineWatcher: onInputBufferReleased: frameIndex not found (54717); ignored
05-25 12:31:19.918  2154 11894 I DMABUFHEAPS: Using DMA-BUF heap named: qcom,system
05-25 12:31:19.918  2154 11894 I DMABUFHEAPS: Using DMA-BUF heap named: qcom,system
05-25 12:31:19.918  2154 11894 I DMABUFHEAPS: Using DMA-BUF heap named: qcom,system
05-25 12:31:19.918  2154 11894 I DMABUFHEAPS: Using DMA-BUF heap named: qcom,system
05-25 12:31:19.919 11831 13169 D PipelineWatcher: onInputBufferReleased: frameIndex not found (54718); ignored
05-25 12:31:19.922 11831 13169 D PipelineWatcher: onInputBufferReleased: frameIndex not found (54719); ignored
05-25 12:31:19.925  2108  6508 I vendor.qti.bluetooth@1.0-ibs_handler: ProcessIbsCmd: Received IBS_WAKE_IND: 0xFD
05-25 12:31:19.925  2108  6508 D vendor.qti.bluetooth@1.0-ibs_handler: SerialClockVote: vote for UART CLK ON
05-25 12:31:19.925  2108  6508 D vendor.qti.bluetooth@1.0-wake_lock: Acquire wakelock is acquired 
05-25 12:31:19.925  2108  6508 I vendor.qti.bluetooth@1.0-ibs_handler: ProcessIbsCmd: Writing IBS_WAKE_ACK
05-25 12:31:19.933  4933  5415 I bluetooth: system/gd/hci/le_scanning_reassembler.cc:54 ProcessAdvertisingReport: Ignoring scan response received without advertising event
05-25 12:31:19.933  4933  6574 I ScanController: onScanResult to scannerId: 12- eventType=0x10, addressType=1, address=XX:XX:XX:XX:98:EA, primaryPhy=1, secondaryPhy=0, advertisingSid=0xff, txPower=127, rssi=-85, periodicAdvInt=0x0
05-25 12:31:19.933  4933  5415 I bluetooth: system/gd/hci/le_scanning_reassembler.cc:54 ProcessAdvertisingReport: Ignoring scan response received without advertising event
05-25 12:31:19.933  4933  6574 I ScanController: onScanResult to scannerId: 9- eventType=0x13, addressType=1, address=XX:XX:XX:XX:D4:87, primaryPhy=1, secondaryPhy=0, advertisingSid=0xff, txPower=127, rssi=-84, periodicAdvInt=0x0
05-25 12:31:19.933  4933  6574 I ScanController: onScanResult to scannerId: 9- eventType=0x13, addressType=1, address=XX:XX:XX:XX:89:16, primaryPhy=1, secondaryPhy=0, advertisingSid=0xff, txPower=127, rssi=-84, periodicAdvInt=0x0
05-25 12:31:19.934  5938  5938 W IPCThreadState: Sending oneway calls to frozen process.
05-25 12:31:19.934  2154 11894 I DMABUFHEAPS: Using DMA-BUF heap named: qcom,system
05-25 12:31:19.934  5938  5938 W IPCThreadState: Sending oneway calls to frozen process.
05-25 12:31:19.934  2154 11894 I DMABUFHEAPS: Using DMA-BUF heap named: qcom,system
05-25 12:31:19.934  2154 11894 I DMABUFHEAPS: Using DMA-BUF heap named: qcom,system
05-25 12:31:19.934  2154 11894 I DMABUFHEAPS: Using DMA-BUF heap named: qcom,system
05-25 12:31:19.936 11831 13169 D PipelineWatcher: onInputBufferReleased: frameIndex not found (54720); ignored
05-25 12:31:19.938 11831 13169 D PipelineWatcher: onInputBufferReleased: frameIndex not found (54721); ignored
05-25 12:31:19.950  2154 11894 I DMABUFHEAPS: Using DMA-BUF heap named: qcom,system
05-25 12:31:19.950  2154 11894 I DMABUFHEAPS: Using DMA-BUF heap named: qcom,system
05-25 12:31:19.951  2154 11894 I DMABUFHEAPS: Using DMA-BUF heap named: qcom,system
05-25 12:31:19.951  2154 11894 I DMABUFHEAPS: Using DMA-BUF heap named: qcom,system
05-25 12:31:19.952 11831 13169 D PipelineWatcher: onInputBufferReleased: frameIndex not found (54722); ignored
05-25 12:31:19.955 11831 13169 D PipelineWatcher: onInputBufferReleased: frameIndex not found (54723); ignored
05-25 12:31:19.967  2154 11894 I DMABUFHEAPS: Using DMA-BUF heap named: qcom,system
05-25 12:31:19.967  2154 11894 I DMABUFHEAPS: Using DMA-BUF heap named: qcom,system
05-25 12:31:19.967  2154 11894 I DMABUFHEAPS: Using DMA-BUF heap named: qcom,system
05-25 12:31:19.967  2154 11894 I DMABUFHEAPS: Using DMA-BUF heap named: qcom,system
05-25 12:31:19.968 11831 11840 D PipelineWatcher: onInputBufferReleased: frameIndex not found (54724); ignored
05-25 12:31:19.971 11831 11840 D PipelineWatcher: onInputBufferReleased: frameIndex not found (54725); ignored
05-25 12:31:19.974  2108  6508 I vendor.qti.bluetooth@1.0-ibs_handler: ProcessIbsCmd: Received IBS_SLEEP_IND: 0xFE
05-25 12:31:19.974  2108  6508 D vendor.qti.bluetooth@1.0-ibs_handler: SerialClockVote: vote for UART CLK OFF
05-25 12:31:19.984  2154 11894 I DMABUFHEAPS: Using DMA-BUF heap named: qcom,system
05-25 12:31:19.984  2154 11894 I DMABUFHEAPS: Using DMA-BUF heap named: qcom,system
05-25 12:31:19.984  2154 11894 I DMABUFHEAPS: Using DMA-BUF heap named: qcom,system
05-25 12:31:19.984  2154 11894 I DMABUFHEAPS: Using DMA-BUF heap named: qcom,system
05-25 12:31:19.985 11831 13169 D PipelineWatcher: onInputBufferReleased: frameIndex not found (54726); ignored
05-25 12:31:19.989 11831 13169 D PipelineWatcher: onInputBufferReleased: frameIndex not found (54727); ignored
05-25 12:31:19.990  2727  3889 D InputReader: Btn_touch(5): value=0 when=924803.929200
05-25 12:31:19.990  2727  3889 I InputReader: Touch event's action is 0x1 (id=6, t=0) [pCnt=1, s=] when=924803.929200
05-25 12:31:19.990  2727  3888 I InputDispatcher: Delivering touch to (21054): action: 0x1, f=0x0, d=0, '9ac0ee8', t=1 
05-25 12:31:19.990 21054 21054 I VRI[MainActivity]@586c1fb: ViewPostIme pointer 1
05-25 12:31:19.993 21054 21054 I flutter : [TickDayAlarm][2026-05-25T12:31:19.993676][NotificationService] schedule start id=999889 payload=__fullscreen_auto__ fullScreen=true scheduledAt=2026-05-25 12:31:29.993594
05-25 12:31:19.993 21054 21054 I flutter : [TickDayAlarm][2026-05-25T12:31:19.993861][NotificationService] schedule accepted id=999889
05-25 12:31:19.996 21054 21054 I flutter : [TickDayAlarm][2026-05-25T12:31:19.996294][NotificationService] zonedSchedule start id=999889 scheduledAt=2026-05-25 12:31:29.993594+0900
05-25 12:31:19.996 21054 21054 I flutter : [TickDayAlarm][2026-05-25T12:31:19.996442][NotificationService] fullScreen=true skip flutter zonedSchedule id=999889
05-25 12:31:19.996 21054 21054 I flutter : [NotificationService] fullScreen=true skip flutter zonedSchedule
05-25 12:31:19.996 21054 21054 I flutter : [NativeAlarmService] ENTER scheduleAlarm alarmId=999889
05-25 12:31:19.996 21054 21054 I flutter : [TickDayAlarm][2026-05-25T12:31:19.996630][NativeAlarmService] scheduleAlarm alarmId=999889 itemId=__fullscreen_test__ memo=null scheduledAt=2026-05-25 12:31:29.993594
05-25 12:31:20.001  2154 11894 I DMABUFHEAPS: Using DMA-BUF heap named: qcom,system
05-25 12:31:20.001  2154 11894 I DMABUFHEAPS: Using DMA-BUF heap named: qcom,system
05-25 12:31:20.001  2154 11894 I DMABUFHEAPS: Using DMA-BUF heap named: qcom,system
05-25 12:31:20.001  2154 11894 I DMABUFHEAPS: Using DMA-BUF heap named: qcom,system
05-25 12:31:20.002 11831 13169 D PipelineWatcher: onInputBufferReleased: frameIndex not found (54728); ignored
05-25 12:31:20.005 11831 13169 D PipelineWatcher: onInputBufferReleased: frameIndex not found (54729); ignored
05-25 12:31:20.011 21054 21054 I TickDayAlarm: [TickDayAlarm][12:31:20.011][MainActivity][enter] scheduleAlarm alarmId=999889 triggerAtMillis=1779679889993 itemId=__fullscreen_test__ memo=null
05-25 12:31:20.011 21054 21054 I TickDayAlarm: [TickDayAlarm][12:31:20.011][MainActivity][step] sharedPrefs saved item_id_999889=__fullscreen_test__
05-25 12:31:20.011 21054 21054 I TickDayAlarm: [TickDayAlarm][12:31:20.011][MainActivity][step] pendingIntent created alarmId=999889
05-25 12:31:20.013 21054 21054 I TickDayAlarm: [TickDayAlarm][12:31:20.013][MainActivity][success] setExactAndAllowWhileIdle alarmId=999889 triggerAtMillis=1779679889993
05-25 12:31:20.013 21054 21054 I flutter : [TickDayAlarm][2026-05-25T12:31:20.013763][NativeAlarmService] scheduleAlarm method channel invoked alarmId=999889
05-25 12:31:20.013 21054 21054 I flutter : [NativeAlarmService] scheduleAlarm called
05-25 12:31:20.013 21054 21054 I flutter : [NativeAlarmService] alarm scheduled requestCode=999889
05-25 12:31:20.014 21054 21054 W WindowOnBackDispatcher: sendCancelIfRunning: isInProgress=false callback=io.flutter.embedding.android.FlutterActivity$1@e8bdd60
05-25 12:31:20.014  2727  5162 D CoreBackPreview: Window{9ac0ee8 u0 com.forgeapps.tickday/com.forgeapps.tickday.MainActivity}: Setting back callback OnBackInvokedCallbackInfo{mCallback=android.window.IOnBackInvokedCallback$Stub$Proxy@809d06a, mPriority=-1, mIsAnimationCallback=false, mOverrideBehavior=0}
05-25 12:31:20.017  2154 11894 I DMABUFHEAPS: Using DMA-BUF heap named: qcom,system
05-25 12:31:20.017  2154 11894 I DMABUFHEAPS: Using DMA-BUF heap named: qcom,system
05-25 12:31:20.017  2154 11894 I DMABUFHEAPS: Using DMA-BUF heap named: qcom,system
05-25 12:31:20.017  2154 11894 I DMABUFHEAPS: Using DMA-BUF heap named: qcom,system
05-25 12:31:20.018 11831 13169 D PipelineWatcher: onInputBufferReleased: frameIndex not found (54730); ignored
05-25 12:31:20.051 11831 13169 D PipelineWatcher: onInputBufferReleased: frameIndex not found (54731); ignored
05-25 12:31:20.066  2154 11894 I DMABUFHEAPS: Using DMA-BUF heap named: qcom,system
05-25 12:31:20.067  2154 11894 I DMABUFHEAPS: Using DMA-BUF heap named: qcom,system
05-25 12:31:20.067  2154 11894 I DMABUFHEAPS: Using DMA-BUF heap named: qcom,system
05-25 12:31:20.067  2154 11894 I DMABUFHEAPS: Using DMA-BUF heap named: qcom,system
05-25 12:31:20.069 11831 13169 D PipelineWatcher: onInputBufferReleased: frameIndex not found (54732); ignored
05-25 12:31:20.072 11831 13169 D PipelineWatcher: onInputBufferReleased: frameIndex not found (54733); ignored
05-25 12:31:20.083  2154 11894 I DMABUFHEAPS: Using DMA-BUF heap named: qcom,system
05-25 12:31:20.083  2154 11894 I DMABUFHEAPS: Using DMA-BUF heap named: qcom,system
05-25 12:31:20.083  2154 11894 I DMABUFHEAPS: Using DMA-BUF heap named: qcom,system
05-25 12:31:20.083  2154 11894 I DMABUFHEAPS: Using DMA-BUF heap named: qcom,system
05-25 12:31:20.084 11831 11840 D PipelineWatcher: onInputBufferReleased: frameIndex not found (54734); ignored
05-25 12:31:20.086 11831 11840 D PipelineWatcher: onInputBufferReleased: frameIndex not found (54735); ignored
05-25 12:31:20.100  2154 11894 I DMABUFHEAPS: Using DMA-BUF heap named: qcom,system
05-25 12:31:20.100  2154 11894 I DMABUFHEAPS: Using DMA-BUF heap named: qcom,system
05-25 12:31:20.100  2154 11894 I DMABUFHEAPS: Using DMA-BUF heap named: qcom,system
05-25 12:31:20.100  2154 11894 I DMABUFHEAPS: Using DMA-BUF heap named: qcom,system
05-25 12:31:20.101 11831 13169 D PipelineWatcher: onInputBufferReleased: frameIndex not found (54736); ignored
05-25 12:31:20.118 11831 11840 D PipelineWatcher: onInputBufferReleased: frameIndex not found (54737); ignored
05-25 12:31:20.118  2154 11894 I DMABUFHEAPS: Using DMA-BUF heap named: qcom,system
05-25 12:31:20.119  2154 11894 I DMABUFHEAPS: Using DMA-BUF heap named: qcom,system
05-25 12:31:20.119  2154 11894 I DMABUFHEAPS: Using DMA-BUF heap named: qcom,system
05-25 12:31:20.119  2154 11894 I DMABUFHEAPS: Using DMA-BUF heap named: qcom,system
05-25 12:31:20.119 11831 11840 D PipelineWatcher: onInputBufferReleased: frameIndex not found (54738); ignored
05-25 12:31:20.123  2124 16773 I sensors-hal: handle_sns_std_sensor_event:408, [SSC_LIGHT] P: 164(164),c:147,b:70,m:13,cl:25,l:166,s:143,l0:26144,l1:480,s0:19000,s1:0,acl:1,opr:0.80,f(r):108,u(bl):100,if:108,wi:0,si:0,0(N:0)
05-25 12:31:20.124  2108  5425 D vendor.qti.bluetooth@1.0-wake_lock: Release wakelock is released 
05-25 12:31:20.135 11831 11840 D PipelineWatcher: onInputBufferReleased: frameIndex not found (54739); ignored
05-25 12:31:20.136  2154 11894 I DMABUFHEAPS: Using DMA-BUF heap named: qcom,system
05-25 12:31:20.136  2154 11894 I DMABUFHEAPS: Using DMA-BUF heap named: qcom,system
05-25 12:31:20.136  2154 11894 I DMABUFHEAPS: Using DMA-BUF heap named: qcom,system
05-25 12:31:20.136  2154 11894 I DMABUFHEAPS: Using DMA-BUF heap named: qcom,system
05-25 12:31:20.137 11831 11840 D PipelineWatcher: onInputBufferReleased: frameIndex not found (54740); ignored
05-25 12:31:20.160 11831 11840 D PipelineWatcher: onInputBufferReleased: frameIndex not found (54741); ignored
05-25 12:31:20.161  2154 11894 I DMABUFHEAPS: Using DMA-BUF heap named: qcom,system
05-25 12:31:20.161  2154 11894 I DMABUFHEAPS: Using DMA-BUF heap named: qcom,system
05-25 12:31:20.161  2154 11894 I DMABUFHEAPS: Using DMA-BUF heap named: qcom,system
05-25 12:31:20.161  2154 11894 I DMABUFHEAPS: Using DMA-BUF heap named: qcom,system
05-25 12:31:20.162 11831 11840 D PipelineWatcher: onInputBufferReleased: frameIndex not found (54742); ignored
05-25 12:31:20.176 11831 11840 D PipelineWatcher: onInputBufferReleased: frameIndex not found (54743); ignored
05-25 12:31:20.183  2727  2727 I GestureDetector: handleMessage TAP
05-25 12:31:20.183  2727  3226 I GestureDetector: handleMessage TAP
05-25 12:31:20.190  2154 11894 I DMABUFHEAPS: Using DMA-BUF heap named: qcom,system
05-25 12:31:20.190  2154 11894 I DMABUFHEAPS: Using DMA-BUF heap named: qcom,system
05-25 12:31:20.190  2154 11894 I DMABUFHEAPS: Using DMA-BUF heap named: qcom,system
05-25 12:31:20.190  2154 11894 I DMABUFHEAPS: Using DMA-BUF heap named: qcom,system
05-25 12:31:20.191 11831 11840 D PipelineWatcher: onInputBufferReleased: frameIndex not found (54744); ignored
05-25 12:31:20.193 11831 11840 D PipelineWatcher: onInputBufferReleased: frameIndex not found (54745); ignored
05-25 12:31:20.207  2154 11894 I DMABUFHEAPS: Using DMA-BUF heap named: qcom,system
05-25 12:31:20.207  2154 11894 I DMABUFHEAPS: Using DMA-BUF heap named: qcom,system
05-25 12:31:20.207  2154 11894 I DMABUFHEAPS: Using DMA-BUF heap named: qcom,system
05-25 12:31:20.207  2154 11894 I DMABUFHEAPS: Using DMA-BUF heap named: qcom,system
05-25 12:31:20.208 11831 11840 D PipelineWatcher: onInputBufferReleased: frameIndex not found (54746); ignored
05-25 12:31:20.209 11831 11840 D PipelineWatcher: onInputBufferReleased: frameIndex not found (54747); ignored
05-25 12:31:20.223  2154 11894 I DMABUFHEAPS: Using DMA-BUF heap named: qcom,system
05-25 12:31:20.223  2154 11894 I DMABUFHEAPS: Using DMA-BUF heap named: qcom,system
05-25 12:31:20.223  2154 11894 I DMABUFHEAPS: Using DMA-BUF heap named: qcom,system
05-25 12:31:20.223  2154 11894 I DMABUFHEAPS: Using DMA-BUF heap named: qcom,system
05-25 12:31:20.224 11831 11840 D PipelineWatcher: onInputBufferReleased: frameIndex not found (54748); ignored
05-25 12:31:20.227 11831 11840 D PipelineWatcher: onInputBufferReleased: frameIndex not found (54749); ignored
05-25 12:31:20.241  2154 11894 I DMABUFHEAPS: Using DMA-BUF heap named: qcom,system
05-25 12:31:20.241  2154 11894 I DMABUFHEAPS: Using DMA-BUF heap named: qcom,system
05-25 12:31:20.241  2154 11894 I DMABUFHEAPS: Using DMA-BUF heap named: qcom,system
05-25 12:31:20.241  2154 11894 I DMABUFHEAPS: Using DMA-BUF heap named: qcom,system
05-25 12:31:20.242 11831 11840 D PipelineWatcher: onInputBufferReleased: frameIndex not found (54750); ignored
05-25 12:31:20.246 11831 11840 D PipelineWatcher: onInputBufferReleased: frameIndex not found (54751); ignored
05-25 12:31:20.258  2154 11894 I DMABUFHEAPS: Using DMA-BUF heap named: qcom,system
05-25 12:31:20.258  2154 11894 I DMABUFHEAPS: Using DMA-BUF heap named: qcom,system
05-25 12:31:20.258  2154 11894 I DMABUFHEAPS: Using DMA-BUF heap named: qcom,system
05-25 12:31:20.258  2154 11894 I DMABUFHEAPS: Using DMA-BUF heap named: qcom,system
05-25 12:31:20.259 11831 11840 D PipelineWatcher: onInputBufferReleased: frameIndex not found (54752); ignored
05-25 12:31:20.262 11831 11840 D PipelineWatcher: onInputBufferReleased: frameIndex not found (54753); ignored
05-25 12:31:20.274  2154 11894 I DMABUFHEAPS: Using DMA-BUF heap named: qcom,system
05-25 12:31:20.274  2154 11894 I DMABUFHEAPS: Using DMA-BUF heap named: qcom,system
05-25 12:31:20.274  2154 11894 I DMABUFHEAPS: Using DMA-BUF heap named: qcom,system
05-25 12:31:20.275  2154 11894 I DMABUFHEAPS: Using DMA-BUF heap named: qcom,system
05-25 12:31:20.276 11831 11840 D PipelineWatcher: onInputBufferReleased: frameIndex not found (54754); ignored
05-25 12:31:20.279 11831 11840 D PipelineWatcher: onInputBufferReleased: frameIndex not found (54755); ignored
05-25 12:31:20.305  2727  4418 D SemWifiSwitchForIndividualAppsService: isSkipTcpMonitorInfo - result:2
05-25 12:31:20.341  2150  2439 I SDM     : DisplayBase::CommitThread: Received idle timeout, panel: cmd, timeout: 70000 us
05-25 12:31:20.383  2154 11894 I DMABUFHEAPS: Using DMA-BUF heap named: qcom,system
05-25 12:31:20.383  2154 11894 I DMABUFHEAPS: Using DMA-BUF heap named: qcom,system
05-25 12:31:20.383  2154 11894 I DMABUFHEAPS: Using DMA-BUF heap named: qcom,system
05-25 12:31:20.383  2154 11894 I DMABUFHEAPS: Using DMA-BUF heap named: qcom,system
05-25 12:31:20.384 11831 11840 D PipelineWatcher: onInputBufferReleased: frameIndex not found (54756); ignored
05-25 12:31:20.463  2231  3299 D StreamHalAidl: [out|ioHandle:13] standby
05-25 12:31:20.463  2231  3299 D StreamHalAidl: [out|ioHandle:13] pause
05-25 12:31:20.464  2231  3299 D StreamHalAidl: [out|ioHandle:13] flush
05-25 12:31:20.464  2127  3282 I PAL: API: pal_stream_stop: 490: Enter. Stream handle :0xb40000742fce6ad0K
05-25 12:31:20.464  2127  3282 D AGM: graph: graph_stop: 963 entry graph_handle 0x147534c
05-25 12:31:20.473  2127  3282 D AGM: graph: graph_stop: 1011 exit, ret 0
05-25 12:31:20.473  2127  3282 I PAL: SpeakerProtectionTI: spkrProtProcessingMode: 448: Flag 0
05-25 12:31:20.473  2127  3282 I PAL: PayloadBuilder: payloadTISPCommConfig: 4738: param_id 0x10010002
05-25 12:31:20.473  2127  3282 I PAL: PayloadBuilder: payloadTISPCommConfig: 4775: payloadInfo for TI Speakerprotection for parm_id 0x10010002 2
05-25 12:31:20.474  2127  3282 I PAL: SpeakerProtectionTI: printLibVersion: 2217: [TI-SmartPA] Algo Library Version: 0x400069
05-25 12:31:20.474  2127  3282 I PAL: PayloadBuilder: payloadTISPCommConfig: 4738: param_id 0x10020007
05-25 12:31:20.474  2127  3282 I PAL: PayloadBuilder: payloadTISPCommConfig: 4775: payloadInfo for TI Speakerprotection for parm_id 0x10020007 7
05-25 12:31:20.474  2127  3282 I PAL: SpeakerProtectionTI: printACDBInfo: 2244: [TI-SmartPA] Algo Param Version 7:5/12/24[dd-mm-yy] 9h:43m:44s [hh:mm:ss]
05-25 12:31:20.474  2127  3282 I PAL: SpeakerProtectionTI: [TI-SmartPA] Algo param version 8: 0x25c0286
05-25 12:31:20.474  2127  3282 I PAL: PayloadBuilder: payloadTISPConfig: 4689: payloadInfo for TI Speakerprotection for parm_id 0x10080ef0 3824
05-25 12:31:20.475  2127  3282 I PAL: SpeakerProtectionTI: smartpa_get_bigdata: 1961: [TI-SmartPA] session data [maxT 66, maxX 0.263, cntTmax 0 cntXmax 0] for channel 0
05-25 12:31:20.475  2127  3282 I PAL: SpeakerProtectionTI: printBigdata: 1862: [TI-SmartPA] big data [MaxTemp 71, MaxTemp(keep) 73, MaxExc 0.263, TOC 0 EOC 0] for channel 0
05-25 12:31:20.475  2127  3282 I PAL: PayloadBuilder: payloadTISPConfig: 4689: payloadInfo for TI Speakerprotection for parm_id 0x20080ef0 3824
05-25 12:31:20.476  2127  3282 I PAL: SpeakerProtectionTI: smartpa_get_bigdata: 1961: [TI-SmartPA] session data [maxT 41, maxX 0.277, cntTmax 0 cntXmax 0] for channel 1
05-25 12:31:20.476  2127  3282 I PAL: SpeakerProtectionTI: printBigdata: 1862: [TI-SmartPA] big data [MaxTemp 51, MaxTemp(keep) 65, MaxExc 0.277, TOC 0 EOC 0] for channel 1
05-25 12:31:20.476  2127  3282 I PAL: SpeakerProtectionTI: smartpa_get_bigdata: 1985: [TI-SmartPA] silence count stats: current(0) total(68) for channel 0
05-25 12:31:20.476  2127  3282 I PAL: SpeakerProtectionTI: smartpa_get_bigdata: 1985: [TI-SmartPA] silence count stats: current(0) total(68) for channel 1
05-25 12:31:20.476  2127  3282 I PAL: SpeakerProtectionTI: spkrProtSetSpkrStatus: 250: Speaker used last time 1774184
05-25 12:31:20.476  2127  3282 I PAL: SpeakerProtectionTI: spkrProtProcessingMode: 946: Closing VI path
05-25 12:31:20.476  2127  3282 D AGM: graph: graph_stop: 963 entry graph_handle 0x47534c
05-25 12:31:20.478  2127  3282 D AGM: graph: graph_stop: 1011 exit, ret 0
05-25 12:31:20.478  2127  3282 I AGM: API: agm_session_aif_connect: 656 disconnecting aifid:29 with session id=121
05-25 12:31:20.478  2127  3282 D AGM: graph: graph_stop: 963 entry graph_handle 0x47534c
05-25 12:31:20.479  2127  3282 D AGM: graph: graph_stop: 1011 exit, ret 0
05-25 12:31:20.479  2127  3282 I AGM: device: device_close: 567 PCM device 29 closed
05-25 12:31:20.479  2127  3282 I PAL: ResourceManager: freeFrontEndIds: 7716: stream type 1, freeing 121
05-25 12:31:20.479  2127  3282 I AgmIpc::Server: removeSessionHandle removing handle b40000742fccba90 for session 121
05-25 12:31:20.479  2127  3282 D AGM: session: session_close: 1324 enter
05-25 12:31:20.479  2127  3282 D AGM: graph: graph_close: 792 entry handle 0x47534c
05-25 12:31:20.479  2127  3282 D AGM: graph: graph_close: 813 exit, ret 0
05-25 12:31:20.479  2127  3282 D AGM: session: session_close: 1380 exit, ret 0
05-25 12:31:20.479  2127  3282 I PAL: API: pal_stream_stop: 548: Exit. status 0
05-25 12:31:20.479  2127  3282 I PAL: API: pal_stream_close: 328: Enter. Stream handle :0xb40000742fce6ad0K
05-25 12:31:20.479  2127  3282 I AGM: API: agm_session_aif_connect: 656 disconnecting aifid:28 with session id=126
05-25 12:31:20.479  2127  3282 D AGM: graph: graph_stop: 963 entry graph_handle 0x147534c
05-25 12:31:20.481  2127  3282 D AGM: graph: graph_stop: 1011 exit, ret 0
05-25 12:31:20.485 11831 11840 D PipelineWatcher: onInputBufferReleased: frameIndex not found (54757); ignored
05-25 12:31:20.509  2127  3282 I AGM: device: device_close: 567 PCM device 28 closed
05-25 12:31:20.509  2127  3282 I AGM: session: session_obj_set_sess_aif_metadata: 1882 Exit
05-25 12:31:20.509  2127  3282 I AgmIpc::Server: removeSessionHandle removing handle b40000742fccd150 for session 126
05-25 12:31:20.509  2127  3282 D AGM: session: session_close: 1324 enter
05-25 12:31:20.509  2127  3282 D AGM: graph: graph_close: 792 entry handle 0x147534c
05-25 12:31:20.510  2127  3282 D AGM: graph: graph_close: 813 exit, ret 0
05-25 12:31:20.510  2127  3282 D AGM: session: session_close: 1380 exit, ret 0
05-25 12:31:20.511  2127  3282 I PAL: ResourceManager: freeFrontEndIds: 7716: stream type 8, freeing 126
05-25 12:31:20.511  2127  3282 I PAL: Device: close: 588: Enter. deviceCount 1 for device id 3 (PAL_DEVICE_OUT_SPEAKER)
05-25 12:31:20.511  2127  3282 I PAL: Device: close: 602: Exit. deviceCount 0 for device id 3 (PAL_DEVICE_OUT_SPEAKER), exit status 0
05-25 12:31:20.511  2127  3282 I PAL: ResourceManager: GetConcurrencyInfo: 5778: stream type 8 Tx conc 0, Rx conc 1, concurrency allowed
05-25 12:31:20.511  2127  3282 I PAL: ResourceManager: GetConcurrencyInfo: 5778: stream type 8 Tx conc 0, Rx conc 1, concurrency allowed
05-25 12:31:20.511  2127  3282 I PAL: ResourceManager: GetConcurrencyInfo: 5778: stream type 8 Tx conc 0, Rx conc 1, concurrency allowed
05-25 12:31:20.511  2127  3282 I PAL: ResourceManager: GetConcurrencyInfo: 5778: stream type 8 Tx conc 0, Rx conc 1, concurrency allowed
05-25 12:31:20.511  2127  3282 I PAL: StreamSoundTrigger: HandleConcurrentStream: 622: Enter
05-25 12:31:20.511  2127  3282 I PAL: StreamSoundTrigger: GetCurrentCaptureProfile: 1986: cap_prof SINGLE_MIC_16KHZ_16BIT_RAW_LPI: dev_id=0x29, chs=1, sr=16000, snd_name=va-mic-mono-lpi, ec_ref=0
05-25 12:31:20.511  2127  3282 I PAL: StreamSoundTrigger: ProcessEvent: 2256: StLoaded: handle event 15 for stream instance 1
05-25 12:31:20.511  2127  3282 I PAL: StreamSoundTrigger: GetCurrentCaptureProfile: 1986: cap_prof SINGLE_MIC_16KHZ_16BIT_RAW_LPI: dev_id=0x29, chs=1, sr=16000, snd_name=va-mic-mono-lpi, ec_ref=0
05-25 12:31:20.511  2127  3282 I PAL: StreamSoundTrigger: ProcessEvent: 2598: current capture profile SINGLE_MIC_48KHZ_16BIT_RAW_NLPI: dev_id=0x29, chs=1, sr=48000, ec_ref=0
05-25 12:31:20.511  2127  3282 I PAL: StreamSoundTrigger: ProcessEvent: 2605: new capture profile SINGLE_MIC_16KHZ_16BIT_RAW_LPI: dev_id=0x29, chs=1, sr=16000, ec_ref=0
05-25 12:31:20.514  2127  3282 I PAL: SoundTriggerEngineGsl: ReconfigureDetectionGraph: 1123: Enter
05-25 12:31:20.514  2127  3282 I AGM: API: agm_session_aif_connect: 656 disconnecting aifid:47 with session id=115
05-25 12:31:20.514  2127  3282 I AGM: session: session_obj_set_sess_aif_metadata: 1882 Exit
05-25 12:31:20.514  2127  3282 I PAL: ResourceManager: freeFrontEndIds: 7716: stream type 17, freeing 115
05-25 12:31:20.515  2127  3282 I PAL: ResourceManager: getKernelConfigInfo: 15664: micbias=0, dmic clk=0(0,0,0), dmic status=0(0,0,0)
05-25 12:31:20.515  2127  3282 I PAL: SoundTriggerEngineGsl: UpdateState: 578: Engine state transitioned from 1 to 0
05-25 12:31:20.515  2127  3282 D PAL: HotwordInterface: SetParameter: 167: Unsupported param id 4
05-25 12:31:20.515  2127  3282 I PAL: SoundTriggerEngineGsl: ReconfigureDetectionGraph: 1159: Exit, status = 0
05-25 12:31:20.515  2127  3282 I PAL: StreamSoundTrigger: TransitTo: 2021: Stream instance 1: state transitioned from ST_STATE_LOADED to ST_STATE_IDLE
05-25 12:31:20.515  2127  3282 I PAL: StreamSoundTrigger: HandleConcurrentStream: 648: Exit, status 0
05-25 12:31:20.515  2127  3282 I PAL: StreamSoundTrigger: HandleConcurrentStream: 622: Enter
05-25 12:31:20.515  2127  3282 I PAL: StreamSoundTrigger: GetCurrentCaptureProfile: 1986: cap_prof SINGLE_MIC_16KHZ_16BIT_RAW_LPI: dev_id=0x29, chs=1, sr=16000, snd_name=va-mic-mono-lpi, ec_ref=0
05-25 12:31:20.515  2127  3282 I PAL: StreamSoundTrigger: ProcessEvent: 2035: StIdle: handle event 15 for stream instance 1
05-25 12:31:20.515  2127  3282 I PAL: StreamSoundTrigger: GetCurrentCaptureProfile: 1986: cap_prof SINGLE_MIC_16KHZ_16BIT_RAW_LPI: dev_id=0x29, chs=1, sr=16000, snd_name=va-mic-mono-lpi, ec_ref=0
05-25 12:31:20.515  2127  3282 I PAL: StreamSoundTrigger: ProcessEvent: 2188: current capture profile SINGLE_MIC_48KHZ_16BIT_RAW_NLPI: dev_id=0x29, chs=1, sr=48000, ec_ref=0
05-25 12:31:20.515  2127  3282 I PAL: StreamSoundTrigger: ProcessEvent: 2195: new capture profile SINGLE_MIC_16KHZ_16BIT_RAW_LPI: dev_id=0x29, chs=1, sr=16000, ec_ref=0
05-25 12:31:20.515  2127  3282 I PAL: StreamSoundTrigger: GetCurrentCaptureProfile: 1986: cap_prof SINGLE_MIC_16KHZ_16BIT_RAW_LPI: dev_id=0x29, chs=1, sr=16000, snd_name=va-mic-mono-lpi, ec_ref=0
05-25 12:31:20.515  2127  3282 I PAL: StreamSoundTrigger: UpdateDeviceConfig: 1194: devicepp selector: SINGLE_MIC_16KHZ_16BIT_RAW_LPI
05-25 12:31:20.515  2127  3282 I PAL: Device: setDeviceAttributes: 449: DeviceAttributes for Device Id 41 updated
05-25 12:31:20.515  2127  3282 I PAL: SoundTriggerEngineGsl: LoadSoundModel: 738: Enter
05-25 12:31:20.515  2127  3282 I PAL: ResourceManager: allocateFrontEndIds: 7472: allocateFrontEndIds: front end 115
05-25 12:31:20.515  2127  3282 I PAL: PayloadBuilder: populateStreamKV: 3201: stream type 17
05-25 12:31:20.516  2127  3282 I PAL: PayloadBuilder: getSelectorValues: 3070: VUI module type:HOTWORD
05-25 12:31:20.516  2127  3282 I PAL: PayloadBuilder: getSelectorValues: 3033: Instance: 1
05-25 12:31:20.516  2127  3282 I PAL: PayloadBuilder: findKVs: 2907: key: 0xbc000000 value: 0xbc000002
05-25 12:31:20.516  2127  3282 I PAL: PayloadBuilder: findKVs: 2907: key: 0xb1000000 value: 0xb1000003
05-25 12:31:20.516  2127  3282 I PAL: PayloadBuilder: findKVs: 2907: key: 0xab000000 value: 0x1
05-25 12:31:20.516  2127  3282 I PAL: PayloadBuilder: populateStreamCkv: 3524: stream channels 1
05-25 12:31:20.516  2127  3282 I PAL: PayloadBuilder: populateDeviceKV: 3325: Enter device id:41
05-25 12:31:20.516  2127  3282 I PAL: PayloadBuilder: findKVs: 2920: key: 0xa3000000 value: 0xa3000006
05-25 12:31:20.516  2127  3282 I PAL: PayloadBuilder: populateDeviceKV: 3353: Exit device id:41, status 0
05-25 12:31:20.516  2127  3282 I PAL: PayloadBuilder: populateDevicePPKV: 3485: Tx device id:41
05-25 12:31:20.516  2127  3282 I PAL: PayloadBuilder: getSelectorValues: 3099: stream type: 17
05-25 12:31:20.516  2127  3282 I PAL: PayloadBuilder: getSelectorValues: 3094: devicePP_type:SINGLE_MIC_16KHZ_16BIT_RAW_LPI
05-25 12:31:20.516  2127  3282 I PAL: PayloadBuilder: findKVs: 2907: key: 0xa3000000 value: 0xa3000006
05-25 12:31:20.516  2127  3282 I PAL: PayloadBuilder: findKVs: 2907: key: 0xad000000 value: 0xad00000c
05-25 12:31:20.516  2127  3282 I PAL: PayloadBuilder: populateDevicePPCkv: 3594: channels 1, id 41
05-25 12:31:20.516  2127  3282 I AGM: session: session_obj_set_sess_aif_metadata: 1882 Exit
05-25 12:31:20.516  2127  3282 I AGM: API: agm_session_aif_connect: 656 connecting aifid:47 with session id=115
05-25 12:31:20.516  2127  3282 D PAL: HotwordInterface: SetParameter: 167: Unsupported param id 3
05-25 12:31:20.516  2127  3282 I PAL: SoundTriggerEngineGsl: UpdateSessionPayload: 1803: Enter, param : 0
05-25 12:31:20.516  2127  3282 I PAL: PayloadBuilder: payloadConfig: 1835: PID 0x800104c, payload 0xb40000723d454fc0K size 110648
05-25 12:31:20.516  2127  3282 I PAL: SessionAlsaPcm: setParameters: 3173: customPayloadSize = 110648
05-25 12:31:20.516  2127  3282 I PAL: SoundTriggerEngineGsl: UpdateState: 578: Engine state transitioned from 0 to 1
05-25 12:31:20.516  2127  3282 I PAL: SoundTriggerEngineGsl: LoadSoundModel: 786: Exit, status = 0
05-25 12:31:20.516  2127  3282 I PAL: StreamSoundTrigger: TransitTo: 2021: Stream instance 1: state transitioned from ST_STATE_IDLE to ST_STATE_LOADED
05-25 12:31:20.516  2127  3282 I PAL: StreamSoundTrigger: HandleConcurrentStream: 640: NLPI->LPI switch takes 5ms
05-25 12:31:20.516  2127  3282 I PAL: StreamSoundTrigger: HandleConcurrentStream: 648: Exit, status 0
05-25 12:31:20.516  2127  3282 I PAL: ResourceManager: voteSleepMonitor: 2344: Unvoting done for nlpi use case, lpi votes 1, nlpi votes : 0
05-25 12:31:20.516  2127  3282 I PAL: ResourceManager: deregisterStream: 3923: stream type 8
05-25 12:31:20.516  2127  3282 I PAL: API: pal_stream_close: 382: Exit. status 0
05-25 12:31:20.516  2127  3282 D AHAL_StreamOut_QTI: standby : usecase: PRIMARY_PLAYBACK IoHandle: 13 
05-25 12:31:20.517  2231  3299 I AudioFlinger::DualSpkControl: setAmpPower sensor status 0, enableAmp 0
05-25 12:31:20.517  2231  3299 D StreamHalAidl: [out|ioHandle:13] setParameters: parameters: "l_dual_speaker_amp_left_power_enable=false"
05-25 12:31:20.517  2127  6097 D AHAL_StreamOut_QTI: setVendorParameters : usecase: PRIMARY_PLAYBACK IoHandle: 13 : configured l_dual_speaker_amp_left_power_enable
05-25 12:31:20.517  2231  3299 D StreamHalAidl: [out|ioHandle:21] setParameters: parameters: "l_dual_speaker_amp_left_power_enable=false"
05-25 12:31:20.517  2127  2127 D AHAL_StreamOut_QTI: setVendorParameters : usecase: DEEP_BUFFER_PLAYBACK IoHandle: 21 : configured l_dual_speaker_amp_left_power_enable
05-25 12:31:20.517  2231  3299 D StreamHalAidl: [out|ioHandle:29] setParameters: parameters: "l_dual_speaker_amp_left_power_enable=false"
05-25 12:31:20.517  2127  2127 D AHAL_StreamOut_QTI: setVendorParameters : usecase: LOW_LATENCY_PLAYBACK IoHandle: 29 : configured l_dual_speaker_amp_left_power_enable
05-25 12:31:20.517  2231  3299 D StreamHalAidl: [out|ioHandle:37] setParameters: parameters: "l_dual_speaker_amp_left_power_enable=false"
05-25 12:31:20.517  2127  6097 D AHAL_StreamOut_QTI: setVendorParameters : usecase: ULL_PLAYBACK IoHandle: 37 : configured l_dual_speaker_amp_left_power_enable
05-25 12:31:20.517  2231  3299 D StreamHalAidl: [out|ioHandle:45] setParameters: parameters: "l_dual_speaker_amp_left_power_enable=false"
05-25 12:31:20.517  2127  6097 D AHAL_StreamOut_QTI: setVendorParameters : usecase: HAPTICS_PLAYBACK IoHandle: 45 : configured l_dual_speaker_amp_left_power_enable
05-25 12:31:20.517  2231  3299 D StreamHalAidl: [out|ioHandle:61] setParameters: parameters: "l_dual_speaker_amp_left_power_enable=false"
05-25 12:31:20.517  2127  6097 D AHAL_StreamOut_QTI: setVendorParameters : usecase: DEEP_BUFFER_PLAYBACK IoHandle: 61 : configured l_dual_speaker_amp_left_power_enable
05-25 12:31:20.517  2231  3299 D StreamHalAidl: [out|ioHandle:69] setParameters: parameters: "l_dual_speaker_amp_left_power_enable=false"
05-25 12:31:20.517  2127  6097 D AHAL_StreamOut_QTI: setVendorParameters : usecase: VOIP_PLAYBACK IoHandle: 69 : configured l_dual_speaker_amp_left_power_enable
05-25 12:31:20.518  2231  3299 D StreamHalAidl: [out|ioHandle:77] setParameters: parameters: "l_dual_speaker_amp_left_power_enable=false"
05-25 12:31:20.518  2127  2127 D AHAL_StreamOut_QTI: setVendorParameters : usecase: IN_CALL_MUSIC IoHandle: 77 : configured l_dual_speaker_amp_left_power_enable
05-25 12:31:20.518  2231  3299 D StreamHalAidl: [out|ioHandle:4989] setParameters: parameters: "l_dual_speaker_amp_left_power_enable=false"
05-25 12:31:20.518  2127  2127 D AHAL_Stream: setVendorParameters: parameters count 1, async: 0
05-25 12:31:20.518  2231  3299 E ConversionHelperAidl: Function: parseAndSetVendorParameters Line: 104 Failed 
05-25 12:31:20.546  2135 22601 I HYPER-HAL: [RequestManager.cpp]releaseLocked(): Released ID : 3788153
05-25 12:31:20.551  2250  2326 E HeatmapThread: ECT Thread time in milliseconds: 1779679880
05-25 12:31:20.553  2250  2326 D HeatmapThread: !@ batteryplugType : 2
05-25 12:31:20.553  2250  2326 D HeatmapThread: !@ batteryLevel : 76  batteryTemperature : 343 
05-25 12:31:20.553  2250  2326 D HeatmapThread: !@ Heatmap currtime: 29661331
05-25 12:31:20.553  2250  2326 D HeatmapThread: !@ Heatmap prevtime: 29661309
05-25 12:31:20.553  2250  2326 D HeatmapThread: !@ Heatmap plugstarttime: 29661249
05-25 12:31:20.553  2250  2326 D HeatmapThread: !@ Heatmap prevv_dsoh_update_time: 29661309
05-25 12:31:20.553  2250  2326 E HeatmapThread: !@ CAM New BSOH: 100
05-25 12:31:20.553  2250  2326 E HeatmapThread: !@ CAM is Working
05-25 12:31:20.582  2154 11894 I DMABUFHEAPS: Using DMA-BUF heap named: qcom,system
05-25 12:31:20.582  2154 11894 I DMABUFHEAPS: Using DMA-BUF heap named: qcom,system
05-25 12:31:20.582  2154 11894 I DMABUFHEAPS: Using DMA-BUF heap named: qcom,system
05-25 12:31:20.583  2154 11894 I DMABUFHEAPS: Using DMA-BUF heap named: qcom,system
05-25 12:31:20.583  2154 11894 I CV      : File: vendor/qcom/proprietary/cv-noship/eva/4.0/src/cpu/evaDme.cpp Line: 946 Function: evaDmeSetFrameConfig() Msg: Frame Operational FPS changed : nFOperationalFps 60 eColorFormat 3 
05-25 12:31:20.583  2154 11894 E CV      : File: vendor/qcom/proprietary/cv-noship/eva/4.0/src/cpu/evaPower.cpp Line: 2321 Function: Voteclocks() Msg: Error: evaDeaggreatePower executed
05-25 12:31:20.584 11831 11840 D PipelineWatcher: onInputBufferReleased: frameIndex not found (54758); ignored
05-25 12:31:20.604  2124 16773 I sensors-hal: handle_sns_std_sensor_event:408, [SSC_LIGHT] P: 217(217),c:187,b:70,m:13,cl:32,l:231,s:195,l0:36096,l1:672,s0:26000,s1:0,acl:1,opr:0.80,f(r):108,u(bl):100,if:108,wi:0,si:0,0(N:0)
05-25 12:31:20.682 11831 11840 D PipelineWatcher: onInputBufferReleased: frameIndex not found (54759); ignored
05-25 12:31:20.748  1097  1097 D io_stats: !@   8,0 r 249812521 5595070828 w 53808621 1221350812 d 6487616 1370084016 f 2041950 4900218 iot 23114324 0 th 0 0 0 pt 0 inp 0 0 924804.687
05-25 12:31:20.760  2124  4700 I sensors-hal: handle_sns_client_event:379, [0][13885979] accel_sample [-0.134,  7.200,  5.130] 1774184364663600
05-25 12:31:20.784  2154 11894 I DMABUFHEAPS: Using DMA-BUF heap named: qcom,system
05-25 12:31:20.785  2154 11894 I DMABUFHEAPS: Using DMA-BUF heap named: qcom,system
05-25 12:31:20.785  2154 11894 I DMABUFHEAPS: Using DMA-BUF heap named: qcom,system
05-25 12:31:20.785  2154 11894 I DMABUFHEAPS: Using DMA-BUF heap named: qcom,system
05-25 12:31:20.788 11831 11840 D PipelineWatcher: onInputBufferReleased: frameIndex not found (54760); ignored
05-25 12:31:20.886 11831 11840 D PipelineWatcher: onInputBufferReleased: frameIndex not found (54761); ignored
05-25 12:31:20.923  2124 16773 I sensors-hal: handle_sns_std_sensor_event:408, [SSC_LIGHT] P: 303(303),c:187,b:70,m:13,cl:32,l:298,s:300,l0:45344,l1:960,s0:40000,s1:0,acl:1,opr:0.80,f(r):108,u(bl):100,if:108,wi:0,si:0,0(N:0)
05-25 12:31:20.960  2727  4288 E WifiStaIfaceAidlImpl: getCachedScanData failed with service-specific exception: android.os.ServiceSpecificException:  (code 4)
05-25 12:31:20.963  2727  7108 D SemWifiUsabilityStatsMonitor: onWifiUsabilityStats - seqNum 159907, isSameBssidAndFreq true
05-25 12:31:20.964  2727  4391 D InsDataManager: onOutageCountUpdate() - Outage Data: 0, LQ : N. Outage Triggered: false
05-25 12:31:20.964  4602  4731 D Tile.WifiTile: handleUpdateState isTransient=false transientEnabling =false cb.isTransient=false state.state = 2 mStateBeforeClick.value =true enabled =true
05-25 12:31:20.964  2727  4391 D InsDataManager: Trying to save initial normal data.
05-25 12:31:20.964  2727  4391 D SensorCollector: syncMappedBuffers: 0, 120, 0
05-25 12:31:20.964  2727  4391 D InsDataManager: trimBuffers start.
05-25 12:31:20.964  2727  4391 D InsDataManager: trimBuffers - nsmBuffer size: 26
05-25 12:31:20.964  5170  5277 I HoneySpace.StatusIconTracker: invokeEvent() called with: event = Wifi(visible=true, resId=2131236018, activityId=2131236053)
05-25 12:31:20.964  2727  4391 D InsDataManager: Too short for collecting additional normal data
05-25 12:31:20.964  2727  4391 D SemInsManager: {"bssid": "94db60f05745","rssi": -24.0,"latency": 0.0,"outage_count": 0,"lq_callback_triggered": false,"outage_log": "Unreliable statistics: -24.0 / 0 / 0 / 0 / 0 || 94db60f05745: 0.000 / 0.000 / @ || N N / 0 0 / N 2.0 / N X 1 / 924804902 0 || 2026-05-25 12:31:20  / 2: 0 0 0 0 0 0 / 5: 0 0 0 0 0 0 / 2: 0 0 0 0 0 0""Magnetic Sensor Events size": "0""Pressure Sensor Events size": "0"}
05-25 12:31:20.977  2269  4000 I VSyncReactor: Current= 120, Period= 120, Distance= 1
05-25 12:31:20.979  2154 11894 I DMABUFHEAPS: Using DMA-BUF heap named: qcom,system
05-25 12:31:20.979  2154 11894 I DMABUFHEAPS: Using DMA-BUF heap named: qcom,system
05-25 12:31:20.980  2154 11894 I DMABUFHEAPS: Using DMA-BUF heap named: qcom,system
05-25 12:31:20.980  2150 26561 I SDM     : AIScalerFeatureIntfImpl::LookupConfig: Scale ratio = 1.780000
05-25 12:31:20.980  2150 26561 I SDM     : AIScalerParserIntfImpl::LookupConfig: Scale Ratio Match Found Here
05-25 12:31:20.980  2154 11894 I DMABUFHEAPS: Using DMA-BUF heap named: qcom,system
05-25 12:31:20.982 11831 11840 D PipelineWatcher: onInputBufferReleased: frameIndex not found (54762); ignored
05-25 12:31:20.985  2269  4000 I VSyncReactor: Current= 120, Period= 120, Distance= 120
05-25 12:31:21.007 11831 13169 D PipelineWatcher: onInputBufferReleased: frameIndex not found (54763); ignored
05-25 12:31:21.051  2150  2439 I SDM     : DisplayBase::CommitThread: Received idle timeout, panel: cmd, timeout: 69999 us
05-25 12:31:21.085  2154 11894 I DMABUFHEAPS: Using DMA-BUF heap named: qcom,system
05-25 12:31:21.085  2154 11894 I DMABUFHEAPS: Using DMA-BUF heap named: qcom,system
05-25 12:31:21.085  2154 11894 I DMABUFHEAPS: Using DMA-BUF heap named: qcom,system
05-25 12:31:21.085  2154 11894 I DMABUFHEAPS: Using DMA-BUF heap named: qcom,system
05-25 12:31:21.085  2154 11894 I CV      : File: vendor/qcom/proprietary/cv-noship/eva/4.0/src/cpu/evaDme.cpp Line: 946 Function: evaDmeSetFrameConfig() Msg: Frame Operational FPS changed : nFOperationalFps 30 eColorFormat 3 
05-25 12:31:21.085  2154 11894 E CV      : File: vendor/qcom/proprietary/cv-noship/eva/4.0/src/cpu/evaPower.cpp Line: 2321 Function: Voteclocks() Msg: Error: evaDeaggreatePower executed
05-25 12:31:21.087 11831 13169 D PipelineWatcher: onInputBufferReleased: frameIndex not found (54764); ignored
05-25 12:31:21.196 11831 13169 D PipelineWatcher: onInputBufferReleased: frameIndex not found (54765); ignored
05-25 12:31:21.244  2124 16773 I sensors-hal: handle_sns_std_sensor_event:408, [SSC_LIGHT] P: 160(160),c:187,b:70,m:13,cl:32,l:148,s:123,l0:24736,l1:544,s0:16500,s1:0,acl:1,opr:0.80,f(r):108,u(bl):100,if:108,wi:0,si:0,0(N:0)
05-25 12:31:21.292  2154 11894 I DMABUFHEAPS: Using DMA-BUF heap named: qcom,system
05-25 12:31:21.292  2154 11894 I DMABUFHEAPS: Using DMA-BUF heap named: qcom,system
05-25 12:31:21.292  2154 11894 I DMABUFHEAPS: Using DMA-BUF heap named: qcom,system
05-25 12:31:21.292  2154 11894 I DMABUFHEAPS: Using DMA-BUF heap named: qcom,system
05-25 12:31:21.293 11831 13169 D PipelineWatcher: onInputBufferReleased: frameIndex not found (54766); ignored
05-25 12:31:21.309  2727  4418 D SemWifiSwitchForIndividualAppsService: isSkipTcpMonitorInfo - result:2
05-25 12:31:21.396 11831 13169 D PipelineWatcher: onInputBufferReleased: frameIndex not found (54767); ignored
05-25 12:31:21.484  2135 22597 I HYPER-HAL: [RequestManager.cpp]releaseLocked(): Released ID : 5345815
05-25 12:31:21.496  2154 11894 I DMABUFHEAPS: Using DMA-BUF heap named: qcom,system
05-25 12:31:21.496  2154 11894 I DMABUFHEAPS: Using DMA-BUF heap named: qcom,system
05-25 12:31:21.496  2154 11894 I DMABUFHEAPS: Using DMA-BUF heap named: qcom,system
05-25 12:31:21.496  2154 11894 I DMABUFHEAPS: Using DMA-BUF heap named: qcom,system
05-25 12:31:21.498 11831 13169 D PipelineWatcher: onInputBufferReleased: frameIndex not found (54768); ignored
05-25 12:31:21.552  2250  2326 E HeatmapThread: ECT Thread time in milliseconds: 1779679881
05-25 12:31:21.556  2250  2326 D HeatmapThread: !@ batteryplugType : 2
05-25 12:31:21.556  2250  2326 D HeatmapThread: !@ batteryLevel : 76  batteryTemperature : 343 
05-25 12:31:21.556  2250  2326 D HeatmapThread: !@ Heatmap currtime: 29661331
05-25 12:31:21.556  2250  2326 D HeatmapThread: !@ Heatmap prevtime: 29661309
05-25 12:31:21.556  2250  2326 D HeatmapThread: !@ Heatmap plugstarttime: 29661249
05-25 12:31:21.556  2250  2326 D HeatmapThread: !@ Heatmap prevv_dsoh_update_time: 29661309
05-25 12:31:21.556  2250  2326 E HeatmapThread: !@ CAM New BSOH: 100
05-25 12:31:21.556  2250  2326 E HeatmapThread: !@ CAM is Working
05-25 12:31:21.575  2124  4564 I sensors-hal: handle_sns_client_event:160, auto_rotation_event_2 event,255, duration,576, ts,1774185190458340, ts_diff,306504
05-25 12:31:21.575  2124  4564 I sensors-hal: handle_sns_client_event:165, auto_rotation_debug_2 acc,-0.416,-0.191,9.715, ar,0, ver,14, pedo,1,e,1,i,3
05-25 12:31:21.576  4602  4602 D AppController: AppControlSensorListener.onSensorChanged, Rotation: -1
05-25 12:31:21.576  2727  3226 D WindowOrientationListener: onSensorChanged device orientation: -1
05-25 12:31:21.576  2727  3226 V WindowManager: Computed rotation=ROTATION_0 (0) for display id=1810 based on lastOrientation=SCREEN_ORIENTATION_UNSPECIFIED (-1) and oldRotation=ROTATION_0 (0), caller=com.android.server.wm.WindowManagerService.updateRotationUnchecked:72 com.android.server.wm.DisplayRotation$OrientationListener.onProposedRotationChanged:328 com.android.server.wm.WindowOrientationListener$OrientationSensorJudge.finalizeRotation:26 com.android.server.wm.WindowOrientationListener$OrientationSensorJudge.onSensorChanged:392 android.hardware.SystemSensorManager$SensorEventQueue.dispatchSensorEvent:1142 android.os.MessageQueue.nativePollOnce:-2 
05-25 12:31:21.577  2727  3226 V WindowManager: Computed rotation=ROTATION_0 (0) for display id=0 based on lastOrientation=SCREEN_ORIENTATION_UNSPECIFIED (-1) and oldRotation=ROTATION_0 (0), caller=com.android.server.wm.WindowManagerService.updateRotationUnchecked:72 com.android.server.wm.DisplayRotation$OrientationListener.onProposedRotationChanged:328 com.android.server.wm.WindowOrientationListener$OrientationSensorJudge.finalizeRotation:26 com.android.server.wm.WindowOrientationListener$OrientationSensorJudge.onSensorChanged:392 android.hardware.SystemSensorManager$SensorEventQueue.dispatchSensorEvent:1142 android.os.MessageQueue.nativePollOnce:-2 
05-25 12:31:21.596 11831 13169 D PipelineWatcher: onInputBufferReleased: frameIndex not found (54769); ignored
05-25 12:31:21.698  2154 11894 I DMABUFHEAPS: Using DMA-BUF heap named: qcom,system
05-25 12:31:21.698  2154 11894 I DMABUFHEAPS: Using DMA-BUF heap named: qcom,system
05-25 12:31:21.698  2154 11894 I DMABUFHEAPS: Using DMA-BUF heap named: qcom,system
05-25 12:31:21.699  2154 11894 I DMABUFHEAPS: Using DMA-BUF heap named: qcom,system
05-25 12:31:21.702 11831 13169 D PipelineWatcher: onInputBufferReleased: frameIndex not found (54770); ignored
05-25 12:31:21.802 11831 13169 D PipelineWatcher: onInputBufferReleased: frameIndex not found (54771); ignored
05-25 12:31:21.803  2108  6508 I vendor.qti.bluetooth@1.0-ibs_handler: ProcessIbsCmd: Received IBS_WAKE_IND: 0xFD
05-25 12:31:21.803  2108  6508 D vendor.qti.bluetooth@1.0-ibs_handler: SerialClockVote: vote for UART CLK ON
05-25 12:31:21.803  2108  6508 D vendor.qti.bluetooth@1.0-wake_lock: Acquire wakelock is acquired 
05-25 12:31:21.803  2108  6508 I vendor.qti.bluetooth@1.0-ibs_handler: ProcessIbsCmd: Writing IBS_WAKE_ACK
05-25 12:31:21.810  4933  5415 I bluetooth: system/gd/hci/le_scanning_reassembler.cc:54 ProcessAdvertisingReport: Ignoring scan response received without advertising event
05-25 12:31:21.811  4933  6574 I ScanController: onScanResult to scannerId: 9- eventType=0x13, addressType=1, address=XX:XX:XX:XX:89:16, primaryPhy=1, secondaryPhy=0, advertisingSid=0xff, txPower=127, rssi=-85, periodicAdvInt=0x0
05-25 12:31:21.811  5938  5938 W IPCThreadState: Sending oneway calls to frozen process.
05-25 12:31:21.852  2108  6508 I vendor.qti.bluetooth@1.0-ibs_handler: ProcessIbsCmd: Received IBS_SLEEP_IND: 0xFE
05-25 12:31:21.852  2108  6508 D vendor.qti.bluetooth@1.0-ibs_handler: SerialClockVote: vote for UART CLK OFF
05-25 12:31:21.900  2154 11894 I DMABUFHEAPS: Using DMA-BUF heap named: qcom,system
05-25 12:31:21.900  2154 11894 I DMABUFHEAPS: Using DMA-BUF heap named: qcom,system
05-25 12:31:21.900  2154 11894 I DMABUFHEAPS: Using DMA-BUF heap named: qcom,system
05-25 12:31:21.900  2154 11894 I DMABUFHEAPS: Using DMA-BUF heap named: qcom,system
05-25 12:31:21.902 11831 13169 D PipelineWatcher: onInputBufferReleased: frameIndex not found (54772); ignored
05-25 12:31:21.933  2108  6508 I vendor.qti.bluetooth@1.0-ibs_handler: ProcessIbsCmd: Received IBS_WAKE_IND: 0xFD
05-25 12:31:21.933  2108  6508 D vendor.qti.bluetooth@1.0-ibs_handler: SerialClockVote: vote for UART CLK ON
05-25 12:31:21.933  2108  6508 I vendor.qti.bluetooth@1.0-ibs_handler: ProcessIbsCmd: Writing IBS_WAKE_ACK
05-25 12:31:21.936  4933  6574 I ScanController: onScanResult to scannerId: 12- eventType=0x10, addressType=1, address=XX:XX:XX:XX:98:EA, primaryPhy=1, secondaryPhy=0, advertisingSid=0xff, txPower=127, rssi=-85, periodicAdvInt=0x0
05-25 12:31:21.973  4933  5415 I bluetooth: system/gd/hci/le_scanning_reassembler.cc:54 ProcessAdvertisingReport: Ignoring scan response received without advertising event
05-25 12:31:21.973  4933  6574 I ScanController: onScanResult to scannerId: 9- eventType=0x13, addressType=1, address=XX:XX:XX:XX:89:16, primaryPhy=1, secondaryPhy=0, advertisingSid=0xff, txPower=127, rssi=-85, periodicAdvInt=0x0
05-25 12:31:21.974  5938  5938 W IPCThreadState: Sending oneway calls to frozen process.
05-25 12:31:21.987  4933  5415 I bluetooth: system/gd/hci/le_scanning_reassembler.cc:54 ProcessAdvertisingReport: Ignoring scan response received without advertising event
05-25 12:31:21.987  4933  6574 I ScanController: onScanResult to scannerId: 9- eventType=0x13, addressType=1, address=XX:XX:XX:XX:D4:87, primaryPhy=1, secondaryPhy=0, advertisingSid=0xff, txPower=127, rssi=-81, periodicAdvInt=0x0
05-25 12:31:21.988  5938  5938 W IPCThreadState: Sending oneway calls to frozen process.
05-25 12:31:22.000 11831 13169 D PipelineWatcher: onInputBufferReleased: frameIndex not found (54773); ignored
05-25 12:31:22.026  2108  6508 I vendor.qti.bluetooth@1.0-ibs_handler: ProcessIbsCmd: Received IBS_SLEEP_IND: 0xFE
05-25 12:31:22.026  2108  6508 D vendor.qti.bluetooth@1.0-ibs_handler: SerialClockVote: vote for UART CLK OFF
05-25 12:31:22.177  2108  5425 D vendor.qti.bluetooth@1.0-wake_lock: Release wakelock is released 
05-25 12:31:22.290  4578  4921 D SatelliteController: isInCarrierRoamingNbIotNtn: satellite is disabled
05-25 12:31:22.298  2727  4307 D ConnectivityService: notifyType CALLBACK_CAP_CHANGED for [681 CELLULAR]
05-25 12:31:22.299  4963  5744 I txpwradmin:WwanStaInfo: cacheWwanInfo subId = 1 slotId = 1
