05-25 12:31:29.555  2250  2326 E HeatmapThread: !@ CAM New BSOH: 100
05-25 12:31:29.555  2250  2326 E HeatmapThread: !@ CAM is Working
05-25 12:31:29.560  2727  5728 I NSLocationMonitor: getGPSUsingApps() called
05-25 12:31:29.561  5739  5773 I NSLocationManager_FLP: getGPSUsingApps, No change
05-25 12:31:29.565  2727  5728 D FreecessHandler: freeze com.coupang.mobile.eats(10392) result : 2
05-25 12:31:29.565  2727  5728 I NSLocationMonitor: getGPSUsingApps() called
05-25 12:31:29.565  5739  5773 I NSLocationManager_FLP: getGPSUsingApps, No change
05-25 12:31:29.567  2727  5728 D FreecessHandler: freeze com.forgeapps.tickday(10716) result : 12
05-25 12:31:29.704  2135 22638 I HYPER-HAL: [RequestManager.cpp]releaseLocked(): Released ID : 5345815
05-25 12:31:29.994  2727  3879 D ActivityManager: Received BROADCAST intent 0xa71be5b Key{broadcastIntent pkg=com.forgeapps.tickday intent=xflg=0x4 cmp=com.forgeapps.tickday/.AlarmReceiver flags=0x4000000 u=0} requestCode=999889 sent=0 from uid 1000
05-25 12:31:30.000  2727  3745 E JobScheduler.Background: Couldn't determine stopped state for unknown package: com.facebook.appmanager
05-25 12:31:30.000  2727  3745 E JobScheduler.Background: Couldn't determine stopped state for unknown package: com.facebook.appmanager
05-25 12:31:30.000  2727  3745 E JobScheduler.Background: Couldn't determine stopped state for unknown package: com.facebook.appmanager
05-25 12:31:30.000  2727  3745 E JobScheduler.Background: Couldn't determine stopped state for unknown package: com.facebook.appmanager
05-25 12:31:30.001 21054 21054 I TickDayAlarm: [TickDayAlarm][12:31:30.000][Receiver][enter] onReceive
05-25 12:31:30.002 21054 21054 I TickDayAlarm: [TickDayAlarm][12:31:30.002][Receiver][state] intent.scheduleId=999889
05-25 12:31:30.002 21054 21054 I TickDayAlarm: [TickDayAlarm][12:31:30.002][Receiver][state] intent.title=풀스크린 알림 테스트
05-25 12:31:30.003 21054 21054 I TickDayAlarm: [TickDayAlarm][12:31:30.002][Receiver][state] intent.body=TickDay 풀스크린 알림이 작동하는지 확인합니다.
05-25 12:31:30.003 21054 21054 I TickDayAlarm: [TickDayAlarm][12:31:30.003][Receiver][state] intent.memo=null
05-25 12:31:30.003 21054 21054 I TickDayAlarm: [TickDayAlarm][12:31:30.003][Receiver][state] screen.isInteractive=true
05-25 12:31:30.004 21054 21054 I TickDayAlarm: [TickDayAlarm][12:31:30.004][Receiver][state] keyguard.isLocked=false
05-25 12:31:30.004 21054 21054 I TickDayAlarm: [TickDayAlarm][12:31:30.004][Receiver][state] notifications.enabled=true
05-25 12:31:30.005 21054 21054 I TickDayAlarm: [TickDayAlarm][12:31:30.005][Receiver][state] strongAlarmMode=true
05-25 12:31:30.005 21054 21054 I TickDayAlarm: [TickDayAlarm][12:31:30.005][Receiver][state] alarmIntent.action=com.forgeapps.tickday.ALARM_999889
05-25 12:31:30.005 21054 21054 I TickDayAlarm: [TickDayAlarm][12:31:30.005][Receiver][state] alarmIntent.flags=880803840
05-25 12:31:30.005 21054 21054 I TickDayAlarm: [TickDayAlarm][12:31:30.005][Receiver][state] mainIntent.action=com.forgeapps.tickday.OPEN_999889
05-25 12:31:30.005 21054 21054 I TickDayAlarm: [TickDayAlarm][12:31:30.005][Receiver][state] baseId=999889
05-25 12:31:30.005 21054 21054 I TickDayAlarm: [TickDayAlarm][12:31:30.005][Receiver][state] notificationId=1563429461
05-25 12:31:30.005 21054 21054 I TickDayAlarm: [TickDayAlarm][12:31:30.005][Receiver][state] requestCode=1563429461
05-25 12:31:30.006 21054 21054 I TickDayAlarm: [TickDayAlarm][12:31:30.006][Receiver][step] fullScreenPi created
05-25 12:31:30.006 21054 21054 I TickDayAlarm: [TickDayAlarm][12:31:30.006][Receiver][step] contentPi created target=AlarmActivity
05-25 12:31:30.007  2727  4288 E WifiStaIfaceAidlImpl: getCachedScanData failed with service-specific exception: android.os.ServiceSpecificException:  (code 4)
05-25 12:31:30.007 21054 21054 I TickDayAlarm: [TickDayAlarm][12:31:30.007][Receiver][step] channel already exists id=tickday_native_alarm_v2
05-25 12:31:30.007 21054 21054 I TickDayAlarm: [TickDayAlarm][12:31:30.007][Receiver][step] fullScreenIntent enabled by strongAlarmMode
05-25 12:31:30.008 21054 21054 I NotificationManager: com.forgeapps.tickday: notify(1563429461, null, Notification(channel=tickday_native_alarm_v2 shortcut=null contentView=null vibrate=null sound=null defaults=0 flags=AUTO_CANCEL|HIGH_PRIORITY color=0x00000000 category=alarm vis=PUBLIC semFlags=0x0 semPriority=0 semMissedCount=0)) as user
05-25 12:31:30.009  2727  4713 D RingtoneManager: getActualDefaultRingtoneUri  type    :2
05-25 12:31:30.009  2727  7108 D SemWifiUsabilityStatsMonitor: onWifiUsabilityStats - seqNum 159910, isSameBssidAndFreq true
05-25 12:31:30.009  2727  4713 I RingtoneManager: Ringtone value : content://0@media/internal/audio/media/51?title=Brightline&canonical=1
05-25 12:31:30.009  2727  4713 W Utils   : The vibration Uri is null.
05-25 12:31:30.010 21054 21054 I TickDayAlarm: [TickDayAlarm][12:31:30.010][Receiver][success] notify called notificationId=1563429461 requestCode=1563429461
05-25 12:31:30.010 21054 21054 I TickDayAlarm: [TickDayAlarm][12:31:30.010][Receiver][step] fallback startActivity attempt
05-25 12:31:30.010  2727  4391 D InsDataManager: onOutageCountUpdate() - Outage Data: 0, LQ : N. Outage Triggered: false
05-25 12:31:30.010  2727  4391 D InsDataManager: Trying to save initial normal data.
05-25 12:31:30.010  2727  4391 D SensorCollector: syncMappedBuffers: 0, 120, 0
05-25 12:31:30.010  2727  4391 D InsDataManager: trimBuffers start.
05-25 12:31:30.010  2727  4391 D InsDataManager: trimBuffers - nsmBuffer size: 26
05-25 12:31:30.010  2727  4713 D ActivityTaskManager: startActivityAsUser: callingPid=21054, callingUid=10716, caller=com.android.server.wm.ActivityTaskManagerService.startActivity:123 android.app.IActivityTaskManager$Stub.onTransact:1500 com.android.server.wm.ActivityTaskManagerService.onTransact:1 android.os.Binder.execTransactInternal:1457 android.os.Binder.execTransact:1401 <bottom of call stack> <bottom of call stack> 
05-25 12:31:30.010  4602  4731 D Tile.WifiTile: handleUpdateState isTransient=false transientEnabling =false cb.isTransient=false state.state = 2 mStateBeforeClick.value =true enabled =true
05-25 12:31:30.010  5170  5277 I HoneySpace.StatusIconTracker: invokeEvent() called with: event = Wifi(visible=true, resId=2131236018, activityId=2131236043)
05-25 12:31:30.011  2727  4391 D InsDataManager: Too short for collecting additional normal data
05-25 12:31:30.011  2727  4391 D SemInsManager: {"bssid": "94db60f05745","rssi": -34.0,"latency": 0.0,"outage_count": 0,"lq_callback_triggered": false,"outage_log": "Unreliable statistics: -34.0 / 5 / 294 / 1 / 1 || 94db60f05745: 0.000 / 0.000 / @ || N N / 0 0 / N 2.0 / N X 1 / 924813948 0 || 2026-05-25 12:31:29  / 2: 0 0 0 0 0 0 / 5: 0 0 0 0 0 0 / 2: 0 0 0 0 0 0""Magnetic Sensor Events size": "0""Pressure Sensor Events size": "0"}
05-25 12:31:30.011  2727  4713 D ActivityTaskManager: DesktopModeLaunchParamsModifier: task=null activity=null task null, skipping
05-25 12:31:30.011  2727  4713 D ActivityTaskManager: TaskLaunchParamsModifier:task=null activity=null display-area-from-current-params=null display-area-source-process=DefaultTaskDisplayArea_d0@145229290 display-id=0 task-display-area-windowing-mode=1 suggested-display-area=DefaultTaskDisplayArea_d0@145229290
05-25 12:31:30.011  2727  4713 W OptProp : Cannot read opt property android.window.PROPERTY_COMPAT_ALLOW_RESIZEABLE_ACTIVITY_OVERRIDES
05-25 12:31:30.011  2727  4713 W OptProp : Cannot read opt property android.window.PROPERTY_COMPAT_ALLOW_MIN_ASPECT_RATIO_OVERRIDE
05-25 12:31:30.012  2727  4713 D WindowManager: Transition is created, t=TransitionRecord{efcb85b id=-1 type=OPEN flags=0x0}, caller=com.android.server.wm.Transition.<init>:182 com.android.server.wm.TransitionController.createAndStartCollecting:106 com.android.server.wm.ActivityStarter.executeRequest:3515 com.android.server.wm.ActivityStarter.execute:1752 com.android.server.wm.ActivityTaskManagerService.startActivityAsUser:95 
05-25 12:31:30.012  2727  4713 D BLASTSyncEngine: SyncGroup is created, id=17208, name=Transition-OPEN, caller=com.android.server.wm.BLASTSyncEngine$SyncGroup.<init>:52 com.android.server.wm.TransitionController.moveToCollecting:79 com.android.server.wm.TransitionController.createAndStartCollecting:109 com.android.server.wm.ActivityStarter.executeRequest:3515 com.android.server.wm.ActivityStarter.execute:1752 com.android.server.wm.ActivityTaskManagerService.startActivityAsUser:95 com.android.server.wm.ActivityTaskManagerService.startActivity:123 
05-25 12:31:30.012  2727  4713 W BLASTSyncEngine: setSyncMethod, id=17208, method=0, caller=com.android.server.wm.TransitionController.moveToCollecting:91 com.android.server.wm.TransitionController.createAndStartCollecting:109 com.android.server.wm.ActivityStarter.executeRequest:3515 
05-25 12:31:30.012  2727  4713 V WindowManager: Start collecting in Transition: TransitionRecord{efcb85b id=17208 type=OPEN flags=0x0}, caller=com.android.server.wm.TransitionController.createAndStartCollecting:109 com.android.server.wm.ActivityStarter.executeRequest:3515 com.android.server.wm.ActivityStarter.execute:1752 com.android.server.wm.ActivityTaskManagerService.startActivityAsUser:95 com.android.server.wm.ActivityTaskManagerService.startActivity:123 
05-25 12:31:30.012  2727  4713 V WindowManager: Collecting in transition 17208: ActivityRecord{52979960 u0 com.forgeapps.tickday/.AlarmActivity, caller=com.android.server.wm.TransitionController.collect:7 com.android.server.wm.ActivityStarter.startActivityUnchecked:98 com.android.server.wm.ActivityStarter.executeRequest:3559 com.android.server.wm.ActivityStarter.execute:1752 com.android.server.wm.ActivityTaskManagerService.startActivityAsUser:95 
05-25 12:31:30.012  2727  4713 D ActivityTaskManager: DesktopModeLaunchParamsModifier: task=null activity=ActivityRecord{52979960 u0 com.forgeapps.tickday/.AlarmActivity t-1} task null, skipping
05-25 12:31:30.012  2727  4713 D ActivityTaskManager: TaskLaunchParamsModifier:task=null activity=ActivityRecord{52979960 u0 com.forgeapps.tickday/.AlarmActivity t-1} display-area-from-current-params=null display-area-for-launching-record=DefaultTaskDisplayArea_d0@145229290 display-id=0 task-display-area-windowing-mode=1 suggested-display-area=DefaultTaskDisplayArea_d0@145229290
05-25 12:31:30.012  2727  4713 D ActivityTaskManager: DesktopModeLaunchParamsModifier: task=null activity=ActivityRecord{52979960 u0 com.forgeapps.tickday/.AlarmActivity t-1} task null, skipping
05-25 12:31:30.012  2727  4713 D ActivityTaskManager: TaskLaunchParamsModifier:task=null activity=ActivityRecord{52979960 u0 com.forgeapps.tickday/.AlarmActivity t-1} display-area-from-current-params=null display-area-for-launching-record=DefaultTaskDisplayArea_d0@145229290 display-id=0 task-display-area-windowing-mode=1 suggested-display-area=DefaultTaskDisplayArea_d0@145229290 non-freeform-task-display-area display-area=DefaultTaskDisplayArea_d0@145229290 default-portrait freeform-size-mismatch=Rect(81, 555 - 999, 1725)
05-25 12:31:30.012  2727  4713 I SemDvfsHyPerManager: acquire hyper - AMS_ACT_START/2727@18, type = -999
05-25 12:31:30.013  2727  4713 D ActivityManagerPerformance: AMP_acquire() ACT_START
05-25 12:31:30.013  2135  2263 I HYPER-HAL: [RequestManager.cpp]acquire(): Acquired ID : 3768903  [2727 / 18]    HINT : AMS_ACT_START    list : 
05-25 12:31:30.013  2269  4000 I SurfaceFlinger: id=232779 createSurf, flag=24004, Task=19846#232779
05-25 12:31:30.014  2727  4713 D ActivityTaskManager: DesktopModeLaunchParamsModifier: task=Task{71d1 #19846 type=standard A=10716:com.forgeapps.tickday} activity=ActivityRecord{52979960 u0 com.forgeapps.tickday/.AlarmActivity t-1} non-desktop, skipping
05-25 12:31:30.014  2727  4713 D ActivityTaskManager: TaskLaunchParamsModifier:task=Task{71d1 #19846 type=standard A=10716:com.forgeapps.tickday} activity=ActivityRecord{52979960 u0 com.forgeapps.tickday/.AlarmActivity t-1} display-from-task=0 display-id=0 task-display-area-windowing-mode=1 suggested-display-area=DefaultTaskDisplayArea_d0@145229290 inherit-from-task=fullscreen non-freeform-task-display-area display-area=DefaultTaskDisplayArea_d0@145229290 default-portrait freeform-size-mismatch=Rect(81, 555 - 999, 1725)
05-25 12:31:30.014  2727  4713 V WindowManager: Collecting in transition 17208: Task{71d1 #19846 type=standard A=10716:com.forgeapps.tickday}, caller=com.android.server.wm.Transition.collectExistenceChange:40 com.android.server.wm.ActivityStarter.startActivityInner:293 com.android.server.wm.ActivityStarter.startActivityUnchecked:111 com.android.server.wm.ActivityStarter.executeRequest:3559 com.android.server.wm.ActivityStarter.execute:1752 
05-25 12:31:30.014  2727  4713 W OptProp : Cannot read opt property android.window.PROPERTY_COMPAT_ALLOW_ORIENTATION_OVERRIDE
05-25 12:31:30.015  2269  3143 I SurfaceFlinger: id=232780 createSurf, flag=84004, ActivityRecord{52979960 u0 com.forgeapps.tickday/.AlarmActivity t19846}#232780
05-25 12:31:30.015  2727  4713 D ActivityTaskManager: scheduleTopResumedActivityChanged, onTop=false, r=ActivityRecord{230449510 u0 com.forgeapps.tickday/.MainActivity t19844}, caller=com.android.server.wm.ActivityTaskSupervisor.scheduleTopResumedActivityStateLossIfNeeded:19 com.android.server.wm.ActivityTaskSupervisor.updateTopResumedActivityIfNeeded:20 com.android.server.wm.TaskDisplayArea.positionChildAt:252 com.android.server.wm.Task.moveToFront:40 com.android.server.wm.ActivityStarter.startActivityInner:315 com.android.server.wm.ActivityStarter.startActivityUnchecked:111 
05-25 12:31:30.015  2727  4713 V WindowManager: Checking theme of starting window: 0x7f0f015a
05-25 12:31:30.015  2727  4713 V WindowManager: Translucent=false Floating=false ShowWallpaper=false Disable=false
05-25 12:31:30.015  2727  4713 D ActivityTaskManager: addStartingWindow: type=2 typeParameter=af
05-25 12:31:30.015  2727  4713 V WindowManager: Creating SplashScreenStartingData
05-25 12:31:30.015  2727  4713 V WindowManager: Add starting ActivityRecord{52979960 u0 com.forgeapps.tickday/.AlarmActivity t19846}: startingData=SplashScreenStartingData{c47f37 removeAfterTransaction= 0}
05-25 12:31:30.015  2727  4713 V WindowManager: Added starting ActivityRecord{52979960 u0 com.forgeapps.tickday/.AlarmActivity t19846}: startingWindow=null startingView=com.android.server.wm.StartingSurfaceController$StartingSurface@df71ca4
05-25 12:31:30.016  2727  4713 V WindowManager: Collecting in transition 17208: ActivityRecord{52979960 u0 com.forgeapps.tickday/.AlarmActivity t19846}, caller=com.android.server.wm.Transition.collectExistenceChange:40 com.android.server.wm.ActivityStarter.handleStartResult:761 com.android.server.wm.ActivityStarter.startActivityUnchecked:124 com.android.server.wm.ActivityStarter.executeRequest:3559 com.android.server.wm.ActivityStarter.execute:1752 
05-25 12:31:30.016  2727  4713 V WindowManager: Requesting StartTransition: TransitionRecord{efcb85b id=17208 type=OPEN flags=0x0 c=[
05-25 12:31:30.016  2727  4713 V WindowManager:    ChangeInfo{d397dc2 container=Task{71d1 #19846 type=standard A=10716:com.forgeapps.tickday} flags=0x0}
05-25 12:31:30.016  2727  4713 V WindowManager:    ChangeInfo{bd7d7d3 container=ActivityRecord{52979960 u0 com.forgeapps.tickday/.AlarmActivity t19846} flags=0x0}
05-25 12:31:30.016  2727  4713 V WindowManager:    ChangeInfo{edb5f10 container=DefaultTaskDisplayArea_d0@145229290 flags=0x0}
05-25 12:31:30.016  2727  4713 V WindowManager:    ChangeInfo{be8a09 container=Display{#0 state=ON size=1080x2340 ROTATION_0} flags=0x0}
05-25 12:31:30.016  2727  4713 V WindowManager: ]
05-25 12:31:30.016  2727  4713 V WindowManager: }, caller=com.android.server.wm.ActivityStarter.handleStartResult:982 com.android.server.wm.ActivityStarter.startActivityUnchecked:124 com.android.server.wm.ActivityStarter.executeRequest:3559 com.android.server.wm.ActivityStarter.execute:1752 com.android.server.wm.ActivityTaskManagerService.startActivityAsUser:95 
05-25 12:31:30.017  2727  4713 I Pageboost: stop alp
05-25 12:31:30.017  2727  4713 I ActivityTaskManager: START u0 {act=com.forgeapps.tickday.ALARM_999889 flg=0x34800000 xflg=0x4 cmp=com.forgeapps.tickday/.AlarmActivity (has extras)} with LAUNCH_SINGLE_TASK from uid 10716 (BAL_ALLOW_VISIBLE_WINDOW) result code=0
05-25 12:31:30.017  4602  4658 V WindowManagerShell: Transition requested (#17208): android.os.BinderProxy@55d443d TransitionRequestInfo { type = OPEN, triggerTask = TaskInfo{userId=0 taskId=19846 effectiveUid=10716 displayId=0 isRunning=true baseIntent=Intent { act=com.forgeapps.tickday.ALARM_999889 flg=0x34800000 cmp=com.forgeapps.tickday/.AlarmActivity } baseActivity=ComponentInfo{com.forgeapps.tickday/com.forgeapps.tickday.AlarmActivity} topActivity=ComponentInfo{com.forgeapps.tickday/com.forgeapps.tickday.AlarmActivity} origActivity=null realActivity=ComponentInfo{com.forgeapps.tickday/com.forgeapps.tickday.AlarmActivity} numActivities=1 lastActiveTime=1774193631 supportsMultiWindow=true resizeMode=1 isResizeable=true minWidth=-1 minHeight=-1 maxWidth=-1 maxHeight=-1 defaultMinSize=220 desktopDefaultMinSize=304 token=WCT{android.window.IWindowContainerToken$Stub$Proxy@7aed432} topActivityType=1 pictureInPictureParams=null shouldDockBigOverlays=false launchIntoPipHostTaskId=-1 lastParentTaskIdBeforePip=-1 displayCutoutSafeInsets=Rect(0, 85 - 0, 0) topActivityInfo=ActivityInfo{ac3c583 com.forgeapps.tickday.AlarmActivity} launchCookies=[] positionInParent=Point(0, 0) parentTaskId=-1 isFocused=false isVisible=false isVisibleRequested=false isTopActivityNoDisplay=false isSleeping=false locusId=null displayAreaFeatureId=1 isTopActivityTransparent=false isActivityStackTransparent=false lastNonFullscreenBounds=Rect(81, 555 - 999, 1725) capturedLink=null capturedLinkTimestamp=0 requestedVisibleTypes=-9 topActivityRequestOpenInBrowserEducationTimestamp=0 appCompatTaskInfo=AppCompatTaskInfo { topActivityInSizeCompat=false eligibleForLetterboxEducation= false isLetterboxEducationEnabled= false isLetterboxDoubleTapEnabled= false eligibleForUserAspectRatioButton= false topActivityBoundsLetterboxed= false isFromLetterboxDoubleTap= false topActivityLetterboxVerticalPosition= -1 topActivityLetterboxHorizontalPosition= -1 topActivityLetterboxWidth=-1 topActivityLetterboxHeight=-1 topActivityAppBounds=Rect(0, 0 - 1080, 2340) isUserFullscreenOverrideEnabled=false isSystemFullscreenOverrideEnabled=false hasMinAspectRatioOverride=false topActivityLetterboxBounds=null cameraCompatTaskInfo=CameraCompatTaskInfo { freeformCameraCompatMode=inactive} topActivityBounds=null topActivityInDisplayCompat=false singleTapFromLetterbox=false} topActivityMainWindowFrame=null originallySupportedMultiWindow=true hasWallpaper=false rootAffinity=10716:com.forgeapps.tickday isTopTaskInStage=false CoverLauncherWidgetTask=false LaunchedFromAppsCoverLauncherTask=false LaunchedFromMultistarCoverLauncherTask=false isAllowedSeamlessRotation=false isTopTransparentActivity=false isAliasManaged=false hasConfigChanged=false snappingGuideBounds=null isAiKeyRemoveAppTask=false lastDesktopWindowingBounds=null lastExternalDesktopWindowingBounds=null safeCutoutInsets=null}, pipChange = null, remoteTransition = null, displayChange = null, flags = 0, debugId = 17208 }
05-25 12:31:30.017 21054 21054 I TickDayAlarm: [TickDayAlarm][12:31:30.017][Receiver][success] fallback startActivity ok
05-25 12:31:30.017  5860  5860 E pageboostd: Received HALT command code 2
05-25 12:31:30.017  4602  4715 D ViewRootImpl: desktopMode is false
05-25 12:31:30.017  4602  4658 V ShellDesktopMode: DesktopTasksController: isDesktopModeShowing: hasVisibleTasks=false hasTopTransparentFullscreenTask=false
05-25 12:31:30.017  4602  4715 I ViewRootImpl: dVRR is disabled
05-25 12:31:30.017  4602  4658 V ShellDesktopMode: DesktopTasksController: isDesktopModeShowing: hasVisibleTasks=false hasTopTransparentFullscreenTask=false
05-25 12:31:30.017  4602  4658 D ShellSplitScreen: logExit: no-op, mLoggerSessionId is null
05-25 12:31:30.017  4602  4658 D ShellDesktopMode: handleRequest: TransitionRequestInfo {type=1, tid=19846, debugId=17208}
05-25 12:31:30.017  4602  4783 D NativeCustomFrequencyManager: [NativeCFMS] BpCustomFrequencyManager::BpCustomFrequencyManager()
05-25 12:31:30.017  2269  3143 I VSyncReactor: Current= 120, Period= 120, Distance= 0
05-25 12:31:30.017  4602  4658 V ShellDesktopMode: DesktopTasksController: handleFullscreenTaskLaunch
05-25 12:31:30.017  4602  4658 V ShellDesktopMode: DesktopTasksController: isDesktopModeShowing: hasVisibleTasks=false hasTopTransparentFullscreenTask=false
05-25 12:31:30.018  4602  4658 V ShellDesktopMode: DesktopTasksController: handleRequest result=null
05-25 12:31:30.018  2727  7709 V WindowManager: Starting Transition 17208, caller=com.android.server.wm.WindowOrganizerController.startTransition:47 com.android.server.wm.WindowOrganizerController.startTransition:1 android.window.IWindowOrganizerController$Stub.onTransact:259 
05-25 12:31:30.018  2727  4814 D InputTransport: Input channel constructed: 'cbe1e2f', fd=1803
05-25 12:31:30.018  2727  4814 D InputTransport: Input channel constructed: 'cbe1e2f', fd=1908
05-25 12:31:30.018  2727  4814 D InputTransport: Input channel constructed: 'cbe1e2f', fd=1912
05-25 12:31:30.018  2727  4814 D InputTransport: Input channel destroyed: 'cbe1e2f', fd=1908
05-25 12:31:30.018  2727  4814 D WindowManager: prepareSync <SYNC_STATE_WAITING_FOR_DRAW>, mPrepareSyncSeqId=0, win=Window{cbe1e2f u0 Splash Screen com.forgeapps.tickday}
05-25 12:31:30.018  2269  2376 I SurfaceFlinger: id=232781 createSurf, flag=84004, cbe1e2f Splash Screen com.forgeapps.tickday#232781
05-25 12:31:30.019  2727  4814 D RestrictionPolicy: isScreenCaptureEnabled : ret=true userId=0
05-25 12:31:30.019  2727  4814 V WindowManager: addWindow: ActivityRecord{52979960 u0 com.forgeapps.tickday/.AlarmActivity t19846} startingWindow=Window{cbe1e2f u0 Splash Screen com.forgeapps.tickday}
05-25 12:31:30.019  2138  2138 I SS_POWER_HINT_SESSION: SS_ADPF 4602-10048-c570 PowerHintSession createHintSession : , 4779, 4780, 4715, 4783 : 16666667
05-25 12:31:30.019  2727  4814 D InputTransport: Input channel destroyed: 'cbe1e2f', fd=1912
05-25 12:31:30.019  5170  5278 I HoneySpace.TopTaskSource: onTaskMovedToFront : taskId = 19846, displayId = 0
05-25 12:31:30.019  2269  2269 I SurfaceFlinger: [Display 0 name="기본으로 제공되는 화면"#49] setFrameRateCategory: High
05-25 12:31:30.019  2269  2269 I SurfaceFlinger: [Task=19846#232779] attach to parent LayerHierarchy{RequestedLayerState{DefaultTaskDisplayArea_d0#10 parentId=9} 41 children}
05-25 12:31:30.019  2269  2269 I SurfaceFlinger: [ActivityRecord{52979960 u0 com.forgeapps.tickday/.AlarmActivity t19846}#232780] attach to parent LayerHierarchy{RequestedLayerState{Task=19846#232779 parentId=10} 1 children}
05-25 12:31:30.019  2269  2269 I SurfaceFlinger: [cbe1e2f Splash Screen com.forgeapps.tickday#232781] attach to parent LayerHierarchy{RequestedLayerState{ActivityRecord{52979960 u0 com.forgeapps.tickday/.AlarmActivity t19846}#232780 parentId=232779} 1 children}
05-25 12:31:30.020  4602  4715 D InputTransport: Input channel constructed: 'cbe1e2f', fd=530
05-25 12:31:30.020  5170 22646 I HoneySpace.RecentTasks: onRecentTasksChanged
05-25 12:31:30.020  2135  2263 I HYPER-HAL: [RequestManager.cpp]acquire(): Acquired ID : -106785432  [2138 / 89383]    HINT :      list : [TID_LOW_LATENCY / 1] [TID / 4779] [TID / 4780] [TID / 4715] [TID / 4783] 
05-25 12:31:30.020  4602  4715 I InsetsController: onStateChanged: host=Splash Screen com.forgeapps.tickday, from=android.view.ViewRootImpl.onInsetsStateChanged:3026, state=InsetsState: {mDisplayFrame=Rect(0, 0 - 1080, 2340), mDisplayCutout=DisplayCutout{insets=Rect(0, 85 - 0, 0) waterfall=Insets{left=0, top=0, right=0, bottom=0} boundingRect={Bounds=[Rect(0, 0 - 0, 0), Rect(514, 0 - 566, 85), Rect(0, 0 - 0, 0), Rect(0, 0 - 0, 0)]} cutoutPathParserInfo={CutoutPathParserInfo{displayWidth=1080 displayHeight=2340 physicalDisplayWidth=1080 physicalDisplayHeight=2340 density={2.8125} cutoutSpec={M 0,0 H -9.333333333333333 V 30.13333333333333 H 9.333333333333333 V 0 H 0 Z @dp} rotation={0} scale={1.0} physicalPixelDisplaySizeRatio={1.0}}} sideOverrides={}}, mRoundedCorners=RoundedCorners{[RoundedCorner{position=TopLeft, radius=45, center=Point(45, 45)}, RoundedCorner{position=TopRight, radius=45, center=Point(1035, 45)}, RoundedCorner{position=BottomRight, radius=45, center=Point(1035, 2295)}, RoundedCorner{position=BottomLeft, radius=45, center=Point(45, 2295)}]}  mRoundedCornerFrame=Rect(0, 0 - 1080, 2340), mPrivacyIndicatorBounds=PrivacyIndicatorBounds {static bounds=Rect(948, 0 - 1080, 85) rotation=0}, mDisplayShape=DisplayShape{ spec=-311912193 displayWidth=1080 displayHeight=2340 physicalPixelDisplaySizeRatio=0.75 rotation=0 offsetX=0 offsetY=0 scale=1.0}, mSources= { InsetsSource: {8aaf0001 mType=navigationBars mFrame=[0,2196][1080,2340] mVisible=true mFlags= mSideHint=BOTTOM mBoundingRects=null}, InsetsSource: {8aaf0004 mType=systemGestures mFrame=[0,0][0,0] mVisible=true mFlags= mSideHint=NONE mBoundingRects=null}, InsetsSource: {8aaf0005 mType=mandatorySystemGestures mFrame=[0,2196][1080,2340] mVisible=true mFlags= mSideHint=BOTTOM mBoundingRects=null}, InsetsSource: {8aaf0006 mType=tappableElement mFrame=[0,2196][1080,2340] mVisible=true mFlags= mSideHint=BOTTOM mBoundingRects=null}, InsetsSource: {8aaf0024 mType=systemGestures mFrame=[0,0][0,0] mVisible=true mFlags= mSideHint=NONE mBoundingRects=null}, InsetsSource: {c40a0000 mType=statusBars mFrame=[0,0][1080,85] mVisible=true mFlags= mSideHint=TOP mBoundingRects=null}, InsetsSource: {c40a0005 mType=mandatorySystemGestures mFrame=[0,0][1080,121] mVisible=true mFlags= mSideHint=TOP mBoundingRects=null}, InsetsSource: {c40a0006 mType=tappableElement mFrame=[0,0][1080,85] mVisible=true mFlags= mSideHint=TOP mBoundingRects=null}, InsetsSource: {27 mType=displayCutout mFrame=[0,0][1080,85] mVisible=true mFlags= mSideHint=TOP mBoundingRects=null} }
05-25 12:31:30.021  2727  7709 D HintManagerService: SystemUI make new AppHintSession but force pause
05-25 12:31:30.021  2727  4713 V WindowManager: Collecting in transition 17208: ActivityRecord{52979960 u0 com.forgeapps.tickday/.AlarmActivity t19846}, caller=com.android.server.wm.TransitionController.collect:7 com.android.server.wm.ActivityRecord.setVisibility:132 com.android.server.wm.ActivityRecord.makeVisibleIfNeeded:36 com.android.server.wm.EnsureActivitiesVisibleHelper.process:538 com.android.server.wm.TaskFragment.updateActivityVisibilities:12 
05-25 12:31:30.021  2135  2263 I HYPER-HAL: [RequestManager.cpp]acquire(): Acquired ID : -106785432  [2138 / 89383]    HINT :      list : [TID_LOW_LATENCY / 0] [TID / 4779] [TID / 4780] [TID / 4715] [TID / 4783] 
05-25 12:31:30.021  2727  4713 V WindowManager: Collecting in transition 17208: ActivityRecord{230449510 u0 com.forgeapps.tickday/.MainActivity t19844}, caller=com.android.server.wm.TransitionController.collect:7 com.android.server.wm.ActivityRecord.setVisibility:132 com.android.server.wm.ActivityRecord.makeInvisible:32 com.android.server.wm.EnsureActivitiesVisibleHelper.process:542 com.android.server.wm.TaskFragment.updateActivityVisibilities:12 
05-25 12:31:30.021  2727  4713 D WindowManager: prepareSync <SYNC_STATE_WAITING_FOR_DRAW>, mPrepareSyncSeqId=0, win=Window{9ac0ee8 u0 com.forgeapps.tickday/com.forgeapps.tickday.MainActivity}
05-25 12:31:30.021  2727  4713 V WindowManager: rotationForOrientation(orient=SCREEN_ORIENTATION_UNSPECIFIED (-1), last=ROTATION_0 (0)); user=ROTATION_0 (0) 
05-25 12:31:30.021  2727  4713 D WindowManager: rotationForOrientation, orientationSource=ActivityRecord{52979960 u0 com.forgeapps.tickday/.AlarmActivity t19846}
05-25 12:31:30.021  2727  4713 V WindowManager: Computed rotation=ROTATION_0 (0) for display id=0 based on lastOrientation=SCREEN_ORIENTATION_UNSPECIFIED (-1) and oldRotation=ROTATION_0 (0), caller=com.android.server.wm.DisplayRotation.updateOrientation:79 com.android.server.wm.DisplayContent.updateOrientation:41 com.android.server.wm.DisplayContent.updateOrientationAndComputeConfig:48 com.android.server.wm.RootWindowContainer.ensureVisibilityAndConfig:7 com.android.server.wm.ActivityTaskSupervisor.realStartActivityLocked:182 com.android.server.wm.ActivityTaskSupervisor.startSpecificActivity:27 
05-25 12:31:30.021  2727  4713 V WindowManager: Collecting in transition 17208: ActivityRecord{52979960 u0 com.forgeapps.tickday/.AlarmActivity t19846}, caller=com.android.server.wm.TransitionController.collect:7 com.android.server.wm.ActivityRecord.setVisibility:132 com.android.server.wm.ActivityTaskSupervisor.realStartActivityLocked:203 com.android.server.wm.ActivityTaskSupervisor.startSpecificActivity:27 com.android.server.wm.TaskFragment.resumeTopActivity:2089 
05-25 12:31:30.021  2135  2263 I HYPER-HAL: [RequestManager.cpp]releaseLocked(): Released ID : -106785432
05-25 12:31:30.021  2727  4713 D SGM:FgCheckThread: notifyAppCreated(), packageName: com.forgeapps.tickday, userId: 0, sendRet: true
05-25 12:31:30.021  2135  2263 I HYPER-HAL: [RequestManager.cpp]acquire(): Acquired ID : -106693909  [2138 / 89384]    HINT :      list : [UCLAMP_MIN_BOOST / 0] [TIMEOUT / 50] [TID / 4779] [TID / 4780] [TID / 4715] [TID / 4783] 
05-25 12:31:30.021  2772  2772 I CameraService: onUidStateChanged: uid=10048, procState is changed. (0 -> 1)
05-25 12:31:30.021  2727  4713 D SGM:FgCheckThread: TaskStackListener.onTaskFocusChanged(), taskId=19844, focused=false
05-25 12:31:30.021  2727  4713 D SGM:FgCheckThread: TaskStackListener.onTaskFocusChanged(), taskId=19846, focused=true
05-25 12:31:30.022  2150 26561 I SDM     : AIScalerFeatureIntfImpl::LookupConfig: Scale ratio = 1.780000
05-25 12:31:30.022  2150 26561 I SDM     : AIScalerParserIntfImpl::LookupConfig: Scale Ratio Match Found Here
05-25 12:31:30.022  2727  3910 D SGM:FgCheckThread: onLooperPrepared(), msg: MSG_APP_CREATE, pkgName: com.forgeapps.tickday, userId: 0
05-25 12:31:30.022  2727  4713 D SGM:FgCheckThread:   sendRunningComponentFocus(), pkgName: com.forgeapps.tickday, userId: 0
05-25 12:31:30.022  2727  4713 D InputDispatcher: Focused application(0): ActivityRecord{52979960 u0 com.forgeapps.tickday/.AlarmActivity t19846}
05-25 12:31:30.022  2772  2772 W IPCThreadState: Sending oneway calls to frozen process.
05-25 12:31:30.022  2772  2772 W IPCThreadState: Sending oneway calls to frozen process.
05-25 12:31:30.022  2727  3910 D SGM:FgCheckThread: onLooperPrepared(), msg: MSG_TASK_FOCUSED, pkgName: com.forgeapps.tickday, userId: 0
05-25 12:31:30.022  2727  3910 D SGM:FgCheckThread: handleTaskFocused().
05-25 12:31:30.022  2727  3910 D SGM:FgCheckThread:   handleTaskFocused(), pkgName: com.forgeapps.tickday, userID:0
05-25 12:31:30.022  2727  3910 D SGM:FgCheckThread: handleResume().
05-25 12:31:30.022  2727  3910 D SGM:FgCheckThread: sendFocusOutConditionally() - mPrevNotiPkg: com.sec.android.app.samsungapps, userId: 0
05-25 12:31:30.022  2727  3910 D SGM:FgCheckThread:   handleResume(). pkgName: com.forgeapps.tickday, userId: 0, category: non-game
05-25 12:31:30.022  2727  3910 D SGM:FgCheckThread: notifyFocusInOut(). of pkg: com.forgeapps.tickday, type: 4, isSecGameFamily: false, userId: 0
05-25 12:31:30.022  2727  3910 D SGM:FgCheckThread:   notifyFocusInOut(). do nothing
05-25 12:31:30.022  2727  3910 D SGM:SystemHelper: callReleaseBlock needReleaseBlock:false
05-25 12:31:30.022  2727  4713 D WindowManager: Changing focus from Window{9ac0ee8 u0 com.forgeapps.tickday/com.forgeapps.tickday.MainActivity} to null displayId=0 Callers=com.android.server.wm.ActivityTaskManagerService.setLastResumedActivityUncheckLocked:264 com.android.server.wm.ActivityTaskSupervisor.updateTopResumedActivityIfNeeded:51 com.android.server.wm.TaskFragment.setResumedActivity:30 com.android.server.wm.ActivityRecord.setState:100 
05-25 12:31:30.022  2772  2772 W IPCThreadState: Sending oneway calls to frozen process.
05-25 12:31:30.022  2727  4713 V SystemKeyManager: updateFocusedWindow() is called, 
05-25 12:31:30.022  2727  4713 I SystemKeyManager: isSystemKeyEventRequested() : focusedWindow is empty.
05-25 12:31:30.022  2727  4713 I SystemKeyManager: isSystemKeyEventRequested() : focusedWindow is empty.
05-25 12:31:30.022  2727  4713 D ActivityTaskManager: scheduleTopResumedActivityChanged, onTop=true, r=ActivityRecord{52979960 u0 com.forgeapps.tickday/.AlarmActivity t19846}, caller=com.android.server.wm.ActivityTaskSupervisor.scheduleTopResumedActivityStateIfNeeded:18 com.android.server.wm.ActivityTaskSupervisor.updateTopResumedActivityIfNeeded:54 com.android.server.wm.TaskFragment.setResumedActivity:30 com.android.server.wm.ActivityRecord.setState:100 com.android.server.wm.ActivityTaskSupervisor.realStartActivityLocked:477 com.android.server.wm.ActivityTaskSupervisor.startSpecificActivity:27 
05-25 12:31:30.022  2727  4713 D BLASTSyncEngine: SyncGroup 17208: Set ready true, caller=com.android.server.wm.BLASTSyncEngine.setReady:32 com.android.server.wm.Transition.applyReady:54 com.android.server.wm.Transition.setReady:72 com.android.server.wm.TransitionController.setReady:6 com.android.server.wm.DisplayContent.executeAppTransition:4 com.android.server.wm.ActivityRecord.completeResumeLocked:115 
05-25 12:31:30.022  2727  4713 D PowerManagerService: [api] wakeUp (uid: 1000 pid: 2727) eventTime = 924813961
05-25 12:31:30.022  2727  4713 D WindowManagerServiceExt: updateTaskbarTargetIfNeeded: cn=ComponentInfo{com.forgeapps.tickday/com.forgeapps.tickday.AlarmActivity} occludesParent=true isInSplitScreenMode=false
05-25 12:31:30.022  2727  4713 D SurfaceComposerClient: setCornerRadius ## cbe1e2f Splash Screen com.forgeapps.tickday#232781 cornerRadius=0.000000
05-25 12:31:30.023  2727  4713 D SurfaceComposerClient: setCornerRadius ## cbe1e2f Splash Screen com.forgeapps.tickday#232781 cornerRadius=0.000000
05-25 12:31:30.023  2727  4713 D BLASTSyncEngine: SyncGroup 17208:  Unfinished container: ActivityRecord{52979960 u0 com.forgeapps.tickday/.AlarmActivity t19846} mSyncState=2
05-25 12:31:30.023  2727  4367 D BackgroundInstallControlService: Package event received: 0
05-25 12:31:30.023  2231  5439 V APM_AudioPolicyManager: setAppState(portId:28236, state:2)
05-25 12:31:30.023  4602  4658 D ShellDesktopMode: [u0] DesktopRepository: Removes freeform task: taskId=19845
05-25 12:31:30.023  4602  4658 W ShellDesktopMode: [u0] DesktopRepository: No display id found for task: taskId=19845
05-25 12:31:30.024  2727  3228 D SGM:FgCheckThread: notePauseComponent(), received pkgName: com.forgeapps.tickday, userId: 0
05-25 12:31:30.024  2727  4357 I CocktailBarManagerServiceContainer: handleMessage: entry what = 6
05-25 12:31:30.024  4602  4658 D ShellDesktopMode: [u0] DesktopRepository: Removes freeform task: taskId=19845
05-25 12:31:30.024  4602  4658 W ShellDesktopMode: [u0] DesktopRepository: No display id found for task: taskId=19845
05-25 12:31:30.025  2727  3717 D GraphicsStatsService: requestRenderEngineFor(com.forgeapps.tickday)
05-25 12:31:30.025  5170 21186 I HoneySpace.RecentTasks: onRecentTasksChanged
05-25 12:31:30.025  5170  5280 I HoneySpace.TopTaskUseCase: topTasks 19846 ComponentInfo{com.forgeapps.tickday/com.forgeapps.tickday.AlarmActivity}[displayId=0]
05-25 12:31:30.025 21054 21054 D ActivityThread: com.forgeapps.tickday will use render engine as VK
05-25 12:31:30.026  2269  2376 I VSyncReactor: Current= 120, Period= 120, Distance= 120
05-25 12:31:30.026  2727  4334 D AS.MultiSoundManager: mForegroundUid = 10716
05-25 12:31:30.026  2727  4814 W ParceledListSlice: Element #11 is 19224 bytes.
05-25 12:31:30.026  2269  4027 D NativeSemDvfsManager: acquire:: timeout = 2000 mIsAcquired = 1  mTagName : SurfaceFlinger 
05-25 12:31:30.026  2135  2263 I HYPER-HAL: [RequestManager.cpp]acquire(): Acquired ID : 5345815  [2269 / 1000]    HINT : SF_GPU_MINLOCK    list : [TIMEOUT / 2000] 
05-25 12:31:30.026  4602  4779 E perf_hint: Session ID too large, must fit 32-bit integer
05-25 12:31:30.027  4602  4602 I {OngoingActivityController}: onTaskFocusChanged but OA data is empty
05-25 12:31:30.027  2269  4027 E NativeCustomFrequencyManager: [NativeCFMS] BpCustomFrequencyManager::acquire()
05-25 12:31:30.027  4602  4715 I VRI[tickday]@1db3300: onActiveControlsChanged, removed=false, mAdded=true, caller=android.view.ViewRootImpl.handleInsetsControlChanged:3002 android.view.ViewRootImpl.setView:2014 android.view.WindowManagerGlobal.addView:604 com.android.wm.shell.startingsurface.SplashscreenWindowCreator.addWindow:38 com.android.wm.shell.startingsurface.StartingWindowController$$ExternalSyntheticLambda4.run:1365 
05-25 12:31:30.027  4602  4715 I VRI[tickday]@1db3300: synced displayState. AttachInfo displayState=2
05-25 12:31:30.027  5170  5278 I HoneySpace.TopTaskSource: onTaskFocusChanged(): taskId = 19846
05-25 12:31:30.027  4602  4715 I VRI[tickday]@1db3300: setView = android.widget.FrameLayout@6407f2c IsHRR=false mFlingFrameRateChange=0 TM=true
05-25 12:31:30.027  4602  4783 D HWUI    : HWUI - treat SMPTE_170M as sRGB
05-25 12:31:30.027  2154 11894 I DMABUFHEAPS: Using DMA-BUF heap named: qcom,system
05-25 12:31:30.028  2269  2269 I SurfaceFlinger: SFWD update time=924813966760124
05-25 12:31:30.028 21054 21054 I TickDayAlarm: [TickDayAlarm][12:31:30.028][Activity][enter] onCreate
05-25 12:31:30.028  2727  7709 I WindowManager: Relayout Window{cbe1e2f u0 Splash Screen com.forgeapps.tickday}: viewVisibility=0 req=1080x2340 ty=3 d0
05-25 12:31:30.028  2269  2376 I SurfaceFlinger: id=232782 createSurf, flag=44004, Splash Screen com.forgeapps.tickday$_4602#232782
05-25 12:31:30.028  2727  7709 D WindowManager: makeSurface duration=0 name=Splash Screen com.forgeapps.tickday$_4602
05-25 12:31:30.029  2727  7709 D SurfaceComposerClient: setCornerRadius ## cbe1e2f Splash Screen com.forgeapps.tickday#232781 cornerRadius=0.000000
05-25 12:31:30.029  2727  7709 D SurfaceComposerClient: setCornerRadius ## cbe1e2f Splash Screen com.forgeapps.tickday#232781 cornerRadius=0.000000
05-25 12:31:30.029  2727  7709 D BLASTSyncEngine: SyncGroup 17208:  Unfinished container: ActivityRecord{52979960 u0 com.forgeapps.tickday/.AlarmActivity t19846} mSyncState=2
05-25 12:31:30.029  2154 11889 D AidlBufferPool: bufferpool2 0xb400007d85a6e3e8 : 17(21444480 size) total buffers - 13(13735680 size) used buffers - 108863/109687 (recycle/alloc) - 0/0 (fetch/transfer)
05-25 12:31:30.029  2154 11894 I DMABUFHEAPS: Using DMA-BUF heap named: qcom,system
05-25 12:31:30.029  2154 11894 I DMABUFHEAPS: Using DMA-BUF heap named: qcom,system
05-25 12:31:30.029  2154 11894 I DMABUFHEAPS: Using DMA-BUF heap named: qcom,system
05-25 12:31:30.029  2727  7709 I WindowManager: Relayout hash=cbe1e2f, pid=4602, syncId=-1: mAttrs={(0,0)(fillxfill) sim={adjust=pan} layoutInDisplayCutoutMode=always ty=APPLICATION_STARTING fmt=TRANSLUCENT wanim=0x1030317
05-25 12:31:30.029  2727  7709 I WindowManager:   fl=81030118
05-25 12:31:30.029  2727  7709 I WindowManager:   pfl=10000810
05-25 12:31:30.029  2727  7709 I WindowManager:   bhv=1
05-25 12:31:30.029  2727  7709 I WindowManager:   fitSides=0
05-25 12:31:30.029  2727  7709 I WindowManager:   frameRateBoostOnTouch=true
05-25 12:31:30.029  2727  7709 I WindowManager:   dvrrWindowFrameRateHint=true naviIconColor=0}
05-25 12:31:30.029 21054 21054 I TickDayAlarm: [TickDayAlarm][12:31:30.029][Activity][step] window flags set: SHOW_WHEN_LOCKED|TURN_SCREEN_ON|KEEP_SCREEN_ON
05-25 12:31:30.030  2727  5977 D PowerManagerService: [api] acquire WakeLock SCREEN_BRIGHT_WAKE_LOCK           'tickday:alarm_activity' ACQUIRE_CAUSES_WAKEUP (uid=10716 pid=21054 displayId=0 lock=6e836e6)
05-25 12:31:30.030  4602  4715 I InsetsController: onStateChanged: host=Splash Screen com.forgeapps.tickday, from=android.view.ViewRootImpl.onInsetsStateChanged:3026, state=InsetsState: {mDisplayFrame=Rect(0, 0 - 1080, 2340), mDisplayCutout=DisplayCutout{insets=Rect(0, 85 - 0, 0) waterfall=Insets{left=0, top=0, right=0, bottom=0} boundingRect={Bounds=[Rect(0, 0 - 0, 0), Rect(514, 0 - 566, 85), Rect(0, 0 - 0, 0), Rect(0, 0 - 0, 0)]} cutoutPathParserInfo={CutoutPathParserInfo{displayWidth=1080 displayHeight=2340 physicalDisplayWidth=1080 physicalDisplayHeight=2340 density={2.8125} cutoutSpec={M 0,0 H -9.333333333333333 V 30.13333333333333 H 9.333333333333333 V 0 H 0 Z @dp} rotation={0} scale={1.0} physicalPixelDisplaySizeRatio={1.0}}} sideOverrides={}}, mRoundedCorners=RoundedCorners{[RoundedCorner{position=TopLeft, radius=45, center=Point(45, 45)}, RoundedCorner{position=TopRight, radius=45, center=Point(1035, 45)}, RoundedCorner{position=BottomRight, radius=45, center=Point(1035, 2295)}, RoundedCorner{position=BottomLeft, radius=45, center=Point(45, 2295)}]}  mRoundedCornerFrame=Rect(0, 0 - 1080, 2340), mPrivacyIndicatorBounds=PrivacyIndicatorBounds {static bounds=Rect(948, 0 - 1080, 85) rotation=0}, mDisplayShape=DisplayShape{ spec=-311912193 displayWidth=1080 displayHeight=2340 physicalPixelDisplaySizeRatio=0.75 rotation=0 offsetX=0 offsetY=0 scale=1.0}, mSources= { InsetsSource: {8aaf0001 mType=navigationBars mFrame=[0,2196][1080,2340] mVisible=true mFlags= mSideHint=BOTTOM mBoundingRects=null}, InsetsSource: {8aaf0004 mType=systemGestures mFrame=[0,0][0,0] mVisible=true mFlags= mSideHint=NONE mBoundingRects=null}, InsetsSource: {8aaf0005 mType=mandatorySystemGestures mFrame=[0,2196][1080,2340] mVisible=true mFlags= mSideHint=BOTTOM mBoundingRects=null}, InsetsSource: {8aaf0006 mType=tappableElement mFrame=[0,2196][1080,2340] mVisible=true mFlags= mSideHint=BOTTOM mBoundingRects=null}, InsetsSource: {8aaf0024 mType=systemGestures mFrame=[0,0][0,0] mVisible=true mFlags= mSideHint=NONE mBoundingRects=null}, InsetsSource: {c40a0000 mType=statusBars mFrame=[0,0][1080,85] mVisible=true mFlags= mSideHint=TOP mBoundingRects=null}, InsetsSource: {c40a0005 mType=mandatorySystemGestures mFrame=[0,0][1080,121] mVisible=true mFlags= mSideHint=TOP mBoundingRects=null}, InsetsSource: {c40a0006 mType=tappableElement mFrame=[0,0][1080,85] mVisible=true mFlags= mSideHint=TOP mBoundingRects=null}, InsetsSource: {3 mType=ime mFrame=[0,0][0,0] mVisible=false mFlags= mSideHint=NONE mBoundingRects=null}, InsetsSource: {27 mType=displayCutout mFrame=[0,0][1080,85] mVisible=true mFlags= mSideHint=TOP mBoundingRects=null} }
05-25 12:31:30.030  2727  5977 D PowerManagerService: isWakeUpPreventionNeededForEdgeLightingLocked - interactive
05-25 12:31:30.030  4602  4715 I VRI[tickday]@1db3300: onActiveControlsChanged, removed=false, mAdded=true, caller=android.view.ViewRootImpl.handleInsetsControlChanged:3002 android.view.ViewRootImpl.relayoutWindow:11629 android.view.ViewRootImpl.performTraversals:4804 android.view.ViewRootImpl.doTraversal:3924 android.view.ViewRootImpl$TraversalRunnable.run:12903 
05-25 12:31:30.030  2727  5977 I PowerManagerService: Allowing device wake-up without android.permission.TURN_SCREEN_ON for com.forgeapps.tickday
05-25 12:31:30.030  4602  4715 I BufferQueueProducer: [](id:11fa00001a99,api:0,p:1235641968,c:4602) setDequeueTimeout:2077252342
05-25 12:31:30.030 21054 21054 I TickDayAlarm: [TickDayAlarm][12:31:30.030][Activity][step] wakeLock acquired
05-25 12:31:30.030  4602  4715 I BLASTBufferQueue_Java: new BLASTBufferQueue, mName= VRI[tickday]@1db3300 mNativeObject= 0xb4000072a9e89180 caller= android.view.ViewRootImpl.updateBlastSurfaceIfNeeded:3585 android.view.ViewRootImpl.relayoutWindow:11685 android.view.ViewRootImpl.performTraversals:4804 android.view.ViewRootImpl.doTraversal:3924 android.view.ViewRootImpl$TraversalRunnable.run:12903 android.view.Choreographer$CallbackRecord.run:1901 android.view.Choreographer$CallbackRecord.run:1910 android.view.Choreographer.doCallbacks:1367 android.view.Choreographer.doFrame:1292 android.view.Choreographer$FrameDisplayEventReceiver.run:1870 
05-25 12:31:30.030  4602  4715 I BLASTBufferQueue_Java: update, w= 1080 h= 2340 mName = VRI[tickday]@1db3300 mNativeObject= 0xb4000072a9e89180 sc.mNativeObject= 0xb4000071e99f1c50 format= -3 caller= android.view.ViewRootImpl.updateBlastSurfaceIfNeeded:3590 android.view.ViewRootImpl.relayoutWindow:11685 android.view.ViewRootImpl.performTraversals:4804 android.view.ViewRootImpl.doTraversal:3924 android.view.ViewRootImpl$TraversalRunnable.run:12903 android.view.Choreographer$CallbackRecord.run:1901 
05-25 12:31:30.030  4602  4715 I VRI[tickday]@1db3300: Relayout returned: old=(0,0,1080,2340) new=(0,0,1080,2340) relayoutAsync=false req=(1080,2340)0 dur=2 res=0x3 s={true 0xb40000720a5fbf30} ch=true seqId=0
05-25 12:31:30.030 11831 13169 D PipelineWatcher: onInputBufferReleased: frameIndex not found (54838); ignored
05-25 12:31:30.030  4602  4715 I VRI[tickday]@1db3300: performConfigurationChange setNightDimText nightDimLevel=0
05-25 12:31:30.030 21054 21054 E rgeapps.tickday: Invalid resource ID 0x00000000.
05-25 12:31:30.031  4602  4715 D VRI[tickday]@1db3300: mThreadedRenderer.initialize() mSurface={isValid=true 0xb40000720a5fbf30} hwInitialized=true
05-25 12:31:30.031  4602  4715 D VRI[tickday]@1db3300: reportNextDraw android.view.ViewRootImpl.performTraversals:5443 android.view.ViewRootImpl.doTraversal:3924 android.view.ViewRootImpl$TraversalRunnable.run:12903 android.view.Choreographer$CallbackRecord.run:1901 android.view.Choreographer$CallbackRecord.run:1910 
05-25 12:31:30.031  4602  4715 D VRI[tickday]@1db3300: Setup new sync=wmsSync-VRI[tickday]@1db3300#28
05-25 12:31:30.031  4602  4715 I VRI[tickday]@1db3300: Creating new active sync group VRI[tickday]@1db3300#29
05-25 12:31:30.031  4602  4715 D VRI[tickday]@1db3300: registerCallbacksForSync syncBuffer=false
05-25 12:31:30.031  4602  4780 D VRI[tickday]@1db3300: Received frameDrawingCallback syncResult=0 frameNum=1.
05-25 12:31:30.031  4602  4780 I VRI[tickday]@1db3300: mWNT: t=0xb400007259bb7fd0 mBlastBufferQueue=0xb4000072a9e89180 fn= 1 HdrRenderState mRenderHdrSdrRatio=1.0 caller= android.view.ViewRootImpl$12.onFrameDraw:15441 android.view.ThreadedRenderer$1.onFrameDraw:718 <bottom of call stack> 
05-25 12:31:30.031  4602  4780 I VRI[tickday]@1db3300: Setting up sync and frameCommitCallback
05-25 12:31:30.032 21054 21054 I DecorView: setWindowBackground: isPopOver=false color=ff000000 d=android.graphics.drawable.ColorDrawable@697af69
05-25 12:31:30.032  4602  4783 I BLASTBufferQueue: [VRI[tickday]@1db3300#6809](f:0,a:0,s:0) onFrameAvailable the first frame is available
05-25 12:31:30.032  4602  4783 I SurfaceComposerClient: apply transaction with the first frame. layerId: 232782, bufferData(ID: 19765439718414, frameNumber: 1)
05-25 12:31:30.033  4602  4783 I VRI[tickday]@1db3300: Received frameCommittedCallback lastAttemptedDrawFrameNum=1 didProduceBuffer=true
05-25 12:31:30.033  2269  3143 I SurfaceFlinger: [Splash Screen com.forgeapps.tickday$_4602#232782] setTransactionState with the first frame. bufferData(ID: 19765439718414, frameNumber: 1)
05-25 12:31:30.033  2727  3228 V Configuration: Updating configuration, locales updated from [] to [ko_KR]
05-25 12:31:30.033 21054 21054 I TickDayAlarm: [TickDayAlarm][12:31:30.033][Activity][state] intent.scheduleId=999889
05-25 12:31:30.033 21054 21054 I TickDayAlarm: [TickDayAlarm][12:31:30.033][Activity][state] intent.title=풀스크린 알림 테스트
05-25 12:31:30.033 21054 21054 I TickDayAlarm: [TickDayAlarm][12:31:30.033][Activity][state] intent.body=TickDay 풀스크린 알림이 작동하는지 확인합니다.
05-25 12:31:30.033 21054 21054 I TickDayAlarm: [TickDayAlarm][12:31:30.033][Activity][state] intent.memo=null
05-25 12:31:30.033  2727  7709 W ParceledListSlice: Element #11 is 19224 bytes.
05-25 12:31:30.033 21054 21054 I TickDayAlarm: [TickDayAlarm][12:31:30.033][Activity][state] strongAlarmMode=true
05-25 12:31:30.033 21054 21054 D RingtoneManager: getActualDefaultRingtoneUri  type    :4
05-25 12:31:30.033 21054 21054 I RingtoneManager: Ringtone value : content://0@media/internal/audio/media/149?title=Morning%20Xylophone&canonical=1
05-25 12:31:30.033 21054 21054 D Ringtone: highlight offset is : null
05-25 12:31:30.033  4602  4783 D HWUI    : CFMS:: SetUp Pid : 4602    Tid : 4783
05-25 12:31:30.033 21054 21054 V MediaPlayer-JNI: native_setup
05-25 12:31:30.033  4602  4715 D VRI[tickday]@1db3300: reportDrawFinished seqId=0
05-25 12:31:30.033 21054 21054 V MediaPlayerNative: constructor
05-25 12:31:30.034  2727  4713 D WindowManager: finishDrawingWindow: Window{cbe1e2f u0 Splash Screen com.forgeapps.tickday} mDrawState=DRAW_PENDING seqId=0
05-25 12:31:30.034  2727  4713 V WindowManager: Finishing drawing window Window{cbe1e2f u0 Splash Screen com.forgeapps.tickday}: mDrawState=DRAW_PENDING
05-25 12:31:30.034 21054 21054 V MediaPlayerNative: setListener
05-25 12:31:30.034 21054 21054 V MediaPlayer-JNI: get_session_id()
05-25 12:31:30.034  2727  4713 V WindowManager: Draw state now committed in Window{cbe1e2f u0 Splash Screen com.forgeapps.tickday}
05-25 12:31:30.034  2269  2269 I SurfaceFlinger: [LayerHierarchy{RequestedLayerState{ImeContainer#15 parentId=232713 relativeParentId=232713 z=1} 1 children}] RelativeParent to null
05-25 12:31:30.034  2269  2269 I SurfaceFlinger: [Splash Screen com.forgeapps.tickday$_4602#232782] attach to parent LayerHierarchy{RequestedLayerState{cbe1e2f Splash Screen com.forgeapps.tickday#232781 parentId=232780} 1 children}
05-25 12:31:30.034  2727  3228 V Configuration: Updating configuration, locales updated from [] to [ko_KR]
05-25 12:31:30.034 21054 21054 D RingtoneManager: getActualDefaultRingtoneUri  type    :4
05-25 12:31:30.034 21054 21054 I RingtoneManager: Ringtone value : content://0@media/internal/audio/media/149?title=Morning%20Xylophone&canonical=1
05-25 12:31:30.035  2727  3229 D SurfaceComposerClient: setCornerRadius ## cbe1e2f Splash Screen com.forgeapps.tickday#232781 cornerRadius=0.000000
05-25 12:31:30.035  2727  3228 D EnterpriseDeviceManagerService: isMdmAdminPresentInternal() : MDM Admin Found - com.samsung.knox.securefolder
